15:12:16 **** Incremental Build of configuration Debug for project LED_Controller_Host ****
make all 
Building file: ../src/DeviceManager.cpp
Invoking: GCC C++ Compiler
g++ -std=c++1y -I/usr/include/libusb-1.0/ -I"/home/andre/eclipse/LEDcontroller/_Common/Any/inc" -O0 -g3 -c -fmessage-length=0 -fpermissive -pthread -MMD -MP -MF"src/DeviceManager.d" -MT"src/DeviceManager.o" -o "src/DeviceManager.o" "../src/DeviceManager.cpp"
Finished building: ../src/DeviceManager.cpp
 
Building file: ../src/ITPHController.cpp
Invoking: GCC C++ Compiler
g++ -std=c++1y -I/usr/include/libusb-1.0/ -I"/home/andre/eclipse/LEDcontroller/_Common/Any/inc" -O0 -g3 -c -fmessage-length=0 -fpermissive -pthread -MMD -MP -MF"src/ITPHController.d" -MT"src/ITPHController.o" -o "src/ITPHController.o" "../src/ITPHController.cpp"
Finished building: ../src/ITPHController.cpp
 
Building file: ../src/LedController.cpp
Invoking: GCC C++ Compiler
g++ -std=c++1y -I/usr/include/libusb-1.0/ -I"/home/andre/eclipse/LEDcontroller/_Common/Any/inc" -O0 -g3 -c -fmessage-length=0 -fpermissive -pthread -MMD -MP -MF"src/LedController.d" -MT"src/LedController.o" -o "src/LedController.o" "../src/LedController.cpp"
Finished building: ../src/LedController.cpp
 
Building file: ../src/OpenPixelControl.cpp
Invoking: GCC C++ Compiler
g++ -std=c++1y -I/usr/include/libusb-1.0/ -I"/home/andre/eclipse/LEDcontroller/_Common/Any/inc" -O0 -g3 -c -fmessage-length=0 -fpermissive -pthread -MMD -MP -MF"src/OpenPixelControl.d" -MT"src/OpenPixelControl.o" -o "src/OpenPixelControl.o" "../src/OpenPixelControl.cpp"
Finished building: ../src/OpenPixelControl.cpp
 
Building file: ../src/main.cpp
Invoking: GCC C++ Compiler
g++ -std=c++1y -I/usr/include/libusb-1.0/ -I"/home/andre/eclipse/LEDcontroller/_Common/Any/inc" -O0 -g3 -c -fmessage-length=0 -fpermissive -pthread -MMD -MP -MF"src/main.d" -MT"src/main.o" -o "src/main.o" "../src/main.cpp"
Finished building: ../src/main.cpp
 
Building target: LED_Controller_Host
Invoking: GCC C++ Linker
g++  -o "LED_Controller_Host"  ./src/DeviceManager.o ./src/ITPHController.o ./src/LedController.o ./src/OpenPixelControl.o ./src/main.o   -lusb-1.0 -lpthread
Finished building target: LED_Controller_Host
 
15:12:27 **** Incremental Build of configuration Debug for project LED_Controller_Host ****
make all 
Building file: ../src/ITPHController.cpp
Invoking: GCC C++ Compiler
g++ -std=c++1y -I/usr/include/libusb-1.0/ -I"/home/andre/eclipse/LEDcontroller/_Common/Any/inc" -O0 -g3 -c -fmessage-length=0 -fpermissive -pthread -MMD -MP -MF"src/ITPHController.d" -MT"src/ITPHController.o" -o "src/ITPHController.o" "../src/ITPHController.cpp"
Finished building: ../src/ITPHController.cpp
 
Building target: LED_Controller_Host
Invoking: GCC C++ Linker
g++  -o "LED_Controller_Host"  ./src/DeviceManager.o ./src/ITPHController.o ./src/LedController.o ./src/OpenPixelControl.o ./src/main.o   -lusb-1.0 -lpthread
Finished building target: LED_Controller_Host
 
15:13:19 **** Incremental Build of configuration Debug for project LED_Controller_Host ****
make all 
Building file: ../src/ITPHController.cpp
Invoking: GCC C++ Compiler
g++ -std=c++1y -I/usr/include/libusb-1.0/ -I"/home/andre/eclipse/LEDcontroller/_Common/Any/inc" -O0 -g3 -c -fmessage-length=0 -fpermissive -pthread -MMD -MP -MF"src/ITPHController.d" -MT"src/ITPHController.o" -o "src/ITPHController.o" "../src/ITPHController.cpp"
Finished building: ../src/ITPHController.cpp
 
Building target: LED_Controller_Host
Invoking: GCC C++ Linker
g++  -o "LED_Controller_Host"  ./src/DeviceManager.o ./src/ITPHController.o ./src/LedController.o ./src/OpenPixelControl.o ./src/main.o   -lusb-1.0 -lpthread
Finished building target: LED_Controller_Host
 
15:16:50 **** Build of configuration Debug for project LED_Controller_STM ****
make all 
Building file: /home/andre/eclipse/LEDcontroller/_SDK/STM32Cube_FW_F1_V1.4.0/Drivers/CMSIS/Device/ST/STM32F1xx/Source/Templates/gcc/startup_stm32f103xb.S
Invoking: Cross ARM GNU Assembler
arm-none-eabi-gcc -mcpu=cortex-m3 -mthumb -O0 -fmessage-length=0 -fsigned-char -ffunction-sections -fdata-sections  -g3 -x assembler-with-cpp -DSTM32F103xB -I"/home/andre/eclipse/LEDcontroller/_SDK/STM32Cube_FW_F1_V1.4.0/Drivers/CMSIS/Device/ST/STM32F1xx/Include" -I"/home/andre/eclipse/LEDcontroller/_SDK/STM32Cube_FW_F1_V1.4.0/Drivers/CMSIS/Include" -I"/home/andre/eclipse/LEDcontroller/_SDK/STM32Cube_FW_F1_V1.4.0/Drivers/STM32F1xx_HAL_Driver/Inc" -I"/home/andre/eclipse/LEDcontroller/_SDK/STM32Cube_FW_F1_V1.4.0/Drivers/STM32F1xx_HAL_Driver/Inc/Legacy" -I"/home/andre/eclipse/LEDcontroller/_SDK/STM32Cube_FW_F1_V1.4.0/Middlewares/ST/STM32_USB_Device_Library/Core/Inc" -I"/home/andre/eclipse/LEDcontroller/LED_Controller_STM/USB_Class_LED/Inc" -I"/home/andre/eclipse/LEDcontroller/LED_Controller_STM/inc" -I"/home/andre/eclipse/LEDcontroller/LED_Controller_STM/cfg" -I"/home/andre/eclipse/LEDcontroller/_Common/STM32/inc" -I"/home/andre/eclipse/LEDcontroller/_Common/Any/inc" -I"/home/andre/eclipse/LEDcontroller/_Common/GenericARM" -MMD -MP -MF"system/startup_stm32f103xb.d" -MT"system/startup_stm32f103xb.o" -c -o "system/startup_stm32f103xb.o" "/home/andre/eclipse/LEDcontroller/_SDK/STM32Cube_FW_F1_V1.4.0/Drivers/CMSIS/Device/ST/STM32F1xx/Source/Templates/gcc/startup_stm32f103xb.S"
Finished building: /home/andre/eclipse/LEDcontroller/_SDK/STM32Cube_FW_F1_V1.4.0/Drivers/CMSIS/Device/ST/STM32F1xx/Source/Templates/gcc/startup_stm32f103xb.S
 
Building file: /home/andre/eclipse/LEDcontroller/_SDK/STM32Cube_FW_F1_V1.4.0/Drivers/CMSIS/Device/ST/STM32F1xx/Source/Templates/system_stm32f1xx.c
Invoking: Cross ARM C Compiler
arm-none-eabi-gcc -mcpu=cortex-m3 -mthumb -O0 -fmessage-length=0 -fsigned-char -ffunction-sections -fdata-sections  -g3 -DSTM32F103xB -I"/home/andre/eclipse/LEDcontroller/_SDK/STM32Cube_FW_F1_V1.4.0/Drivers/CMSIS/Device/ST/STM32F1xx/Include" -I"/home/andre/eclipse/LEDcontroller/_SDK/STM32Cube_FW_F1_V1.4.0/Drivers/CMSIS/Include" -I"/home/andre/eclipse/LEDcontroller/_SDK/STM32Cube_FW_F1_V1.4.0/Drivers/STM32F1xx_HAL_Driver/Inc" -I"/home/andre/eclipse/LEDcontroller/_SDK/STM32Cube_FW_F1_V1.4.0/Drivers/STM32F1xx_HAL_Driver/Inc/Legacy" -I"/home/andre/eclipse/LEDcontroller/_SDK/STM32Cube_FW_F1_V1.4.0/Middlewares/ST/STM32_USB_Device_Library/Core/Inc" -I"/home/andre/eclipse/LEDcontroller/LED_Controller_STM/USB_Class_LED/Inc" -I"/home/andre/eclipse/LEDcontroller/LED_Controller_STM/inc" -I"/home/andre/eclipse/LEDcontroller/LED_Controller_STM/cfg" -I"/home/andre/eclipse/LEDcontroller/_Common/STM32/inc" -I"/home/andre/eclipse/LEDcontroller/_Common/Any/inc" -I"/home/andre/eclipse/LEDcontroller/_Common/GenericARM" -std=gnu11 -MMD -MP -MF"system/system_stm32f1xx.d" -MT"system/system_stm32f1xx.o" -c -o "system/system_stm32f1xx.o" "/home/andre/eclipse/LEDcontroller/_SDK/STM32Cube_FW_F1_V1.4.0/Drivers/CMSIS/Device/ST/STM32F1xx/Source/Templates/system_stm32f1xx.c"
Finished building: /home/andre/eclipse/LEDcontroller/_SDK/STM32Cube_FW_F1_V1.4.0/Drivers/CMSIS/Device/ST/STM32F1xx/Source/Templates/system_stm32f1xx.c
 
Building file: ../src/main.c
Invoking: Cross ARM C Compiler
arm-none-eabi-gcc -mcpu=cortex-m3 -mthumb -O0 -fmessage-length=0 -fsigned-char -ffunction-sections -fdata-sections  -g3 -DSTM32F103xB -I"/home/andre/eclipse/LEDcontroller/_SDK/STM32Cube_FW_F1_V1.4.0/Drivers/CMSIS/Device/ST/STM32F1xx/Include" -I"/home/andre/eclipse/LEDcontroller/_SDK/STM32Cube_FW_F1_V1.4.0/Drivers/CMSIS/Include" -I"/home/andre/eclipse/LEDcontroller/_SDK/STM32Cube_FW_F1_V1.4.0/Drivers/STM32F1xx_HAL_Driver/Inc" -I"/home/andre/eclipse/LEDcontroller/_SDK/STM32Cube_FW_F1_V1.4.0/Drivers/STM32F1xx_HAL_Driver/Inc/Legacy" -I"/home/andre/eclipse/LEDcontroller/_SDK/STM32Cube_FW_F1_V1.4.0/Middlewares/ST/STM32_USB_Device_Library/Core/Inc" -I"/home/andre/eclipse/LEDcontroller/LED_Controller_STM/USB_Class_LED/Inc" -I"/home/andre/eclipse/LEDcontroller/LED_Controller_STM/inc" -I"/home/andre/eclipse/LEDcontroller/LED_Controller_STM/cfg" -I"/home/andre/eclipse/LEDcontroller/_Common/STM32/inc" -I"/home/andre/eclipse/LEDcontroller/_Common/Any/inc" -I"/home/andre/eclipse/LEDcontroller/_Common/GenericARM" -std=gnu11 -MMD -MP -MF"src/main.d" -MT"src/main.o" -c -o "src/main.o" "../src/main.c"
Finished building: ../src/main.c
 
Building file: ../src/pwmdma.c
Invoking: Cross ARM C Compiler
arm-none-eabi-gcc -mcpu=cortex-m3 -mthumb -O0 -fmessage-length=0 -fsigned-char -ffunction-sections -fdata-sections  -g3 -DSTM32F103xB -I"/home/andre/eclipse/LEDcontroller/_SDK/STM32Cube_FW_F1_V1.4.0/Drivers/CMSIS/Device/ST/STM32F1xx/Include" -I"/home/andre/eclipse/LEDcontroller/_SDK/STM32Cube_FW_F1_V1.4.0/Drivers/CMSIS/Include" -I"/home/andre/eclipse/LEDcontroller/_SDK/STM32Cube_FW_F1_V1.4.0/Drivers/STM32F1xx_HAL_Driver/Inc" -I"/home/andre/eclipse/LEDcontroller/_SDK/STM32Cube_FW_F1_V1.4.0/Drivers/STM32F1xx_HAL_Driver/Inc/Legacy" -I"/home/andre/eclipse/LEDcontroller/_SDK/STM32Cube_FW_F1_V1.4.0/Middlewares/ST/STM32_USB_Device_Library/Core/Inc" -I"/home/andre/eclipse/LEDcontroller/LED_Controller_STM/USB_Class_LED/Inc" -I"/home/andre/eclipse/LEDcontroller/LED_Controller_STM/inc" -I"/home/andre/eclipse/LEDcontroller/LED_Controller_STM/cfg" -I"/home/andre/eclipse/LEDcontroller/_Common/STM32/inc" -I"/home/andre/eclipse/LEDcontroller/_Common/Any/inc" -I"/home/andre/eclipse/LEDcontroller/_Common/GenericARM" -std=gnu11 -MMD -MP -MF"src/pwmdma.d" -MT"src/pwmdma.o" -c -o "src/pwmdma.o" "../src/pwmdma.c"
../src/pwmdma.c: In function 'pwm_init':
../src/pwmdma.c:225:2: warning: implicit declaration of function 'memset' [-Wimplicit-function-declaration]
  memset(data_c0, 2, sizeof(data_c0));
  ^~~~~~
../src/pwmdma.c:225:2: warning: incompatible implicit declaration of built-in function 'memset'
../src/pwmdma.c:225:2: note: include '<string.h>' or provide a declaration of 'memset'
Finished building: ../src/pwmdma.c
 
Building file: ../src/stm32f1xx_it.c
Invoking: Cross ARM C Compiler
arm-none-eabi-gcc -mcpu=cortex-m3 -mthumb -O0 -fmessage-length=0 -fsigned-char -ffunction-sections -fdata-sections  -g3 -DSTM32F103xB -I"/home/andre/eclipse/LEDcontroller/_SDK/STM32Cube_FW_F1_V1.4.0/Drivers/CMSIS/Device/ST/STM32F1xx/Include" -I"/home/andre/eclipse/LEDcontroller/_SDK/STM32Cube_FW_F1_V1.4.0/Drivers/CMSIS/Include" -I"/home/andre/eclipse/LEDcontroller/_SDK/STM32Cube_FW_F1_V1.4.0/Drivers/STM32F1xx_HAL_Driver/Inc" -I"/home/andre/eclipse/LEDcontroller/_SDK/STM32Cube_FW_F1_V1.4.0/Drivers/STM32F1xx_HAL_Driver/Inc/Legacy" -I"/home/andre/eclipse/LEDcontroller/_SDK/STM32Cube_FW_F1_V1.4.0/Middlewares/ST/STM32_USB_Device_Library/Core/Inc" -I"/home/andre/eclipse/LEDcontroller/LED_Controller_STM/USB_Class_LED/Inc" -I"/home/andre/eclipse/LEDcontroller/LED_Controller_STM/inc" -I"/home/andre/eclipse/LEDcontroller/LED_Controller_STM/cfg" -I"/home/andre/eclipse/LEDcontroller/_Common/STM32/inc" -I"/home/andre/eclipse/LEDcontroller/_Common/Any/inc" -I"/home/andre/eclipse/LEDcontroller/_Common/GenericARM" -std=gnu11 -MMD -MP -MF"src/stm32f1xx_it.d" -MT"src/stm32f1xx_it.o" -c -o "src/stm32f1xx_it.o" "../src/stm32f1xx_it.c"
Finished building: ../src/stm32f1xx_it.c
 
Building file: ../src/usb_led.c
Invoking: Cross ARM C Compiler
arm-none-eabi-gcc -mcpu=cortex-m3 -mthumb -O0 -fmessage-length=0 -fsigned-char -ffunction-sections -fdata-sections  -g3 -DSTM32F103xB -I"/home/andre/eclipse/LEDcontroller/_SDK/STM32Cube_FW_F1_V1.4.0/Drivers/CMSIS/Device/ST/STM32F1xx/Include" -I"/home/andre/eclipse/LEDcontroller/_SDK/STM32Cube_FW_F1_V1.4.0/Drivers/CMSIS/Include" -I"/home/andre/eclipse/LEDcontroller/_SDK/STM32Cube_FW_F1_V1.4.0/Drivers/STM32F1xx_HAL_Driver/Inc" -I"/home/andre/eclipse/LEDcontroller/_SDK/STM32Cube_FW_F1_V1.4.0/Drivers/STM32F1xx_HAL_Driver/Inc/Legacy" -I"/home/andre/eclipse/LEDcontroller/_SDK/STM32Cube_FW_F1_V1.4.0/Middlewares/ST/STM32_USB_Device_Library/Core/Inc" -I"/home/andre/eclipse/LEDcontroller/LED_Controller_STM/USB_Class_LED/Inc" -I"/home/andre/eclipse/LEDcontroller/LED_Controller_STM/inc" -I"/home/andre/eclipse/LEDcontroller/LED_Controller_STM/cfg" -I"/home/andre/eclipse/LEDcontroller/_Common/STM32/inc" -I"/home/andre/eclipse/LEDcontroller/_Common/Any/inc" -I"/home/andre/eclipse/LEDcontroller/_Common/GenericARM" -std=gnu11 -MMD -MP -MF"src/usb_led.d" -MT"src/usb_led.o" -c -o "src/usb_led.o" "../src/usb_led.c"
../src/usb_led.c: In function 'LED_Itf_Receive':
../src/usb_led.c:149:3: warning: implicit declaration of function 'USBD_LED_SetTxBuffer'; did you mean 'USBD_LL_SetSpeed'? [-Wimplicit-function-declaration]
   USBD_LED_SetTxBuffer(&USBD_Device, r, sizeof(devinfo_response_t));
   ^~~~~~~~~~~~~~~~~~~~
   USBD_LL_SetSpeed
../src/usb_led.c:150:3: warning: implicit declaration of function 'USBD_LED_TransmitPacket'; did you mean 'USBD_LL_Transmit'? [-Wimplicit-function-declaration]
   USBD_LED_TransmitPacket(&USBD_Device);
   ^~~~~~~~~~~~~~~~~~~~~~~
   USBD_LL_Transmit
../src/usb_led.c:220:9: warning: implicit declaration of function 'is_busy2' [-Wimplicit-function-declaration]
    if (!is_busy2(DMA1_Channel2))
         ^~~~~~~~
../src/usb_led.c:245:20: warning: implicit declaration of function 'is_busy' [-Wimplicit-function-declaration]
   data_usb_tx[1] = is_busy();
                    ^~~~~~~
../src/usb_led.c:325:6: warning: implicit declaration of function 'pwm_set_xchannels' [-Wimplicit-function-declaration]
      pwm_set_xchannels(TIM2, first_channel, nr_channels);
      ^~~~~~~~~~~~~~~~~
Finished building: ../src/usb_led.c
 
Building file: ../src/usbd_conf.c
Invoking: Cross ARM C Compiler
arm-none-eabi-gcc -mcpu=cortex-m3 -mthumb -O0 -fmessage-length=0 -fsigned-char -ffunction-sections -fdata-sections  -g3 -DSTM32F103xB -I"/home/andre/eclipse/LEDcontroller/_SDK/STM32Cube_FW_F1_V1.4.0/Drivers/CMSIS/Device/ST/STM32F1xx/Include" -I"/home/andre/eclipse/LEDcontroller/_SDK/STM32Cube_FW_F1_V1.4.0/Drivers/CMSIS/Include" -I"/home/andre/eclipse/LEDcontroller/_SDK/STM32Cube_FW_F1_V1.4.0/Drivers/STM32F1xx_HAL_Driver/Inc" -I"/home/andre/eclipse/LEDcontroller/_SDK/STM32Cube_FW_F1_V1.4.0/Drivers/STM32F1xx_HAL_Driver/Inc/Legacy" -I"/home/andre/eclipse/LEDcontroller/_SDK/STM32Cube_FW_F1_V1.4.0/Middlewares/ST/STM32_USB_Device_Library/Core/Inc" -I"/home/andre/eclipse/LEDcontroller/LED_Controller_STM/USB_Class_LED/Inc" -I"/home/andre/eclipse/LEDcontroller/LED_Controller_STM/inc" -I"/home/andre/eclipse/LEDcontroller/LED_Controller_STM/cfg" -I"/home/andre/eclipse/LEDcontroller/_Common/STM32/inc" -I"/home/andre/eclipse/LEDcontroller/_Common/Any/inc" -I"/home/andre/eclipse/LEDcontroller/_Common/GenericARM" -std=gnu11 -MMD -MP -MF"src/usbd_conf.d" -MT"src/usbd_conf.o" -c -o "src/usbd_conf.o" "../src/usbd_conf.c"
Finished building: ../src/usbd_conf.c
 
Building file: ../src/usbd_desc.c
Invoking: Cross ARM C Compiler
arm-none-eabi-gcc -mcpu=cortex-m3 -mthumb -O0 -fmessage-length=0 -fsigned-char -ffunction-sections -fdata-sections  -g3 -DSTM32F103xB -I"/home/andre/eclipse/LEDcontroller/_SDK/STM32Cube_FW_F1_V1.4.0/Drivers/CMSIS/Device/ST/STM32F1xx/Include" -I"/home/andre/eclipse/LEDcontroller/_SDK/STM32Cube_FW_F1_V1.4.0/Drivers/CMSIS/Include" -I"/home/andre/eclipse/LEDcontroller/_SDK/STM32Cube_FW_F1_V1.4.0/Drivers/STM32F1xx_HAL_Driver/Inc" -I"/home/andre/eclipse/LEDcontroller/_SDK/STM32Cube_FW_F1_V1.4.0/Drivers/STM32F1xx_HAL_Driver/Inc/Legacy" -I"/home/andre/eclipse/LEDcontroller/_SDK/STM32Cube_FW_F1_V1.4.0/Middlewares/ST/STM32_USB_Device_Library/Core/Inc" -I"/home/andre/eclipse/LEDcontroller/LED_Controller_STM/USB_Class_LED/Inc" -I"/home/andre/eclipse/LEDcontroller/LED_Controller_STM/inc" -I"/home/andre/eclipse/LEDcontroller/LED_Controller_STM/cfg" -I"/home/andre/eclipse/LEDcontroller/_Common/STM32/inc" -I"/home/andre/eclipse/LEDcontroller/_Common/Any/inc" -I"/home/andre/eclipse/LEDcontroller/_Common/GenericARM" -std=gnu11 -MMD -MP -MF"src/usbd_desc.d" -MT"src/usbd_desc.o" -c -o "src/usbd_desc.o" "../src/usbd_desc.c"
../src/usbd_desc.c: In function 'Get_SerialNum':
../src/usbd_desc.c:284:23: warning: initialization makes pointer from integer without a cast [-Wint-conversion]
  uint8_t* device_id = 0x1FFFF7E8;
                       ^~~~~~~~~~
Finished building: ../src/usbd_desc.c
 
Building file: /home/andre/eclipse/LEDcontroller/_SDK/STM32Cube_FW_F1_V1.4.0/Drivers/STM32F1xx_HAL_Driver/Src/stm32f1xx_hal.c
Invoking: Cross ARM C Compiler
arm-none-eabi-gcc -mcpu=cortex-m3 -mthumb -O0 -fmessage-length=0 -fsigned-char -ffunction-sections -fdata-sections  -g3 -DSTM32F103xB -I"/home/andre/eclipse/LEDcontroller/_SDK/STM32Cube_FW_F1_V1.4.0/Drivers/CMSIS/Device/ST/STM32F1xx/Include" -I"/home/andre/eclipse/LEDcontroller/_SDK/STM32Cube_FW_F1_V1.4.0/Drivers/CMSIS/Include" -I"/home/andre/eclipse/LEDcontroller/_SDK/STM32Cube_FW_F1_V1.4.0/Drivers/STM32F1xx_HAL_Driver/Inc" -I"/home/andre/eclipse/LEDcontroller/_SDK/STM32Cube_FW_F1_V1.4.0/Drivers/STM32F1xx_HAL_Driver/Inc/Legacy" -I"/home/andre/eclipse/LEDcontroller/_SDK/STM32Cube_FW_F1_V1.4.0/Middlewares/ST/STM32_USB_Device_Library/Core/Inc" -I"/home/andre/eclipse/LEDcontroller/LED_Controller_STM/USB_Class_LED/Inc" -I"/home/andre/eclipse/LEDcontroller/LED_Controller_STM/inc" -I"/home/andre/eclipse/LEDcontroller/LED_Controller_STM/cfg" -I"/home/andre/eclipse/LEDcontroller/_Common/STM32/inc" -I"/home/andre/eclipse/LEDcontroller/_Common/Any/inc" -I"/home/andre/eclipse/LEDcontroller/_Common/GenericARM" -std=gnu11 -MMD -MP -MF"sdk/stm32f1xx_hal.d" -MT"sdk/stm32f1xx_hal.o" -c -o "sdk/stm32f1xx_hal.o" "/home/andre/eclipse/LEDcontroller/_SDK/STM32Cube_FW_F1_V1.4.0/Drivers/STM32F1xx_HAL_Driver/Src/stm32f1xx_hal.c"
Finished building: /home/andre/eclipse/LEDcontroller/_SDK/STM32Cube_FW_F1_V1.4.0/Drivers/STM32F1xx_HAL_Driver/Src/stm32f1xx_hal.c
 
Building file: /home/andre/eclipse/LEDcontroller/_SDK/STM32Cube_FW_F1_V1.4.0/Drivers/STM32F1xx_HAL_Driver/Src/stm32f1xx_hal_adc.c
Invoking: Cross ARM C Compiler
arm-none-eabi-gcc -mcpu=cortex-m3 -mthumb -O0 -fmessage-length=0 -fsigned-char -ffunction-sections -fdata-sections  -g3 -DSTM32F103xB -I"/home/andre/eclipse/LEDcontroller/_SDK/STM32Cube_FW_F1_V1.4.0/Drivers/CMSIS/Device/ST/STM32F1xx/Include" -I"/home/andre/eclipse/LEDcontroller/_SDK/STM32Cube_FW_F1_V1.4.0/Drivers/CMSIS/Include" -I"/home/andre/eclipse/LEDcontroller/_SDK/STM32Cube_FW_F1_V1.4.0/Drivers/STM32F1xx_HAL_Driver/Inc" -I"/home/andre/eclipse/LEDcontroller/_SDK/STM32Cube_FW_F1_V1.4.0/Drivers/STM32F1xx_HAL_Driver/Inc/Legacy" -I"/home/andre/eclipse/LEDcontroller/_SDK/STM32Cube_FW_F1_V1.4.0/Middlewares/ST/STM32_USB_Device_Library/Core/Inc" -I"/home/andre/eclipse/LEDcontroller/LED_Controller_STM/USB_Class_LED/Inc" -I"/home/andre/eclipse/LEDcontroller/LED_Controller_STM/inc" -I"/home/andre/eclipse/LEDcontroller/LED_Controller_STM/cfg" -I"/home/andre/eclipse/LEDcontroller/_Common/STM32/inc" -I"/home/andre/eclipse/LEDcontroller/_Common/Any/inc" -I"/home/andre/eclipse/LEDcontroller/_Common/GenericARM" -std=gnu11 -MMD -MP -MF"sdk/stm32f1xx_hal_adc.d" -MT"sdk/stm32f1xx_hal_adc.o" -c -o "sdk/stm32f1xx_hal_adc.o" "/home/andre/eclipse/LEDcontroller/_SDK/STM32Cube_FW_F1_V1.4.0/Drivers/STM32F1xx_HAL_Driver/Src/stm32f1xx_hal_adc.c"
Finished building: /home/andre/eclipse/LEDcontroller/_SDK/STM32Cube_FW_F1_V1.4.0/Drivers/STM32F1xx_HAL_Driver/Src/stm32f1xx_hal_adc.c
 
Building file: /home/andre/eclipse/LEDcontroller/_SDK/STM32Cube_FW_F1_V1.4.0/Drivers/STM32F1xx_HAL_Driver/Src/stm32f1xx_hal_adc_ex.c
Invoking: Cross ARM C Compiler
arm-none-eabi-gcc -mcpu=cortex-m3 -mthumb -O0 -fmessage-length=0 -fsigned-char -ffunction-sections -fdata-sections  -g3 -DSTM32F103xB -I"/home/andre/eclipse/LEDcontroller/_SDK/STM32Cube_FW_F1_V1.4.0/Drivers/CMSIS/Device/ST/STM32F1xx/Include" -I"/home/andre/eclipse/LEDcontroller/_SDK/STM32Cube_FW_F1_V1.4.0/Drivers/CMSIS/Include" -I"/home/andre/eclipse/LEDcontroller/_SDK/STM32Cube_FW_F1_V1.4.0/Drivers/STM32F1xx_HAL_Driver/Inc" -I"/home/andre/eclipse/LEDcontroller/_SDK/STM32Cube_FW_F1_V1.4.0/Drivers/STM32F1xx_HAL_Driver/Inc/Legacy" -I"/home/andre/eclipse/LEDcontroller/_SDK/STM32Cube_FW_F1_V1.4.0/Middlewares/ST/STM32_USB_Device_Library/Core/Inc" -I"/home/andre/eclipse/LEDcontroller/LED_Controller_STM/USB_Class_LED/Inc" -I"/home/andre/eclipse/LEDcontroller/LED_Controller_STM/inc" -I"/home/andre/eclipse/LEDcontroller/LED_Controller_STM/cfg" -I"/home/andre/eclipse/LEDcontroller/_Common/STM32/inc" -I"/home/andre/eclipse/LEDcontroller/_Common/Any/inc" -I"/home/andre/eclipse/LEDcontroller/_Common/GenericARM" -std=gnu11 -MMD -MP -MF"sdk/stm32f1xx_hal_adc_ex.d" -MT"sdk/stm32f1xx_hal_adc_ex.o" -c -o "sdk/stm32f1xx_hal_adc_ex.o" "/home/andre/eclipse/LEDcontroller/_SDK/STM32Cube_FW_F1_V1.4.0/Drivers/STM32F1xx_HAL_Driver/Src/stm32f1xx_hal_adc_ex.c"
Finished building: /home/andre/eclipse/LEDcontroller/_SDK/STM32Cube_FW_F1_V1.4.0/Drivers/STM32F1xx_HAL_Driver/Src/stm32f1xx_hal_adc_ex.c
 
Building file: /home/andre/eclipse/LEDcontroller/_SDK/STM32Cube_FW_F1_V1.4.0/Drivers/STM32F1xx_HAL_Driver/Src/stm32f1xx_hal_can.c
Invoking: Cross ARM C Compiler
arm-none-eabi-gcc -mcpu=cortex-m3 -mthumb -O0 -fmessage-length=0 -fsigned-char -ffunction-sections -fdata-sections  -g3 -DSTM32F103xB -I"/home/andre/eclipse/LEDcontroller/_SDK/STM32Cube_FW_F1_V1.4.0/Drivers/CMSIS/Device/ST/STM32F1xx/Include" -I"/home/andre/eclipse/LEDcontroller/_SDK/STM32Cube_FW_F1_V1.4.0/Drivers/CMSIS/Include" -I"/home/andre/eclipse/LEDcontroller/_SDK/STM32Cube_FW_F1_V1.4.0/Drivers/STM32F1xx_HAL_Driver/Inc" -I"/home/andre/eclipse/LEDcontroller/_SDK/STM32Cube_FW_F1_V1.4.0/Drivers/STM32F1xx_HAL_Driver/Inc/Legacy" -I"/home/andre/eclipse/LEDcontroller/_SDK/STM32Cube_FW_F1_V1.4.0/Middlewares/ST/STM32_USB_Device_Library/Core/Inc" -I"/home/andre/eclipse/LEDcontroller/LED_Controller_STM/USB_Class_LED/Inc" -I"/home/andre/eclipse/LEDcontroller/LED_Controller_STM/inc" -I"/home/andre/eclipse/LEDcontroller/LED_Controller_STM/cfg" -I"/home/andre/eclipse/LEDcontroller/_Common/STM32/inc" -I"/home/andre/eclipse/LEDcontroller/_Common/Any/inc" -I"/home/andre/eclipse/LEDcontroller/_Common/GenericARM" -std=gnu11 -MMD -MP -MF"sdk/stm32f1xx_hal_can.d" -MT"sdk/stm32f1xx_hal_can.o" -c -o "sdk/stm32f1xx_hal_can.o" "/home/andre/eclipse/LEDcontroller/_SDK/STM32Cube_FW_F1_V1.4.0/Drivers/STM32F1xx_HAL_Driver/Src/stm32f1xx_hal_can.c"
Finished building: /home/andre/eclipse/LEDcontroller/_SDK/STM32Cube_FW_F1_V1.4.0/Drivers/STM32F1xx_HAL_Driver/Src/stm32f1xx_hal_can.c
 
Building file: /home/andre/eclipse/LEDcontroller/_SDK/STM32Cube_FW_F1_V1.4.0/Drivers/STM32F1xx_HAL_Driver/Src/stm32f1xx_hal_cec.c
Invoking: Cross ARM C Compiler
arm-none-eabi-gcc -mcpu=cortex-m3 -mthumb -O0 -fmessage-length=0 -fsigned-char -ffunction-sections -fdata-sections  -g3 -DSTM32F103xB -I"/home/andre/eclipse/LEDcontroller/_SDK/STM32Cube_FW_F1_V1.4.0/Drivers/CMSIS/Device/ST/STM32F1xx/Include" -I"/home/andre/eclipse/LEDcontroller/_SDK/STM32Cube_FW_F1_V1.4.0/Drivers/CMSIS/Include" -I"/home/andre/eclipse/LEDcontroller/_SDK/STM32Cube_FW_F1_V1.4.0/Drivers/STM32F1xx_HAL_Driver/Inc" -I"/home/andre/eclipse/LEDcontroller/_SDK/STM32Cube_FW_F1_V1.4.0/Drivers/STM32F1xx_HAL_Driver/Inc/Legacy" -I"/home/andre/eclipse/LEDcontroller/_SDK/STM32Cube_FW_F1_V1.4.0/Middlewares/ST/STM32_USB_Device_Library/Core/Inc" -I"/home/andre/eclipse/LEDcontroller/LED_Controller_STM/USB_Class_LED/Inc" -I"/home/andre/eclipse/LEDcontroller/LED_Controller_STM/inc" -I"/home/andre/eclipse/LEDcontroller/LED_Controller_STM/cfg" -I"/home/andre/eclipse/LEDcontroller/_Common/STM32/inc" -I"/home/andre/eclipse/LEDcontroller/_Common/Any/inc" -I"/home/andre/eclipse/LEDcontroller/_Common/GenericARM" -std=gnu11 -MMD -MP -MF"sdk/stm32f1xx_hal_cec.d" -MT"sdk/stm32f1xx_hal_cec.o" -c -o "sdk/stm32f1xx_hal_cec.o" "/home/andre/eclipse/LEDcontroller/_SDK/STM32Cube_FW_F1_V1.4.0/Drivers/STM32F1xx_HAL_Driver/Src/stm32f1xx_hal_cec.c"
Finished building: /home/andre/eclipse/LEDcontroller/_SDK/STM32Cube_FW_F1_V1.4.0/Drivers/STM32F1xx_HAL_Driver/Src/stm32f1xx_hal_cec.c
 
Building file: /home/andre/eclipse/LEDcontroller/_SDK/STM32Cube_FW_F1_V1.4.0/Drivers/STM32F1xx_HAL_Driver/Src/stm32f1xx_hal_cortex.c
Invoking: Cross ARM C Compiler
arm-none-eabi-gcc -mcpu=cortex-m3 -mthumb -O0 -fmessage-length=0 -fsigned-char -ffunction-sections -fdata-sections  -g3 -DSTM32F103xB -I"/home/andre/eclipse/LEDcontroller/_SDK/STM32Cube_FW_F1_V1.4.0/Drivers/CMSIS/Device/ST/STM32F1xx/Include" -I"/home/andre/eclipse/LEDcontroller/_SDK/STM32Cube_FW_F1_V1.4.0/Drivers/CMSIS/Include" -I"/home/andre/eclipse/LEDcontroller/_SDK/STM32Cube_FW_F1_V1.4.0/Drivers/STM32F1xx_HAL_Driver/Inc" -I"/home/andre/eclipse/LEDcontroller/_SDK/STM32Cube_FW_F1_V1.4.0/Drivers/STM32F1xx_HAL_Driver/Inc/Legacy" -I"/home/andre/eclipse/LEDcontroller/_SDK/STM32Cube_FW_F1_V1.4.0/Middlewares/ST/STM32_USB_Device_Library/Core/Inc" -I"/home/andre/eclipse/LEDcontroller/LED_Controller_STM/USB_Class_LED/Inc" -I"/home/andre/eclipse/LEDcontroller/LED_Controller_STM/inc" -I"/home/andre/eclipse/LEDcontroller/LED_Controller_STM/cfg" -I"/home/andre/eclipse/LEDcontroller/_Common/STM32/inc" -I"/home/andre/eclipse/LEDcontroller/_Common/Any/inc" -I"/home/andre/eclipse/LEDcontroller/_Common/GenericARM" -std=gnu11 -MMD -MP -MF"sdk/stm32f1xx_hal_cortex.d" -MT"sdk/stm32f1xx_hal_cortex.o" -c -o "sdk/stm32f1xx_hal_cortex.o" "/home/andre/eclipse/LEDcontroller/_SDK/STM32Cube_FW_F1_V1.4.0/Drivers/STM32F1xx_HAL_Driver/Src/stm32f1xx_hal_cortex.c"
Finished building: /home/andre/eclipse/LEDcontroller/_SDK/STM32Cube_FW_F1_V1.4.0/Drivers/STM32F1xx_HAL_Driver/Src/stm32f1xx_hal_cortex.c
 
Building file: /home/andre/eclipse/LEDcontroller/_SDK/STM32Cube_FW_F1_V1.4.0/Drivers/STM32F1xx_HAL_Driver/Src/stm32f1xx_hal_crc.c
Invoking: Cross ARM C Compiler
arm-none-eabi-gcc -mcpu=cortex-m3 -mthumb -O0 -fmessage-length=0 -fsigned-char -ffunction-sections -fdata-sections  -g3 -DSTM32F103xB -I"/home/andre/eclipse/LEDcontroller/_SDK/STM32Cube_FW_F1_V1.4.0/Drivers/CMSIS/Device/ST/STM32F1xx/Include" -I"/home/andre/eclipse/LEDcontroller/_SDK/STM32Cube_FW_F1_V1.4.0/Drivers/CMSIS/Include" -I"/home/andre/eclipse/LEDcontroller/_SDK/STM32Cube_FW_F1_V1.4.0/Drivers/STM32F1xx_HAL_Driver/Inc" -I"/home/andre/eclipse/LEDcontroller/_SDK/STM32Cube_FW_F1_V1.4.0/Drivers/STM32F1xx_HAL_Driver/Inc/Legacy" -I"/home/andre/eclipse/LEDcontroller/_SDK/STM32Cube_FW_F1_V1.4.0/Middlewares/ST/STM32_USB_Device_Library/Core/Inc" -I"/home/andre/eclipse/LEDcontroller/LED_Controller_STM/USB_Class_LED/Inc" -I"/home/andre/eclipse/LEDcontroller/LED_Controller_STM/inc" -I"/home/andre/eclipse/LEDcontroller/LED_Controller_STM/cfg" -I"/home/andre/eclipse/LEDcontroller/_Common/STM32/inc" -I"/home/andre/eclipse/LEDcontroller/_Common/Any/inc" -I"/home/andre/eclipse/LEDcontroller/_Common/GenericARM" -std=gnu11 -MMD -MP -MF"sdk/stm32f1xx_hal_crc.d" -MT"sdk/stm32f1xx_hal_crc.o" -c -o "sdk/stm32f1xx_hal_crc.o" "/home/andre/eclipse/LEDcontroller/_SDK/STM32Cube_FW_F1_V1.4.0/Drivers/STM32F1xx_HAL_Driver/Src/stm32f1xx_hal_crc.c"
Finished building: /home/andre/eclipse/LEDcontroller/_SDK/STM32Cube_FW_F1_V1.4.0/Drivers/STM32F1xx_HAL_Driver/Src/stm32f1xx_hal_crc.c
 
Building file: /home/andre/eclipse/LEDcontroller/_SDK/STM32Cube_FW_F1_V1.4.0/Drivers/STM32F1xx_HAL_Driver/Src/stm32f1xx_hal_dac.c
Invoking: Cross ARM C Compiler
arm-none-eabi-gcc -mcpu=cortex-m3 -mthumb -O0 -fmessage-length=0 -fsigned-char -ffunction-sections -fdata-sections  -g3 -DSTM32F103xB -I"/home/andre/eclipse/LEDcontroller/_SDK/STM32Cube_FW_F1_V1.4.0/Drivers/CMSIS/Device/ST/STM32F1xx/Include" -I"/home/andre/eclipse/LEDcontroller/_SDK/STM32Cube_FW_F1_V1.4.0/Drivers/CMSIS/Include" -I"/home/andre/eclipse/LEDcontroller/_SDK/STM32Cube_FW_F1_V1.4.0/Drivers/STM32F1xx_HAL_Driver/Inc" -I"/home/andre/eclipse/LEDcontroller/_SDK/STM32Cube_FW_F1_V1.4.0/Drivers/STM32F1xx_HAL_Driver/Inc/Legacy" -I"/home/andre/eclipse/LEDcontroller/_SDK/STM32Cube_FW_F1_V1.4.0/Middlewares/ST/STM32_USB_Device_Library/Core/Inc" -I"/home/andre/eclipse/LEDcontroller/LED_Controller_STM/USB_Class_LED/Inc" -I"/home/andre/eclipse/LEDcontroller/LED_Controller_STM/inc" -I"/home/andre/eclipse/LEDcontroller/LED_Controller_STM/cfg" -I"/home/andre/eclipse/LEDcontroller/_Common/STM32/inc" -I"/home/andre/eclipse/LEDcontroller/_Common/Any/inc" -I"/home/andre/eclipse/LEDcontroller/_Common/GenericARM" -std=gnu11 -MMD -MP -MF"sdk/stm32f1xx_hal_dac.d" -MT"sdk/stm32f1xx_hal_dac.o" -c -o "sdk/stm32f1xx_hal_dac.o" "/home/andre/eclipse/LEDcontroller/_SDK/STM32Cube_FW_F1_V1.4.0/Drivers/STM32F1xx_HAL_Driver/Src/stm32f1xx_hal_dac.c"
Finished building: /home/andre/eclipse/LEDcontroller/_SDK/STM32Cube_FW_F1_V1.4.0/Drivers/STM32F1xx_HAL_Driver/Src/stm32f1xx_hal_dac.c
 
Building file: /home/andre/eclipse/LEDcontroller/_SDK/STM32Cube_FW_F1_V1.4.0/Drivers/STM32F1xx_HAL_Driver/Src/stm32f1xx_hal_dac_ex.c
Invoking: Cross ARM C Compiler
arm-none-eabi-gcc -mcpu=cortex-m3 -mthumb -O0 -fmessage-length=0 -fsigned-char -ffunction-sections -fdata-sections  -g3 -DSTM32F103xB -I"/home/andre/eclipse/LEDcontroller/_SDK/STM32Cube_FW_F1_V1.4.0/Drivers/CMSIS/Device/ST/STM32F1xx/Include" -I"/home/andre/eclipse/LEDcontroller/_SDK/STM32Cube_FW_F1_V1.4.0/Drivers/CMSIS/Include" -I"/home/andre/eclipse/LEDcontroller/_SDK/STM32Cube_FW_F1_V1.4.0/Drivers/STM32F1xx_HAL_Driver/Inc" -I"/home/andre/eclipse/LEDcontroller/_SDK/STM32Cube_FW_F1_V1.4.0/Drivers/STM32F1xx_HAL_Driver/Inc/Legacy" -I"/home/andre/eclipse/LEDcontroller/_SDK/STM32Cube_FW_F1_V1.4.0/Middlewares/ST/STM32_USB_Device_Library/Core/Inc" -I"/home/andre/eclipse/LEDcontroller/LED_Controller_STM/USB_Class_LED/Inc" -I"/home/andre/eclipse/LEDcontroller/LED_Controller_STM/inc" -I"/home/andre/eclipse/LEDcontroller/LED_Controller_STM/cfg" -I"/home/andre/eclipse/LEDcontroller/_Common/STM32/inc" -I"/home/andre/eclipse/LEDcontroller/_Common/Any/inc" -I"/home/andre/eclipse/LEDcontroller/_Common/GenericARM" -std=gnu11 -MMD -MP -MF"sdk/stm32f1xx_hal_dac_ex.d" -MT"sdk/stm32f1xx_hal_dac_ex.o" -c -o "sdk/stm32f1xx_hal_dac_ex.o" "/home/andre/eclipse/LEDcontroller/_SDK/STM32Cube_FW_F1_V1.4.0/Drivers/STM32F1xx_HAL_Driver/Src/stm32f1xx_hal_dac_ex.c"
Finished building: /home/andre/eclipse/LEDcontroller/_SDK/STM32Cube_FW_F1_V1.4.0/Drivers/STM32F1xx_HAL_Driver/Src/stm32f1xx_hal_dac_ex.c
 
Building file: /home/andre/eclipse/LEDcontroller/_SDK/STM32Cube_FW_F1_V1.4.0/Drivers/STM32F1xx_HAL_Driver/Src/stm32f1xx_hal_dma.c
Invoking: Cross ARM C Compiler
arm-none-eabi-gcc -mcpu=cortex-m3 -mthumb -O0 -fmessage-length=0 -fsigned-char -ffunction-sections -fdata-sections  -g3 -DSTM32F103xB -I"/home/andre/eclipse/LEDcontroller/_SDK/STM32Cube_FW_F1_V1.4.0/Drivers/CMSIS/Device/ST/STM32F1xx/Include" -I"/home/andre/eclipse/LEDcontroller/_SDK/STM32Cube_FW_F1_V1.4.0/Drivers/CMSIS/Include" -I"/home/andre/eclipse/LEDcontroller/_SDK/STM32Cube_FW_F1_V1.4.0/Drivers/STM32F1xx_HAL_Driver/Inc" -I"/home/andre/eclipse/LEDcontroller/_SDK/STM32Cube_FW_F1_V1.4.0/Drivers/STM32F1xx_HAL_Driver/Inc/Legacy" -I"/home/andre/eclipse/LEDcontroller/_SDK/STM32Cube_FW_F1_V1.4.0/Middlewares/ST/STM32_USB_Device_Library/Core/Inc" -I"/home/andre/eclipse/LEDcontroller/LED_Controller_STM/USB_Class_LED/Inc" -I"/home/andre/eclipse/LEDcontroller/LED_Controller_STM/inc" -I"/home/andre/eclipse/LEDcontroller/LED_Controller_STM/cfg" -I"/home/andre/eclipse/LEDcontroller/_Common/STM32/inc" -I"/home/andre/eclipse/LEDcontroller/_Common/Any/inc" -I"/home/andre/eclipse/LEDcontroller/_Common/GenericARM" -std=gnu11 -MMD -MP -MF"sdk/stm32f1xx_hal_dma.d" -MT"sdk/stm32f1xx_hal_dma.o" -c -o "sdk/stm32f1xx_hal_dma.o" "/home/andre/eclipse/LEDcontroller/_SDK/STM32Cube_FW_F1_V1.4.0/Drivers/STM32F1xx_HAL_Driver/Src/stm32f1xx_hal_dma.c"
Finished building: /home/andre/eclipse/LEDcontroller/_SDK/STM32Cube_FW_F1_V1.4.0/Drivers/STM32F1xx_HAL_Driver/Src/stm32f1xx_hal_dma.c
 
Building file: /home/andre/eclipse/LEDcontroller/_SDK/STM32Cube_FW_F1_V1.4.0/Drivers/STM32F1xx_HAL_Driver/Src/stm32f1xx_hal_eth.c
Invoking: Cross ARM C Compiler
arm-none-eabi-gcc -mcpu=cortex-m3 -mthumb -O0 -fmessage-length=0 -fsigned-char -ffunction-sections -fdata-sections  -g3 -DSTM32F103xB -I"/home/andre/eclipse/LEDcontroller/_SDK/STM32Cube_FW_F1_V1.4.0/Drivers/CMSIS/Device/ST/STM32F1xx/Include" -I"/home/andre/eclipse/LEDcontroller/_SDK/STM32Cube_FW_F1_V1.4.0/Drivers/CMSIS/Include" -I"/home/andre/eclipse/LEDcontroller/_SDK/STM32Cube_FW_F1_V1.4.0/Drivers/STM32F1xx_HAL_Driver/Inc" -I"/home/andre/eclipse/LEDcontroller/_SDK/STM32Cube_FW_F1_V1.4.0/Drivers/STM32F1xx_HAL_Driver/Inc/Legacy" -I"/home/andre/eclipse/LEDcontroller/_SDK/STM32Cube_FW_F1_V1.4.0/Middlewares/ST/STM32_USB_Device_Library/Core/Inc" -I"/home/andre/eclipse/LEDcontroller/LED_Controller_STM/USB_Class_LED/Inc" -I"/home/andre/eclipse/LEDcontroller/LED_Controller_STM/inc" -I"/home/andre/eclipse/LEDcontroller/LED_Controller_STM/cfg" -I"/home/andre/eclipse/LEDcontroller/_Common/STM32/inc" -I"/home/andre/eclipse/LEDcontroller/_Common/Any/inc" -I"/home/andre/eclipse/LEDcontroller/_Common/GenericARM" -std=gnu11 -MMD -MP -MF"sdk/stm32f1xx_hal_eth.d" -MT"sdk/stm32f1xx_hal_eth.o" -c -o "sdk/stm32f1xx_hal_eth.o" "/home/andre/eclipse/LEDcontroller/_SDK/STM32Cube_FW_F1_V1.4.0/Drivers/STM32F1xx_HAL_Driver/Src/stm32f1xx_hal_eth.c"
Finished building: /home/andre/eclipse/LEDcontroller/_SDK/STM32Cube_FW_F1_V1.4.0/Drivers/STM32F1xx_HAL_Driver/Src/stm32f1xx_hal_eth.c
 
Building file: /home/andre/eclipse/LEDcontroller/_SDK/STM32Cube_FW_F1_V1.4.0/Drivers/STM32F1xx_HAL_Driver/Src/stm32f1xx_hal_flash.c
Invoking: Cross ARM C Compiler
arm-none-eabi-gcc -mcpu=cortex-m3 -mthumb -O0 -fmessage-length=0 -fsigned-char -ffunction-sections -fdata-sections  -g3 -DSTM32F103xB -I"/home/andre/eclipse/LEDcontroller/_SDK/STM32Cube_FW_F1_V1.4.0/Drivers/CMSIS/Device/ST/STM32F1xx/Include" -I"/home/andre/eclipse/LEDcontroller/_SDK/STM32Cube_FW_F1_V1.4.0/Drivers/CMSIS/Include" -I"/home/andre/eclipse/LEDcontroller/_SDK/STM32Cube_FW_F1_V1.4.0/Drivers/STM32F1xx_HAL_Driver/Inc" -I"/home/andre/eclipse/LEDcontroller/_SDK/STM32Cube_FW_F1_V1.4.0/Drivers/STM32F1xx_HAL_Driver/Inc/Legacy" -I"/home/andre/eclipse/LEDcontroller/_SDK/STM32Cube_FW_F1_V1.4.0/Middlewares/ST/STM32_USB_Device_Library/Core/Inc" -I"/home/andre/eclipse/LEDcontroller/LED_Controller_STM/USB_Class_LED/Inc" -I"/home/andre/eclipse/LEDcontroller/LED_Controller_STM/inc" -I"/home/andre/eclipse/LEDcontroller/LED_Controller_STM/cfg" -I"/home/andre/eclipse/LEDcontroller/_Common/STM32/inc" -I"/home/andre/eclipse/LEDcontroller/_Common/Any/inc" -I"/home/andre/eclipse/LEDcontroller/_Common/GenericARM" -std=gnu11 -MMD -MP -MF"sdk/stm32f1xx_hal_flash.d" -MT"sdk/stm32f1xx_hal_flash.o" -c -o "sdk/stm32f1xx_hal_flash.o" "/home/andre/eclipse/LEDcontroller/_SDK/STM32Cube_FW_F1_V1.4.0/Drivers/STM32F1xx_HAL_Driver/Src/stm32f1xx_hal_flash.c"
Finished building: /home/andre/eclipse/LEDcontroller/_SDK/STM32Cube_FW_F1_V1.4.0/Drivers/STM32F1xx_HAL_Driver/Src/stm32f1xx_hal_flash.c
 
Building file: /home/andre/eclipse/LEDcontroller/_SDK/STM32Cube_FW_F1_V1.4.0/Drivers/STM32F1xx_HAL_Driver/Src/stm32f1xx_hal_flash_ex.c
Invoking: Cross ARM C Compiler
arm-none-eabi-gcc -mcpu=cortex-m3 -mthumb -O0 -fmessage-length=0 -fsigned-char -ffunction-sections -fdata-sections  -g3 -DSTM32F103xB -I"/home/andre/eclipse/LEDcontroller/_SDK/STM32Cube_FW_F1_V1.4.0/Drivers/CMSIS/Device/ST/STM32F1xx/Include" -I"/home/andre/eclipse/LEDcontroller/_SDK/STM32Cube_FW_F1_V1.4.0/Drivers/CMSIS/Include" -I"/home/andre/eclipse/LEDcontroller/_SDK/STM32Cube_FW_F1_V1.4.0/Drivers/STM32F1xx_HAL_Driver/Inc" -I"/home/andre/eclipse/LEDcontroller/_SDK/STM32Cube_FW_F1_V1.4.0/Drivers/STM32F1xx_HAL_Driver/Inc/Legacy" -I"/home/andre/eclipse/LEDcontroller/_SDK/STM32Cube_FW_F1_V1.4.0/Middlewares/ST/STM32_USB_Device_Library/Core/Inc" -I"/home/andre/eclipse/LEDcontroller/LED_Controller_STM/USB_Class_LED/Inc" -I"/home/andre/eclipse/LEDcontroller/LED_Controller_STM/inc" -I"/home/andre/eclipse/LEDcontroller/LED_Controller_STM/cfg" -I"/home/andre/eclipse/LEDcontroller/_Common/STM32/inc" -I"/home/andre/eclipse/LEDcontroller/_Common/Any/inc" -I"/home/andre/eclipse/LEDcontroller/_Common/GenericARM" -std=gnu11 -MMD -MP -MF"sdk/stm32f1xx_hal_flash_ex.d" -MT"sdk/stm32f1xx_hal_flash_ex.o" -c -o "sdk/stm32f1xx_hal_flash_ex.o" "/home/andre/eclipse/LEDcontroller/_SDK/STM32Cube_FW_F1_V1.4.0/Drivers/STM32F1xx_HAL_Driver/Src/stm32f1xx_hal_flash_ex.c"
Finished building: /home/andre/eclipse/LEDcontroller/_SDK/STM32Cube_FW_F1_V1.4.0/Drivers/STM32F1xx_HAL_Driver/Src/stm32f1xx_hal_flash_ex.c
 
Building file: /home/andre/eclipse/LEDcontroller/_SDK/STM32Cube_FW_F1_V1.4.0/Drivers/STM32F1xx_HAL_Driver/Src/stm32f1xx_hal_gpio.c
Invoking: Cross ARM C Compiler
arm-none-eabi-gcc -mcpu=cortex-m3 -mthumb -O0 -fmessage-length=0 -fsigned-char -ffunction-sections -fdata-sections  -g3 -DSTM32F103xB -I"/home/andre/eclipse/LEDcontroller/_SDK/STM32Cube_FW_F1_V1.4.0/Drivers/CMSIS/Device/ST/STM32F1xx/Include" -I"/home/andre/eclipse/LEDcontroller/_SDK/STM32Cube_FW_F1_V1.4.0/Drivers/CMSIS/Include" -I"/home/andre/eclipse/LEDcontroller/_SDK/STM32Cube_FW_F1_V1.4.0/Drivers/STM32F1xx_HAL_Driver/Inc" -I"/home/andre/eclipse/LEDcontroller/_SDK/STM32Cube_FW_F1_V1.4.0/Drivers/STM32F1xx_HAL_Driver/Inc/Legacy" -I"/home/andre/eclipse/LEDcontroller/_SDK/STM32Cube_FW_F1_V1.4.0/Middlewares/ST/STM32_USB_Device_Library/Core/Inc" -I"/home/andre/eclipse/LEDcontroller/LED_Controller_STM/USB_Class_LED/Inc" -I"/home/andre/eclipse/LEDcontroller/LED_Controller_STM/inc" -I"/home/andre/eclipse/LEDcontroller/LED_Controller_STM/cfg" -I"/home/andre/eclipse/LEDcontroller/_Common/STM32/inc" -I"/home/andre/eclipse/LEDcontroller/_Common/Any/inc" -I"/home/andre/eclipse/LEDcontroller/_Common/GenericARM" -std=gnu11 -MMD -MP -MF"sdk/stm32f1xx_hal_gpio.d" -MT"sdk/stm32f1xx_hal_gpio.o" -c -o "sdk/stm32f1xx_hal_gpio.o" "/home/andre/eclipse/LEDcontroller/_SDK/STM32Cube_FW_F1_V1.4.0/Drivers/STM32F1xx_HAL_Driver/Src/stm32f1xx_hal_gpio.c"
Finished building: /home/andre/eclipse/LEDcontroller/_SDK/STM32Cube_FW_F1_V1.4.0/Drivers/STM32F1xx_HAL_Driver/Src/stm32f1xx_hal_gpio.c
 
Building file: /home/andre/eclipse/LEDcontroller/_SDK/STM32Cube_FW_F1_V1.4.0/Drivers/STM32F1xx_HAL_Driver/Src/stm32f1xx_hal_gpio_ex.c
Invoking: Cross ARM C Compiler
arm-none-eabi-gcc -mcpu=cortex-m3 -mthumb -O0 -fmessage-length=0 -fsigned-char -ffunction-sections -fdata-sections  -g3 -DSTM32F103xB -I"/home/andre/eclipse/LEDcontroller/_SDK/STM32Cube_FW_F1_V1.4.0/Drivers/CMSIS/Device/ST/STM32F1xx/Include" -I"/home/andre/eclipse/LEDcontroller/_SDK/STM32Cube_FW_F1_V1.4.0/Drivers/CMSIS/Include" -I"/home/andre/eclipse/LEDcontroller/_SDK/STM32Cube_FW_F1_V1.4.0/Drivers/STM32F1xx_HAL_Driver/Inc" -I"/home/andre/eclipse/LEDcontroller/_SDK/STM32Cube_FW_F1_V1.4.0/Drivers/STM32F1xx_HAL_Driver/Inc/Legacy" -I"/home/andre/eclipse/LEDcontroller/_SDK/STM32Cube_FW_F1_V1.4.0/Middlewares/ST/STM32_USB_Device_Library/Core/Inc" -I"/home/andre/eclipse/LEDcontroller/LED_Controller_STM/USB_Class_LED/Inc" -I"/home/andre/eclipse/LEDcontroller/LED_Controller_STM/inc" -I"/home/andre/eclipse/LEDcontroller/LED_Controller_STM/cfg" -I"/home/andre/eclipse/LEDcontroller/_Common/STM32/inc" -I"/home/andre/eclipse/LEDcontroller/_Common/Any/inc" -I"/home/andre/eclipse/LEDcontroller/_Common/GenericARM" -std=gnu11 -MMD -MP -MF"sdk/stm32f1xx_hal_gpio_ex.d" -MT"sdk/stm32f1xx_hal_gpio_ex.o" -c -o "sdk/stm32f1xx_hal_gpio_ex.o" "/home/andre/eclipse/LEDcontroller/_SDK/STM32Cube_FW_F1_V1.4.0/Drivers/STM32F1xx_HAL_Driver/Src/stm32f1xx_hal_gpio_ex.c"
Finished building: /home/andre/eclipse/LEDcontroller/_SDK/STM32Cube_FW_F1_V1.4.0/Drivers/STM32F1xx_HAL_Driver/Src/stm32f1xx_hal_gpio_ex.c
 
Building file: /home/andre/eclipse/LEDcontroller/_SDK/STM32Cube_FW_F1_V1.4.0/Drivers/STM32F1xx_HAL_Driver/Src/stm32f1xx_hal_hcd.c
Invoking: Cross ARM C Compiler
arm-none-eabi-gcc -mcpu=cortex-m3 -mthumb -O0 -fmessage-length=0 -fsigned-char -ffunction-sections -fdata-sections  -g3 -DSTM32F103xB -I"/home/andre/eclipse/LEDcontroller/_SDK/STM32Cube_FW_F1_V1.4.0/Drivers/CMSIS/Device/ST/STM32F1xx/Include" -I"/home/andre/eclipse/LEDcontroller/_SDK/STM32Cube_FW_F1_V1.4.0/Drivers/CMSIS/Include" -I"/home/andre/eclipse/LEDcontroller/_SDK/STM32Cube_FW_F1_V1.4.0/Drivers/STM32F1xx_HAL_Driver/Inc" -I"/home/andre/eclipse/LEDcontroller/_SDK/STM32Cube_FW_F1_V1.4.0/Drivers/STM32F1xx_HAL_Driver/Inc/Legacy" -I"/home/andre/eclipse/LEDcontroller/_SDK/STM32Cube_FW_F1_V1.4.0/Middlewares/ST/STM32_USB_Device_Library/Core/Inc" -I"/home/andre/eclipse/LEDcontroller/LED_Controller_STM/USB_Class_LED/Inc" -I"/home/andre/eclipse/LEDcontroller/LED_Controller_STM/inc" -I"/home/andre/eclipse/LEDcontroller/LED_Controller_STM/cfg" -I"/home/andre/eclipse/LEDcontroller/_Common/STM32/inc" -I"/home/andre/eclipse/LEDcontroller/_Common/Any/inc" -I"/home/andre/eclipse/LEDcontroller/_Common/GenericARM" -std=gnu11 -MMD -MP -MF"sdk/stm32f1xx_hal_hcd.d" -MT"sdk/stm32f1xx_hal_hcd.o" -c -o "sdk/stm32f1xx_hal_hcd.o" "/home/andre/eclipse/LEDcontroller/_SDK/STM32Cube_FW_F1_V1.4.0/Drivers/STM32F1xx_HAL_Driver/Src/stm32f1xx_hal_hcd.c"
Finished building: /home/andre/eclipse/LEDcontroller/_SDK/STM32Cube_FW_F1_V1.4.0/Drivers/STM32F1xx_HAL_Driver/Src/stm32f1xx_hal_hcd.c
 
Building file: /home/andre/eclipse/LEDcontroller/_SDK/STM32Cube_FW_F1_V1.4.0/Drivers/STM32F1xx_HAL_Driver/Src/stm32f1xx_hal_i2c.c
Invoking: Cross ARM C Compiler
arm-none-eabi-gcc -mcpu=cortex-m3 -mthumb -O0 -fmessage-length=0 -fsigned-char -ffunction-sections -fdata-sections  -g3 -DSTM32F103xB -I"/home/andre/eclipse/LEDcontroller/_SDK/STM32Cube_FW_F1_V1.4.0/Drivers/CMSIS/Device/ST/STM32F1xx/Include" -I"/home/andre/eclipse/LEDcontroller/_SDK/STM32Cube_FW_F1_V1.4.0/Drivers/CMSIS/Include" -I"/home/andre/eclipse/LEDcontroller/_SDK/STM32Cube_FW_F1_V1.4.0/Drivers/STM32F1xx_HAL_Driver/Inc" -I"/home/andre/eclipse/LEDcontroller/_SDK/STM32Cube_FW_F1_V1.4.0/Drivers/STM32F1xx_HAL_Driver/Inc/Legacy" -I"/home/andre/eclipse/LEDcontroller/_SDK/STM32Cube_FW_F1_V1.4.0/Middlewares/ST/STM32_USB_Device_Library/Core/Inc" -I"/home/andre/eclipse/LEDcontroller/LED_Controller_STM/USB_Class_LED/Inc" -I"/home/andre/eclipse/LEDcontroller/LED_Controller_STM/inc" -I"/home/andre/eclipse/LEDcontroller/LED_Controller_STM/cfg" -I"/home/andre/eclipse/LEDcontroller/_Common/STM32/inc" -I"/home/andre/eclipse/LEDcontroller/_Common/Any/inc" -I"/home/andre/eclipse/LEDcontroller/_Common/GenericARM" -std=gnu11 -MMD -MP -MF"sdk/stm32f1xx_hal_i2c.d" -MT"sdk/stm32f1xx_hal_i2c.o" -c -o "sdk/stm32f1xx_hal_i2c.o" "/home/andre/eclipse/LEDcontroller/_SDK/STM32Cube_FW_F1_V1.4.0/Drivers/STM32F1xx_HAL_Driver/Src/stm32f1xx_hal_i2c.c"
Finished building: /home/andre/eclipse/LEDcontroller/_SDK/STM32Cube_FW_F1_V1.4.0/Drivers/STM32F1xx_HAL_Driver/Src/stm32f1xx_hal_i2c.c
 
Building file: /home/andre/eclipse/LEDcontroller/_SDK/STM32Cube_FW_F1_V1.4.0/Drivers/STM32F1xx_HAL_Driver/Src/stm32f1xx_hal_i2s.c
Invoking: Cross ARM C Compiler
arm-none-eabi-gcc -mcpu=cortex-m3 -mthumb -O0 -fmessage-length=0 -fsigned-char -ffunction-sections -fdata-sections  -g3 -DSTM32F103xB -I"/home/andre/eclipse/LEDcontroller/_SDK/STM32Cube_FW_F1_V1.4.0/Drivers/CMSIS/Device/ST/STM32F1xx/Include" -I"/home/andre/eclipse/LEDcontroller/_SDK/STM32Cube_FW_F1_V1.4.0/Drivers/CMSIS/Include" -I"/home/andre/eclipse/LEDcontroller/_SDK/STM32Cube_FW_F1_V1.4.0/Drivers/STM32F1xx_HAL_Driver/Inc" -I"/home/andre/eclipse/LEDcontroller/_SDK/STM32Cube_FW_F1_V1.4.0/Drivers/STM32F1xx_HAL_Driver/Inc/Legacy" -I"/home/andre/eclipse/LEDcontroller/_SDK/STM32Cube_FW_F1_V1.4.0/Middlewares/ST/STM32_USB_Device_Library/Core/Inc" -I"/home/andre/eclipse/LEDcontroller/LED_Controller_STM/USB_Class_LED/Inc" -I"/home/andre/eclipse/LEDcontroller/LED_Controller_STM/inc" -I"/home/andre/eclipse/LEDcontroller/LED_Controller_STM/cfg" -I"/home/andre/eclipse/LEDcontroller/_Common/STM32/inc" -I"/home/andre/eclipse/LEDcontroller/_Common/Any/inc" -I"/home/andre/eclipse/LEDcontroller/_Common/GenericARM" -std=gnu11 -MMD -MP -MF"sdk/stm32f1xx_hal_i2s.d" -MT"sdk/stm32f1xx_hal_i2s.o" -c -o "sdk/stm32f1xx_hal_i2s.o" "/home/andre/eclipse/LEDcontroller/_SDK/STM32Cube_FW_F1_V1.4.0/Drivers/STM32F1xx_HAL_Driver/Src/stm32f1xx_hal_i2s.c"
Finished building: /home/andre/eclipse/LEDcontroller/_SDK/STM32Cube_FW_F1_V1.4.0/Drivers/STM32F1xx_HAL_Driver/Src/stm32f1xx_hal_i2s.c
 
Building file: /home/andre/eclipse/LEDcontroller/_SDK/STM32Cube_FW_F1_V1.4.0/Drivers/STM32F1xx_HAL_Driver/Src/stm32f1xx_hal_irda.c
Invoking: Cross ARM C Compiler
arm-none-eabi-gcc -mcpu=cortex-m3 -mthumb -O0 -fmessage-length=0 -fsigned-char -ffunction-sections -fdata-sections  -g3 -DSTM32F103xB -I"/home/andre/eclipse/LEDcontroller/_SDK/STM32Cube_FW_F1_V1.4.0/Drivers/CMSIS/Device/ST/STM32F1xx/Include" -I"/home/andre/eclipse/LEDcontroller/_SDK/STM32Cube_FW_F1_V1.4.0/Drivers/CMSIS/Include" -I"/home/andre/eclipse/LEDcontroller/_SDK/STM32Cube_FW_F1_V1.4.0/Drivers/STM32F1xx_HAL_Driver/Inc" -I"/home/andre/eclipse/LEDcontroller/_SDK/STM32Cube_FW_F1_V1.4.0/Drivers/STM32F1xx_HAL_Driver/Inc/Legacy" -I"/home/andre/eclipse/LEDcontroller/_SDK/STM32Cube_FW_F1_V1.4.0/Middlewares/ST/STM32_USB_Device_Library/Core/Inc" -I"/home/andre/eclipse/LEDcontroller/LED_Controller_STM/USB_Class_LED/Inc" -I"/home/andre/eclipse/LEDcontroller/LED_Controller_STM/inc" -I"/home/andre/eclipse/LEDcontroller/LED_Controller_STM/cfg" -I"/home/andre/eclipse/LEDcontroller/_Common/STM32/inc" -I"/home/andre/eclipse/LEDcontroller/_Common/Any/inc" -I"/home/andre/eclipse/LEDcontroller/_Common/GenericARM" -std=gnu11 -MMD -MP -MF"sdk/stm32f1xx_hal_irda.d" -MT"sdk/stm32f1xx_hal_irda.o" -c -o "sdk/stm32f1xx_hal_irda.o" "/home/andre/eclipse/LEDcontroller/_SDK/STM32Cube_FW_F1_V1.4.0/Drivers/STM32F1xx_HAL_Driver/Src/stm32f1xx_hal_irda.c"
Finished building: /home/andre/eclipse/LEDcontroller/_SDK/STM32Cube_FW_F1_V1.4.0/Drivers/STM32F1xx_HAL_Driver/Src/stm32f1xx_hal_irda.c
 
Building file: /home/andre/eclipse/LEDcontroller/_SDK/STM32Cube_FW_F1_V1.4.0/Drivers/STM32F1xx_HAL_Driver/Src/stm32f1xx_hal_iwdg.c
Invoking: Cross ARM C Compiler
arm-none-eabi-gcc -mcpu=cortex-m3 -mthumb -O0 -fmessage-length=0 -fsigned-char -ffunction-sections -fdata-sections  -g3 -DSTM32F103xB -I"/home/andre/eclipse/LEDcontroller/_SDK/STM32Cube_FW_F1_V1.4.0/Drivers/CMSIS/Device/ST/STM32F1xx/Include" -I"/home/andre/eclipse/LEDcontroller/_SDK/STM32Cube_FW_F1_V1.4.0/Drivers/CMSIS/Include" -I"/home/andre/eclipse/LEDcontroller/_SDK/STM32Cube_FW_F1_V1.4.0/Drivers/STM32F1xx_HAL_Driver/Inc" -I"/home/andre/eclipse/LEDcontroller/_SDK/STM32Cube_FW_F1_V1.4.0/Drivers/STM32F1xx_HAL_Driver/Inc/Legacy" -I"/home/andre/eclipse/LEDcontroller/_SDK/STM32Cube_FW_F1_V1.4.0/Middlewares/ST/STM32_USB_Device_Library/Core/Inc" -I"/home/andre/eclipse/LEDcontroller/LED_Controller_STM/USB_Class_LED/Inc" -I"/home/andre/eclipse/LEDcontroller/LED_Controller_STM/inc" -I"/home/andre/eclipse/LEDcontroller/LED_Controller_STM/cfg" -I"/home/andre/eclipse/LEDcontroller/_Common/STM32/inc" -I"/home/andre/eclipse/LEDcontroller/_Common/Any/inc" -I"/home/andre/eclipse/LEDcontroller/_Common/GenericARM" -std=gnu11 -MMD -MP -MF"sdk/stm32f1xx_hal_iwdg.d" -MT"sdk/stm32f1xx_hal_iwdg.o" -c -o "sdk/stm32f1xx_hal_iwdg.o" "/home/andre/eclipse/LEDcontroller/_SDK/STM32Cube_FW_F1_V1.4.0/Drivers/STM32F1xx_HAL_Driver/Src/stm32f1xx_hal_iwdg.c"
Finished building: /home/andre/eclipse/LEDcontroller/_SDK/STM32Cube_FW_F1_V1.4.0/Drivers/STM32F1xx_HAL_Driver/Src/stm32f1xx_hal_iwdg.c
 
Building file: /home/andre/eclipse/LEDcontroller/_SDK/STM32Cube_FW_F1_V1.4.0/Drivers/STM32F1xx_HAL_Driver/Src/stm32f1xx_hal_msp_template.c
Invoking: Cross ARM C Compiler
arm-none-eabi-gcc -mcpu=cortex-m3 -mthumb -O0 -fmessage-length=0 -fsigned-char -ffunction-sections -fdata-sections  -g3 -DSTM32F103xB -I"/home/andre/eclipse/LEDcontroller/_SDK/STM32Cube_FW_F1_V1.4.0/Drivers/CMSIS/Device/ST/STM32F1xx/Include" -I"/home/andre/eclipse/LEDcontroller/_SDK/STM32Cube_FW_F1_V1.4.0/Drivers/CMSIS/Include" -I"/home/andre/eclipse/LEDcontroller/_SDK/STM32Cube_FW_F1_V1.4.0/Drivers/STM32F1xx_HAL_Driver/Inc" -I"/home/andre/eclipse/LEDcontroller/_SDK/STM32Cube_FW_F1_V1.4.0/Drivers/STM32F1xx_HAL_Driver/Inc/Legacy" -I"/home/andre/eclipse/LEDcontroller/_SDK/STM32Cube_FW_F1_V1.4.0/Middlewares/ST/STM32_USB_Device_Library/Core/Inc" -I"/home/andre/eclipse/LEDcontroller/LED_Controller_STM/USB_Class_LED/Inc" -I"/home/andre/eclipse/LEDcontroller/LED_Controller_STM/inc" -I"/home/andre/eclipse/LEDcontroller/LED_Controller_STM/cfg" -I"/home/andre/eclipse/LEDcontroller/_Common/STM32/inc" -I"/home/andre/eclipse/LEDcontroller/_Common/Any/inc" -I"/home/andre/eclipse/LEDcontroller/_Common/GenericARM" -std=gnu11 -MMD -MP -MF"sdk/stm32f1xx_hal_msp_template.d" -MT"sdk/stm32f1xx_hal_msp_template.o" -c -o "sdk/stm32f1xx_hal_msp_template.o" "/home/andre/eclipse/LEDcontroller/_SDK/STM32Cube_FW_F1_V1.4.0/Drivers/STM32F1xx_HAL_Driver/Src/stm32f1xx_hal_msp_template.c"
Finished building: /home/andre/eclipse/LEDcontroller/_SDK/STM32Cube_FW_F1_V1.4.0/Drivers/STM32F1xx_HAL_Driver/Src/stm32f1xx_hal_msp_template.c
 
Building file: /home/andre/eclipse/LEDcontroller/_SDK/STM32Cube_FW_F1_V1.4.0/Drivers/STM32F1xx_HAL_Driver/Src/stm32f1xx_hal_nand.c
Invoking: Cross ARM C Compiler
arm-none-eabi-gcc -mcpu=cortex-m3 -mthumb -O0 -fmessage-length=0 -fsigned-char -ffunction-sections -fdata-sections  -g3 -DSTM32F103xB -I"/home/andre/eclipse/LEDcontroller/_SDK/STM32Cube_FW_F1_V1.4.0/Drivers/CMSIS/Device/ST/STM32F1xx/Include" -I"/home/andre/eclipse/LEDcontroller/_SDK/STM32Cube_FW_F1_V1.4.0/Drivers/CMSIS/Include" -I"/home/andre/eclipse/LEDcontroller/_SDK/STM32Cube_FW_F1_V1.4.0/Drivers/STM32F1xx_HAL_Driver/Inc" -I"/home/andre/eclipse/LEDcontroller/_SDK/STM32Cube_FW_F1_V1.4.0/Drivers/STM32F1xx_HAL_Driver/Inc/Legacy" -I"/home/andre/eclipse/LEDcontroller/_SDK/STM32Cube_FW_F1_V1.4.0/Middlewares/ST/STM32_USB_Device_Library/Core/Inc" -I"/home/andre/eclipse/LEDcontroller/LED_Controller_STM/USB_Class_LED/Inc" -I"/home/andre/eclipse/LEDcontroller/LED_Controller_STM/inc" -I"/home/andre/eclipse/LEDcontroller/LED_Controller_STM/cfg" -I"/home/andre/eclipse/LEDcontroller/_Common/STM32/inc" -I"/home/andre/eclipse/LEDcontroller/_Common/Any/inc" -I"/home/andre/eclipse/LEDcontroller/_Common/GenericARM" -std=gnu11 -MMD -MP -MF"sdk/stm32f1xx_hal_nand.d" -MT"sdk/stm32f1xx_hal_nand.o" -c -o "sdk/stm32f1xx_hal_nand.o" "/home/andre/eclipse/LEDcontroller/_SDK/STM32Cube_FW_F1_V1.4.0/Drivers/STM32F1xx_HAL_Driver/Src/stm32f1xx_hal_nand.c"
Finished building: /home/andre/eclipse/LEDcontroller/_SDK/STM32Cube_FW_F1_V1.4.0/Drivers/STM32F1xx_HAL_Driver/Src/stm32f1xx_hal_nand.c
 
Building file: /home/andre/eclipse/LEDcontroller/_SDK/STM32Cube_FW_F1_V1.4.0/Drivers/STM32F1xx_HAL_Driver/Src/stm32f1xx_hal_nor.c
Invoking: Cross ARM C Compiler
arm-none-eabi-gcc -mcpu=cortex-m3 -mthumb -O0 -fmessage-length=0 -fsigned-char -ffunction-sections -fdata-sections  -g3 -DSTM32F103xB -I"/home/andre/eclipse/LEDcontroller/_SDK/STM32Cube_FW_F1_V1.4.0/Drivers/CMSIS/Device/ST/STM32F1xx/Include" -I"/home/andre/eclipse/LEDcontroller/_SDK/STM32Cube_FW_F1_V1.4.0/Drivers/CMSIS/Include" -I"/home/andre/eclipse/LEDcontroller/_SDK/STM32Cube_FW_F1_V1.4.0/Drivers/STM32F1xx_HAL_Driver/Inc" -I"/home/andre/eclipse/LEDcontroller/_SDK/STM32Cube_FW_F1_V1.4.0/Drivers/STM32F1xx_HAL_Driver/Inc/Legacy" -I"/home/andre/eclipse/LEDcontroller/_SDK/STM32Cube_FW_F1_V1.4.0/Middlewares/ST/STM32_USB_Device_Library/Core/Inc" -I"/home/andre/eclipse/LEDcontroller/LED_Controller_STM/USB_Class_LED/Inc" -I"/home/andre/eclipse/LEDcontroller/LED_Controller_STM/inc" -I"/home/andre/eclipse/LEDcontroller/LED_Controller_STM/cfg" -I"/home/andre/eclipse/LEDcontroller/_Common/STM32/inc" -I"/home/andre/eclipse/LEDcontroller/_Common/Any/inc" -I"/home/andre/eclipse/LEDcontroller/_Common/GenericARM" -std=gnu11 -MMD -MP -MF"sdk/stm32f1xx_hal_nor.d" -MT"sdk/stm32f1xx_hal_nor.o" -c -o "sdk/stm32f1xx_hal_nor.o" "/home/andre/eclipse/LEDcontroller/_SDK/STM32Cube_FW_F1_V1.4.0/Drivers/STM32F1xx_HAL_Driver/Src/stm32f1xx_hal_nor.c"
Finished building: /home/andre/eclipse/LEDcontroller/_SDK/STM32Cube_FW_F1_V1.4.0/Drivers/STM32F1xx_HAL_Driver/Src/stm32f1xx_hal_nor.c
 
Building file: /home/andre/eclipse/LEDcontroller/_SDK/STM32Cube_FW_F1_V1.4.0/Drivers/STM32F1xx_HAL_Driver/Src/stm32f1xx_hal_pccard.c
Invoking: Cross ARM C Compiler
arm-none-eabi-gcc -mcpu=cortex-m3 -mthumb -O0 -fmessage-length=0 -fsigned-char -ffunction-sections -fdata-sections  -g3 -DSTM32F103xB -I"/home/andre/eclipse/LEDcontroller/_SDK/STM32Cube_FW_F1_V1.4.0/Drivers/CMSIS/Device/ST/STM32F1xx/Include" -I"/home/andre/eclipse/LEDcontroller/_SDK/STM32Cube_FW_F1_V1.4.0/Drivers/CMSIS/Include" -I"/home/andre/eclipse/LEDcontroller/_SDK/STM32Cube_FW_F1_V1.4.0/Drivers/STM32F1xx_HAL_Driver/Inc" -I"/home/andre/eclipse/LEDcontroller/_SDK/STM32Cube_FW_F1_V1.4.0/Drivers/STM32F1xx_HAL_Driver/Inc/Legacy" -I"/home/andre/eclipse/LEDcontroller/_SDK/STM32Cube_FW_F1_V1.4.0/Middlewares/ST/STM32_USB_Device_Library/Core/Inc" -I"/home/andre/eclipse/LEDcontroller/LED_Controller_STM/USB_Class_LED/Inc" -I"/home/andre/eclipse/LEDcontroller/LED_Controller_STM/inc" -I"/home/andre/eclipse/LEDcontroller/LED_Controller_STM/cfg" -I"/home/andre/eclipse/LEDcontroller/_Common/STM32/inc" -I"/home/andre/eclipse/LEDcontroller/_Common/Any/inc" -I"/home/andre/eclipse/LEDcontroller/_Common/GenericARM" -std=gnu11 -MMD -MP -MF"sdk/stm32f1xx_hal_pccard.d" -MT"sdk/stm32f1xx_hal_pccard.o" -c -o "sdk/stm32f1xx_hal_pccard.o" "/home/andre/eclipse/LEDcontroller/_SDK/STM32Cube_FW_F1_V1.4.0/Drivers/STM32F1xx_HAL_Driver/Src/stm32f1xx_hal_pccard.c"
Finished building: /home/andre/eclipse/LEDcontroller/_SDK/STM32Cube_FW_F1_V1.4.0/Drivers/STM32F1xx_HAL_Driver/Src/stm32f1xx_hal_pccard.c
 
Building file: /home/andre/eclipse/LEDcontroller/_SDK/STM32Cube_FW_F1_V1.4.0/Drivers/STM32F1xx_HAL_Driver/Src/stm32f1xx_hal_pcd.c
Invoking: Cross ARM C Compiler
arm-none-eabi-gcc -mcpu=cortex-m3 -mthumb -O0 -fmessage-length=0 -fsigned-char -ffunction-sections -fdata-sections  -g3 -DSTM32F103xB -I"/home/andre/eclipse/LEDcontroller/_SDK/STM32Cube_FW_F1_V1.4.0/Drivers/CMSIS/Device/ST/STM32F1xx/Include" -I"/home/andre/eclipse/LEDcontroller/_SDK/STM32Cube_FW_F1_V1.4.0/Drivers/CMSIS/Include" -I"/home/andre/eclipse/LEDcontroller/_SDK/STM32Cube_FW_F1_V1.4.0/Drivers/STM32F1xx_HAL_Driver/Inc" -I"/home/andre/eclipse/LEDcontroller/_SDK/STM32Cube_FW_F1_V1.4.0/Drivers/STM32F1xx_HAL_Driver/Inc/Legacy" -I"/home/andre/eclipse/LEDcontroller/_SDK/STM32Cube_FW_F1_V1.4.0/Middlewares/ST/STM32_USB_Device_Library/Core/Inc" -I"/home/andre/eclipse/LEDcontroller/LED_Controller_STM/USB_Class_LED/Inc" -I"/home/andre/eclipse/LEDcontroller/LED_Controller_STM/inc" -I"/home/andre/eclipse/LEDcontroller/LED_Controller_STM/cfg" -I"/home/andre/eclipse/LEDcontroller/_Common/STM32/inc" -I"/home/andre/eclipse/LEDcontroller/_Common/Any/inc" -I"/home/andre/eclipse/LEDcontroller/_Common/GenericARM" -std=gnu11 -MMD -MP -MF"sdk/stm32f1xx_hal_pcd.d" -MT"sdk/stm32f1xx_hal_pcd.o" -c -o "sdk/stm32f1xx_hal_pcd.o" "/home/andre/eclipse/LEDcontroller/_SDK/STM32Cube_FW_F1_V1.4.0/Drivers/STM32F1xx_HAL_Driver/Src/stm32f1xx_hal_pcd.c"
Finished building: /home/andre/eclipse/LEDcontroller/_SDK/STM32Cube_FW_F1_V1.4.0/Drivers/STM32F1xx_HAL_Driver/Src/stm32f1xx_hal_pcd.c
 
Building file: /home/andre/eclipse/LEDcontroller/_SDK/STM32Cube_FW_F1_V1.4.0/Drivers/STM32F1xx_HAL_Driver/Src/stm32f1xx_hal_pcd_ex.c
Invoking: Cross ARM C Compiler
arm-none-eabi-gcc -mcpu=cortex-m3 -mthumb -O0 -fmessage-length=0 -fsigned-char -ffunction-sections -fdata-sections  -g3 -DSTM32F103xB -I"/home/andre/eclipse/LEDcontroller/_SDK/STM32Cube_FW_F1_V1.4.0/Drivers/CMSIS/Device/ST/STM32F1xx/Include" -I"/home/andre/eclipse/LEDcontroller/_SDK/STM32Cube_FW_F1_V1.4.0/Drivers/CMSIS/Include" -I"/home/andre/eclipse/LEDcontroller/_SDK/STM32Cube_FW_F1_V1.4.0/Drivers/STM32F1xx_HAL_Driver/Inc" -I"/home/andre/eclipse/LEDcontroller/_SDK/STM32Cube_FW_F1_V1.4.0/Drivers/STM32F1xx_HAL_Driver/Inc/Legacy" -I"/home/andre/eclipse/LEDcontroller/_SDK/STM32Cube_FW_F1_V1.4.0/Middlewares/ST/STM32_USB_Device_Library/Core/Inc" -I"/home/andre/eclipse/LEDcontroller/LED_Controller_STM/USB_Class_LED/Inc" -I"/home/andre/eclipse/LEDcontroller/LED_Controller_STM/inc" -I"/home/andre/eclipse/LEDcontroller/LED_Controller_STM/cfg" -I"/home/andre/eclipse/LEDcontroller/_Common/STM32/inc" -I"/home/andre/eclipse/LEDcontroller/_Common/Any/inc" -I"/home/andre/eclipse/LEDcontroller/_Common/GenericARM" -std=gnu11 -MMD -MP -MF"sdk/stm32f1xx_hal_pcd_ex.d" -MT"sdk/stm32f1xx_hal_pcd_ex.o" -c -o "sdk/stm32f1xx_hal_pcd_ex.o" "/home/andre/eclipse/LEDcontroller/_SDK/STM32Cube_FW_F1_V1.4.0/Drivers/STM32F1xx_HAL_Driver/Src/stm32f1xx_hal_pcd_ex.c"
Finished building: /home/andre/eclipse/LEDcontroller/_SDK/STM32Cube_FW_F1_V1.4.0/Drivers/STM32F1xx_HAL_Driver/Src/stm32f1xx_hal_pcd_ex.c
 
Building file: /home/andre/eclipse/LEDcontroller/_SDK/STM32Cube_FW_F1_V1.4.0/Drivers/STM32F1xx_HAL_Driver/Src/stm32f1xx_hal_pwr.c
Invoking: Cross ARM C Compiler
arm-none-eabi-gcc -mcpu=cortex-m3 -mthumb -O0 -fmessage-length=0 -fsigned-char -ffunction-sections -fdata-sections  -g3 -DSTM32F103xB -I"/home/andre/eclipse/LEDcontroller/_SDK/STM32Cube_FW_F1_V1.4.0/Drivers/CMSIS/Device/ST/STM32F1xx/Include" -I"/home/andre/eclipse/LEDcontroller/_SDK/STM32Cube_FW_F1_V1.4.0/Drivers/CMSIS/Include" -I"/home/andre/eclipse/LEDcontroller/_SDK/STM32Cube_FW_F1_V1.4.0/Drivers/STM32F1xx_HAL_Driver/Inc" -I"/home/andre/eclipse/LEDcontroller/_SDK/STM32Cube_FW_F1_V1.4.0/Drivers/STM32F1xx_HAL_Driver/Inc/Legacy" -I"/home/andre/eclipse/LEDcontroller/_SDK/STM32Cube_FW_F1_V1.4.0/Middlewares/ST/STM32_USB_Device_Library/Core/Inc" -I"/home/andre/eclipse/LEDcontroller/LED_Controller_STM/USB_Class_LED/Inc" -I"/home/andre/eclipse/LEDcontroller/LED_Controller_STM/inc" -I"/home/andre/eclipse/LEDcontroller/LED_Controller_STM/cfg" -I"/home/andre/eclipse/LEDcontroller/_Common/STM32/inc" -I"/home/andre/eclipse/LEDcontroller/_Common/Any/inc" -I"/home/andre/eclipse/LEDcontroller/_Common/GenericARM" -std=gnu11 -MMD -MP -MF"sdk/stm32f1xx_hal_pwr.d" -MT"sdk/stm32f1xx_hal_pwr.o" -c -o "sdk/stm32f1xx_hal_pwr.o" "/home/andre/eclipse/LEDcontroller/_SDK/STM32Cube_FW_F1_V1.4.0/Drivers/STM32F1xx_HAL_Driver/Src/stm32f1xx_hal_pwr.c"
Finished building: /home/andre/eclipse/LEDcontroller/_SDK/STM32Cube_FW_F1_V1.4.0/Drivers/STM32F1xx_HAL_Driver/Src/stm32f1xx_hal_pwr.c
 
Building file: /home/andre/eclipse/LEDcontroller/_SDK/STM32Cube_FW_F1_V1.4.0/Drivers/STM32F1xx_HAL_Driver/Src/stm32f1xx_hal_rcc.c
Invoking: Cross ARM C Compiler
arm-none-eabi-gcc -mcpu=cortex-m3 -mthumb -O0 -fmessage-length=0 -fsigned-char -ffunction-sections -fdata-sections  -g3 -DSTM32F103xB -I"/home/andre/eclipse/LEDcontroller/_SDK/STM32Cube_FW_F1_V1.4.0/Drivers/CMSIS/Device/ST/STM32F1xx/Include" -I"/home/andre/eclipse/LEDcontroller/_SDK/STM32Cube_FW_F1_V1.4.0/Drivers/CMSIS/Include" -I"/home/andre/eclipse/LEDcontroller/_SDK/STM32Cube_FW_F1_V1.4.0/Drivers/STM32F1xx_HAL_Driver/Inc" -I"/home/andre/eclipse/LEDcontroller/_SDK/STM32Cube_FW_F1_V1.4.0/Drivers/STM32F1xx_HAL_Driver/Inc/Legacy" -I"/home/andre/eclipse/LEDcontroller/_SDK/STM32Cube_FW_F1_V1.4.0/Middlewares/ST/STM32_USB_Device_Library/Core/Inc" -I"/home/andre/eclipse/LEDcontroller/LED_Controller_STM/USB_Class_LED/Inc" -I"/home/andre/eclipse/LEDcontroller/LED_Controller_STM/inc" -I"/home/andre/eclipse/LEDcontroller/LED_Controller_STM/cfg" -I"/home/andre/eclipse/LEDcontroller/_Common/STM32/inc" -I"/home/andre/eclipse/LEDcontroller/_Common/Any/inc" -I"/home/andre/eclipse/LEDcontroller/_Common/GenericARM" -std=gnu11 -MMD -MP -MF"sdk/stm32f1xx_hal_rcc.d" -MT"sdk/stm32f1xx_hal_rcc.o" -c -o "sdk/stm32f1xx_hal_rcc.o" "/home/andre/eclipse/LEDcontroller/_SDK/STM32Cube_FW_F1_V1.4.0/Drivers/STM32F1xx_HAL_Driver/Src/stm32f1xx_hal_rcc.c"
Finished building: /home/andre/eclipse/LEDcontroller/_SDK/STM32Cube_FW_F1_V1.4.0/Drivers/STM32F1xx_HAL_Driver/Src/stm32f1xx_hal_rcc.c
 
Building file: /home/andre/eclipse/LEDcontroller/_SDK/STM32Cube_FW_F1_V1.4.0/Drivers/STM32F1xx_HAL_Driver/Src/stm32f1xx_hal_rcc_ex.c
Invoking: Cross ARM C Compiler
arm-none-eabi-gcc -mcpu=cortex-m3 -mthumb -O0 -fmessage-length=0 -fsigned-char -ffunction-sections -fdata-sections  -g3 -DSTM32F103xB -I"/home/andre/eclipse/LEDcontroller/_SDK/STM32Cube_FW_F1_V1.4.0/Drivers/CMSIS/Device/ST/STM32F1xx/Include" -I"/home/andre/eclipse/LEDcontroller/_SDK/STM32Cube_FW_F1_V1.4.0/Drivers/CMSIS/Include" -I"/home/andre/eclipse/LEDcontroller/_SDK/STM32Cube_FW_F1_V1.4.0/Drivers/STM32F1xx_HAL_Driver/Inc" -I"/home/andre/eclipse/LEDcontroller/_SDK/STM32Cube_FW_F1_V1.4.0/Drivers/STM32F1xx_HAL_Driver/Inc/Legacy" -I"/home/andre/eclipse/LEDcontroller/_SDK/STM32Cube_FW_F1_V1.4.0/Middlewares/ST/STM32_USB_Device_Library/Core/Inc" -I"/home/andre/eclipse/LEDcontroller/LED_Controller_STM/USB_Class_LED/Inc" -I"/home/andre/eclipse/LEDcontroller/LED_Controller_STM/inc" -I"/home/andre/eclipse/LEDcontroller/LED_Controller_STM/cfg" -I"/home/andre/eclipse/LEDcontroller/_Common/STM32/inc" -I"/home/andre/eclipse/LEDcontroller/_Common/Any/inc" -I"/home/andre/eclipse/LEDcontroller/_Common/GenericARM" -std=gnu11 -MMD -MP -MF"sdk/stm32f1xx_hal_rcc_ex.d" -MT"sdk/stm32f1xx_hal_rcc_ex.o" -c -o "sdk/stm32f1xx_hal_rcc_ex.o" "/home/andre/eclipse/LEDcontroller/_SDK/STM32Cube_FW_F1_V1.4.0/Drivers/STM32F1xx_HAL_Driver/Src/stm32f1xx_hal_rcc_ex.c"
Finished building: /home/andre/eclipse/LEDcontroller/_SDK/STM32Cube_FW_F1_V1.4.0/Drivers/STM32F1xx_HAL_Driver/Src/stm32f1xx_hal_rcc_ex.c
 
Building file: /home/andre/eclipse/LEDcontroller/_SDK/STM32Cube_FW_F1_V1.4.0/Drivers/STM32F1xx_HAL_Driver/Src/stm32f1xx_hal_rtc.c
Invoking: Cross ARM C Compiler
arm-none-eabi-gcc -mcpu=cortex-m3 -mthumb -O0 -fmessage-length=0 -fsigned-char -ffunction-sections -fdata-sections  -g3 -DSTM32F103xB -I"/home/andre/eclipse/LEDcontroller/_SDK/STM32Cube_FW_F1_V1.4.0/Drivers/CMSIS/Device/ST/STM32F1xx/Include" -I"/home/andre/eclipse/LEDcontroller/_SDK/STM32Cube_FW_F1_V1.4.0/Drivers/CMSIS/Include" -I"/home/andre/eclipse/LEDcontroller/_SDK/STM32Cube_FW_F1_V1.4.0/Drivers/STM32F1xx_HAL_Driver/Inc" -I"/home/andre/eclipse/LEDcontroller/_SDK/STM32Cube_FW_F1_V1.4.0/Drivers/STM32F1xx_HAL_Driver/Inc/Legacy" -I"/home/andre/eclipse/LEDcontroller/_SDK/STM32Cube_FW_F1_V1.4.0/Middlewares/ST/STM32_USB_Device_Library/Core/Inc" -I"/home/andre/eclipse/LEDcontroller/LED_Controller_STM/USB_Class_LED/Inc" -I"/home/andre/eclipse/LEDcontroller/LED_Controller_STM/inc" -I"/home/andre/eclipse/LEDcontroller/LED_Controller_STM/cfg" -I"/home/andre/eclipse/LEDcontroller/_Common/STM32/inc" -I"/home/andre/eclipse/LEDcontroller/_Common/Any/inc" -I"/home/andre/eclipse/LEDcontroller/_Common/GenericARM" -std=gnu11 -MMD -MP -MF"sdk/stm32f1xx_hal_rtc.d" -MT"sdk/stm32f1xx_hal_rtc.o" -c -o "sdk/stm32f1xx_hal_rtc.o" "/home/andre/eclipse/LEDcontroller/_SDK/STM32Cube_FW_F1_V1.4.0/Drivers/STM32F1xx_HAL_Driver/Src/stm32f1xx_hal_rtc.c"
Finished building: /home/andre/eclipse/LEDcontroller/_SDK/STM32Cube_FW_F1_V1.4.0/Drivers/STM32F1xx_HAL_Driver/Src/stm32f1xx_hal_rtc.c
 
Building file: /home/andre/eclipse/LEDcontroller/_SDK/STM32Cube_FW_F1_V1.4.0/Drivers/STM32F1xx_HAL_Driver/Src/stm32f1xx_hal_rtc_ex.c
Invoking: Cross ARM C Compiler
arm-none-eabi-gcc -mcpu=cortex-m3 -mthumb -O0 -fmessage-length=0 -fsigned-char -ffunction-sections -fdata-sections  -g3 -DSTM32F103xB -I"/home/andre/eclipse/LEDcontroller/_SDK/STM32Cube_FW_F1_V1.4.0/Drivers/CMSIS/Device/ST/STM32F1xx/Include" -I"/home/andre/eclipse/LEDcontroller/_SDK/STM32Cube_FW_F1_V1.4.0/Drivers/CMSIS/Include" -I"/home/andre/eclipse/LEDcontroller/_SDK/STM32Cube_FW_F1_V1.4.0/Drivers/STM32F1xx_HAL_Driver/Inc" -I"/home/andre/eclipse/LEDcontroller/_SDK/STM32Cube_FW_F1_V1.4.0/Drivers/STM32F1xx_HAL_Driver/Inc/Legacy" -I"/home/andre/eclipse/LEDcontroller/_SDK/STM32Cube_FW_F1_V1.4.0/Middlewares/ST/STM32_USB_Device_Library/Core/Inc" -I"/home/andre/eclipse/LEDcontroller/LED_Controller_STM/USB_Class_LED/Inc" -I"/home/andre/eclipse/LEDcontroller/LED_Controller_STM/inc" -I"/home/andre/eclipse/LEDcontroller/LED_Controller_STM/cfg" -I"/home/andre/eclipse/LEDcontroller/_Common/STM32/inc" -I"/home/andre/eclipse/LEDcontroller/_Common/Any/inc" -I"/home/andre/eclipse/LEDcontroller/_Common/GenericARM" -std=gnu11 -MMD -MP -MF"sdk/stm32f1xx_hal_rtc_ex.d" -MT"sdk/stm32f1xx_hal_rtc_ex.o" -c -o "sdk/stm32f1xx_hal_rtc_ex.o" "/home/andre/eclipse/LEDcontroller/_SDK/STM32Cube_FW_F1_V1.4.0/Drivers/STM32F1xx_HAL_Driver/Src/stm32f1xx_hal_rtc_ex.c"
Finished building: /home/andre/eclipse/LEDcontroller/_SDK/STM32Cube_FW_F1_V1.4.0/Drivers/STM32F1xx_HAL_Driver/Src/stm32f1xx_hal_rtc_ex.c
 
Building file: /home/andre/eclipse/LEDcontroller/_SDK/STM32Cube_FW_F1_V1.4.0/Drivers/STM32F1xx_HAL_Driver/Src/stm32f1xx_hal_sd.c
Invoking: Cross ARM C Compiler
arm-none-eabi-gcc -mcpu=cortex-m3 -mthumb -O0 -fmessage-length=0 -fsigned-char -ffunction-sections -fdata-sections  -g3 -DSTM32F103xB -I"/home/andre/eclipse/LEDcontroller/_SDK/STM32Cube_FW_F1_V1.4.0/Drivers/CMSIS/Device/ST/STM32F1xx/Include" -I"/home/andre/eclipse/LEDcontroller/_SDK/STM32Cube_FW_F1_V1.4.0/Drivers/CMSIS/Include" -I"/home/andre/eclipse/LEDcontroller/_SDK/STM32Cube_FW_F1_V1.4.0/Drivers/STM32F1xx_HAL_Driver/Inc" -I"/home/andre/eclipse/LEDcontroller/_SDK/STM32Cube_FW_F1_V1.4.0/Drivers/STM32F1xx_HAL_Driver/Inc/Legacy" -I"/home/andre/eclipse/LEDcontroller/_SDK/STM32Cube_FW_F1_V1.4.0/Middlewares/ST/STM32_USB_Device_Library/Core/Inc" -I"/home/andre/eclipse/LEDcontroller/LED_Controller_STM/USB_Class_LED/Inc" -I"/home/andre/eclipse/LEDcontroller/LED_Controller_STM/inc" -I"/home/andre/eclipse/LEDcontroller/LED_Controller_STM/cfg" -I"/home/andre/eclipse/LEDcontroller/_Common/STM32/inc" -I"/home/andre/eclipse/LEDcontroller/_Common/Any/inc" -I"/home/andre/eclipse/LEDcontroller/_Common/GenericARM" -std=gnu11 -MMD -MP -MF"sdk/stm32f1xx_hal_sd.d" -MT"sdk/stm32f1xx_hal_sd.o" -c -o "sdk/stm32f1xx_hal_sd.o" "/home/andre/eclipse/LEDcontroller/_SDK/STM32Cube_FW_F1_V1.4.0/Drivers/STM32F1xx_HAL_Driver/Src/stm32f1xx_hal_sd.c"
Finished building: /home/andre/eclipse/LEDcontroller/_SDK/STM32Cube_FW_F1_V1.4.0/Drivers/STM32F1xx_HAL_Driver/Src/stm32f1xx_hal_sd.c
 
Building file: /home/andre/eclipse/LEDcontroller/_SDK/STM32Cube_FW_F1_V1.4.0/Drivers/STM32F1xx_HAL_Driver/Src/stm32f1xx_hal_smartcard.c
Invoking: Cross ARM C Compiler
arm-none-eabi-gcc -mcpu=cortex-m3 -mthumb -O0 -fmessage-length=0 -fsigned-char -ffunction-sections -fdata-sections  -g3 -DSTM32F103xB -I"/home/andre/eclipse/LEDcontroller/_SDK/STM32Cube_FW_F1_V1.4.0/Drivers/CMSIS/Device/ST/STM32F1xx/Include" -I"/home/andre/eclipse/LEDcontroller/_SDK/STM32Cube_FW_F1_V1.4.0/Drivers/CMSIS/Include" -I"/home/andre/eclipse/LEDcontroller/_SDK/STM32Cube_FW_F1_V1.4.0/Drivers/STM32F1xx_HAL_Driver/Inc" -I"/home/andre/eclipse/LEDcontroller/_SDK/STM32Cube_FW_F1_V1.4.0/Drivers/STM32F1xx_HAL_Driver/Inc/Legacy" -I"/home/andre/eclipse/LEDcontroller/_SDK/STM32Cube_FW_F1_V1.4.0/Middlewares/ST/STM32_USB_Device_Library/Core/Inc" -I"/home/andre/eclipse/LEDcontroller/LED_Controller_STM/USB_Class_LED/Inc" -I"/home/andre/eclipse/LEDcontroller/LED_Controller_STM/inc" -I"/home/andre/eclipse/LEDcontroller/LED_Controller_STM/cfg" -I"/home/andre/eclipse/LEDcontroller/_Common/STM32/inc" -I"/home/andre/eclipse/LEDcontroller/_Common/Any/inc" -I"/home/andre/eclipse/LEDcontroller/_Common/GenericARM" -std=gnu11 -MMD -MP -MF"sdk/stm32f1xx_hal_smartcard.d" -MT"sdk/stm32f1xx_hal_smartcard.o" -c -o "sdk/stm32f1xx_hal_smartcard.o" "/home/andre/eclipse/LEDcontroller/_SDK/STM32Cube_FW_F1_V1.4.0/Drivers/STM32F1xx_HAL_Driver/Src/stm32f1xx_hal_smartcard.c"
Finished building: /home/andre/eclipse/LEDcontroller/_SDK/STM32Cube_FW_F1_V1.4.0/Drivers/STM32F1xx_HAL_Driver/Src/stm32f1xx_hal_smartcard.c
 
Building file: /home/andre/eclipse/LEDcontroller/_SDK/STM32Cube_FW_F1_V1.4.0/Drivers/STM32F1xx_HAL_Driver/Src/stm32f1xx_hal_spi.c
Invoking: Cross ARM C Compiler
arm-none-eabi-gcc -mcpu=cortex-m3 -mthumb -O0 -fmessage-length=0 -fsigned-char -ffunction-sections -fdata-sections  -g3 -DSTM32F103xB -I"/home/andre/eclipse/LEDcontroller/_SDK/STM32Cube_FW_F1_V1.4.0/Drivers/CMSIS/Device/ST/STM32F1xx/Include" -I"/home/andre/eclipse/LEDcontroller/_SDK/STM32Cube_FW_F1_V1.4.0/Drivers/CMSIS/Include" -I"/home/andre/eclipse/LEDcontroller/_SDK/STM32Cube_FW_F1_V1.4.0/Drivers/STM32F1xx_HAL_Driver/Inc" -I"/home/andre/eclipse/LEDcontroller/_SDK/STM32Cube_FW_F1_V1.4.0/Drivers/STM32F1xx_HAL_Driver/Inc/Legacy" -I"/home/andre/eclipse/LEDcontroller/_SDK/STM32Cube_FW_F1_V1.4.0/Middlewares/ST/STM32_USB_Device_Library/Core/Inc" -I"/home/andre/eclipse/LEDcontroller/LED_Controller_STM/USB_Class_LED/Inc" -I"/home/andre/eclipse/LEDcontroller/LED_Controller_STM/inc" -I"/home/andre/eclipse/LEDcontroller/LED_Controller_STM/cfg" -I"/home/andre/eclipse/LEDcontroller/_Common/STM32/inc" -I"/home/andre/eclipse/LEDcontroller/_Common/Any/inc" -I"/home/andre/eclipse/LEDcontroller/_Common/GenericARM" -std=gnu11 -MMD -MP -MF"sdk/stm32f1xx_hal_spi.d" -MT"sdk/stm32f1xx_hal_spi.o" -c -o "sdk/stm32f1xx_hal_spi.o" "/home/andre/eclipse/LEDcontroller/_SDK/STM32Cube_FW_F1_V1.4.0/Drivers/STM32F1xx_HAL_Driver/Src/stm32f1xx_hal_spi.c"
Finished building: /home/andre/eclipse/LEDcontroller/_SDK/STM32Cube_FW_F1_V1.4.0/Drivers/STM32F1xx_HAL_Driver/Src/stm32f1xx_hal_spi.c
 
Building file: /home/andre/eclipse/LEDcontroller/_SDK/STM32Cube_FW_F1_V1.4.0/Drivers/STM32F1xx_HAL_Driver/Src/stm32f1xx_hal_spi_ex.c
Invoking: Cross ARM C Compiler
arm-none-eabi-gcc -mcpu=cortex-m3 -mthumb -O0 -fmessage-length=0 -fsigned-char -ffunction-sections -fdata-sections  -g3 -DSTM32F103xB -I"/home/andre/eclipse/LEDcontroller/_SDK/STM32Cube_FW_F1_V1.4.0/Drivers/CMSIS/Device/ST/STM32F1xx/Include" -I"/home/andre/eclipse/LEDcontroller/_SDK/STM32Cube_FW_F1_V1.4.0/Drivers/CMSIS/Include" -I"/home/andre/eclipse/LEDcontroller/_SDK/STM32Cube_FW_F1_V1.4.0/Drivers/STM32F1xx_HAL_Driver/Inc" -I"/home/andre/eclipse/LEDcontroller/_SDK/STM32Cube_FW_F1_V1.4.0/Drivers/STM32F1xx_HAL_Driver/Inc/Legacy" -I"/home/andre/eclipse/LEDcontroller/_SDK/STM32Cube_FW_F1_V1.4.0/Middlewares/ST/STM32_USB_Device_Library/Core/Inc" -I"/home/andre/eclipse/LEDcontroller/LED_Controller_STM/USB_Class_LED/Inc" -I"/home/andre/eclipse/LEDcontroller/LED_Controller_STM/inc" -I"/home/andre/eclipse/LEDcontroller/LED_Controller_STM/cfg" -I"/home/andre/eclipse/LEDcontroller/_Common/STM32/inc" -I"/home/andre/eclipse/LEDcontroller/_Common/Any/inc" -I"/home/andre/eclipse/LEDcontroller/_Common/GenericARM" -std=gnu11 -MMD -MP -MF"sdk/stm32f1xx_hal_spi_ex.d" -MT"sdk/stm32f1xx_hal_spi_ex.o" -c -o "sdk/stm32f1xx_hal_spi_ex.o" "/home/andre/eclipse/LEDcontroller/_SDK/STM32Cube_FW_F1_V1.4.0/Drivers/STM32F1xx_HAL_Driver/Src/stm32f1xx_hal_spi_ex.c"
Finished building: /home/andre/eclipse/LEDcontroller/_SDK/STM32Cube_FW_F1_V1.4.0/Drivers/STM32F1xx_HAL_Driver/Src/stm32f1xx_hal_spi_ex.c
 
Building file: /home/andre/eclipse/LEDcontroller/_SDK/STM32Cube_FW_F1_V1.4.0/Drivers/STM32F1xx_HAL_Driver/Src/stm32f1xx_hal_sram.c
Invoking: Cross ARM C Compiler
arm-none-eabi-gcc -mcpu=cortex-m3 -mthumb -O0 -fmessage-length=0 -fsigned-char -ffunction-sections -fdata-sections  -g3 -DSTM32F103xB -I"/home/andre/eclipse/LEDcontroller/_SDK/STM32Cube_FW_F1_V1.4.0/Drivers/CMSIS/Device/ST/STM32F1xx/Include" -I"/home/andre/eclipse/LEDcontroller/_SDK/STM32Cube_FW_F1_V1.4.0/Drivers/CMSIS/Include" -I"/home/andre/eclipse/LEDcontroller/_SDK/STM32Cube_FW_F1_V1.4.0/Drivers/STM32F1xx_HAL_Driver/Inc" -I"/home/andre/eclipse/LEDcontroller/_SDK/STM32Cube_FW_F1_V1.4.0/Drivers/STM32F1xx_HAL_Driver/Inc/Legacy" -I"/home/andre/eclipse/LEDcontroller/_SDK/STM32Cube_FW_F1_V1.4.0/Middlewares/ST/STM32_USB_Device_Library/Core/Inc" -I"/home/andre/eclipse/LEDcontroller/LED_Controller_STM/USB_Class_LED/Inc" -I"/home/andre/eclipse/LEDcontroller/LED_Controller_STM/inc" -I"/home/andre/eclipse/LEDcontroller/LED_Controller_STM/cfg" -I"/home/andre/eclipse/LEDcontroller/_Common/STM32/inc" -I"/home/andre/eclipse/LEDcontroller/_Common/Any/inc" -I"/home/andre/eclipse/LEDcontroller/_Common/GenericARM" -std=gnu11 -MMD -MP -MF"sdk/stm32f1xx_hal_sram.d" -MT"sdk/stm32f1xx_hal_sram.o" -c -o "sdk/stm32f1xx_hal_sram.o" "/home/andre/eclipse/LEDcontroller/_SDK/STM32Cube_FW_F1_V1.4.0/Drivers/STM32F1xx_HAL_Driver/Src/stm32f1xx_hal_sram.c"
Finished building: /home/andre/eclipse/LEDcontroller/_SDK/STM32Cube_FW_F1_V1.4.0/Drivers/STM32F1xx_HAL_Driver/Src/stm32f1xx_hal_sram.c
 
Building file: /home/andre/eclipse/LEDcontroller/_SDK/STM32Cube_FW_F1_V1.4.0/Drivers/STM32F1xx_HAL_Driver/Src/stm32f1xx_hal_tim.c
Invoking: Cross ARM C Compiler
arm-none-eabi-gcc -mcpu=cortex-m3 -mthumb -O0 -fmessage-length=0 -fsigned-char -ffunction-sections -fdata-sections  -g3 -DSTM32F103xB -I"/home/andre/eclipse/LEDcontroller/_SDK/STM32Cube_FW_F1_V1.4.0/Drivers/CMSIS/Device/ST/STM32F1xx/Include" -I"/home/andre/eclipse/LEDcontroller/_SDK/STM32Cube_FW_F1_V1.4.0/Drivers/CMSIS/Include" -I"/home/andre/eclipse/LEDcontroller/_SDK/STM32Cube_FW_F1_V1.4.0/Drivers/STM32F1xx_HAL_Driver/Inc" -I"/home/andre/eclipse/LEDcontroller/_SDK/STM32Cube_FW_F1_V1.4.0/Drivers/STM32F1xx_HAL_Driver/Inc/Legacy" -I"/home/andre/eclipse/LEDcontroller/_SDK/STM32Cube_FW_F1_V1.4.0/Middlewares/ST/STM32_USB_Device_Library/Core/Inc" -I"/home/andre/eclipse/LEDcontroller/LED_Controller_STM/USB_Class_LED/Inc" -I"/home/andre/eclipse/LEDcontroller/LED_Controller_STM/inc" -I"/home/andre/eclipse/LEDcontroller/LED_Controller_STM/cfg" -I"/home/andre/eclipse/LEDcontroller/_Common/STM32/inc" -I"/home/andre/eclipse/LEDcontroller/_Common/Any/inc" -I"/home/andre/eclipse/LEDcontroller/_Common/GenericARM" -std=gnu11 -MMD -MP -MF"sdk/stm32f1xx_hal_tim.d" -MT"sdk/stm32f1xx_hal_tim.o" -c -o "sdk/stm32f1xx_hal_tim.o" "/home/andre/eclipse/LEDcontroller/_SDK/STM32Cube_FW_F1_V1.4.0/Drivers/STM32F1xx_HAL_Driver/Src/stm32f1xx_hal_tim.c"
Finished building: /home/andre/eclipse/LEDcontroller/_SDK/STM32Cube_FW_F1_V1.4.0/Drivers/STM32F1xx_HAL_Driver/Src/stm32f1xx_hal_tim.c
 
Building file: /home/andre/eclipse/LEDcontroller/_SDK/STM32Cube_FW_F1_V1.4.0/Drivers/STM32F1xx_HAL_Driver/Src/stm32f1xx_hal_tim_ex.c
Invoking: Cross ARM C Compiler
arm-none-eabi-gcc -mcpu=cortex-m3 -mthumb -O0 -fmessage-length=0 -fsigned-char -ffunction-sections -fdata-sections  -g3 -DSTM32F103xB -I"/home/andre/eclipse/LEDcontroller/_SDK/STM32Cube_FW_F1_V1.4.0/Drivers/CMSIS/Device/ST/STM32F1xx/Include" -I"/home/andre/eclipse/LEDcontroller/_SDK/STM32Cube_FW_F1_V1.4.0/Drivers/CMSIS/Include" -I"/home/andre/eclipse/LEDcontroller/_SDK/STM32Cube_FW_F1_V1.4.0/Drivers/STM32F1xx_HAL_Driver/Inc" -I"/home/andre/eclipse/LEDcontroller/_SDK/STM32Cube_FW_F1_V1.4.0/Drivers/STM32F1xx_HAL_Driver/Inc/Legacy" -I"/home/andre/eclipse/LEDcontroller/_SDK/STM32Cube_FW_F1_V1.4.0/Middlewares/ST/STM32_USB_Device_Library/Core/Inc" -I"/home/andre/eclipse/LEDcontroller/LED_Controller_STM/USB_Class_LED/Inc" -I"/home/andre/eclipse/LEDcontroller/LED_Controller_STM/inc" -I"/home/andre/eclipse/LEDcontroller/LED_Controller_STM/cfg" -I"/home/andre/eclipse/LEDcontroller/_Common/STM32/inc" -I"/home/andre/eclipse/LEDcontroller/_Common/Any/inc" -I"/home/andre/eclipse/LEDcontroller/_Common/GenericARM" -std=gnu11 -MMD -MP -MF"sdk/stm32f1xx_hal_tim_ex.d" -MT"sdk/stm32f1xx_hal_tim_ex.o" -c -o "sdk/stm32f1xx_hal_tim_ex.o" "/home/andre/eclipse/LEDcontroller/_SDK/STM32Cube_FW_F1_V1.4.0/Drivers/STM32F1xx_HAL_Driver/Src/stm32f1xx_hal_tim_ex.c"
Finished building: /home/andre/eclipse/LEDcontroller/_SDK/STM32Cube_FW_F1_V1.4.0/Drivers/STM32F1xx_HAL_Driver/Src/stm32f1xx_hal_tim_ex.c
 
Building file: /home/andre/eclipse/LEDcontroller/_SDK/STM32Cube_FW_F1_V1.4.0/Drivers/STM32F1xx_HAL_Driver/Src/stm32f1xx_hal_uart.c
Invoking: Cross ARM C Compiler
arm-none-eabi-gcc -mcpu=cortex-m3 -mthumb -O0 -fmessage-length=0 -fsigned-char -ffunction-sections -fdata-sections  -g3 -DSTM32F103xB -I"/home/andre/eclipse/LEDcontroller/_SDK/STM32Cube_FW_F1_V1.4.0/Drivers/CMSIS/Device/ST/STM32F1xx/Include" -I"/home/andre/eclipse/LEDcontroller/_SDK/STM32Cube_FW_F1_V1.4.0/Drivers/CMSIS/Include" -I"/home/andre/eclipse/LEDcontroller/_SDK/STM32Cube_FW_F1_V1.4.0/Drivers/STM32F1xx_HAL_Driver/Inc" -I"/home/andre/eclipse/LEDcontroller/_SDK/STM32Cube_FW_F1_V1.4.0/Drivers/STM32F1xx_HAL_Driver/Inc/Legacy" -I"/home/andre/eclipse/LEDcontroller/_SDK/STM32Cube_FW_F1_V1.4.0/Middlewares/ST/STM32_USB_Device_Library/Core/Inc" -I"/home/andre/eclipse/LEDcontroller/LED_Controller_STM/USB_Class_LED/Inc" -I"/home/andre/eclipse/LEDcontroller/LED_Controller_STM/inc" -I"/home/andre/eclipse/LEDcontroller/LED_Controller_STM/cfg" -I"/home/andre/eclipse/LEDcontroller/_Common/STM32/inc" -I"/home/andre/eclipse/LEDcontroller/_Common/Any/inc" -I"/home/andre/eclipse/LEDcontroller/_Common/GenericARM" -std=gnu11 -MMD -MP -MF"sdk/stm32f1xx_hal_uart.d" -MT"sdk/stm32f1xx_hal_uart.o" -c -o "sdk/stm32f1xx_hal_uart.o" "/home/andre/eclipse/LEDcontroller/_SDK/STM32Cube_FW_F1_V1.4.0/Drivers/STM32F1xx_HAL_Driver/Src/stm32f1xx_hal_uart.c"
Finished building: /home/andre/eclipse/LEDcontroller/_SDK/STM32Cube_FW_F1_V1.4.0/Drivers/STM32F1xx_HAL_Driver/Src/stm32f1xx_hal_uart.c
 
Building file: /home/andre/eclipse/LEDcontroller/_SDK/STM32Cube_FW_F1_V1.4.0/Drivers/STM32F1xx_HAL_Driver/Src/stm32f1xx_hal_usart.c
Invoking: Cross ARM C Compiler
arm-none-eabi-gcc -mcpu=cortex-m3 -mthumb -O0 -fmessage-length=0 -fsigned-char -ffunction-sections -fdata-sections  -g3 -DSTM32F103xB -I"/home/andre/eclipse/LEDcontroller/_SDK/STM32Cube_FW_F1_V1.4.0/Drivers/CMSIS/Device/ST/STM32F1xx/Include" -I"/home/andre/eclipse/LEDcontroller/_SDK/STM32Cube_FW_F1_V1.4.0/Drivers/CMSIS/Include" -I"/home/andre/eclipse/LEDcontroller/_SDK/STM32Cube_FW_F1_V1.4.0/Drivers/STM32F1xx_HAL_Driver/Inc" -I"/home/andre/eclipse/LEDcontroller/_SDK/STM32Cube_FW_F1_V1.4.0/Drivers/STM32F1xx_HAL_Driver/Inc/Legacy" -I"/home/andre/eclipse/LEDcontroller/_SDK/STM32Cube_FW_F1_V1.4.0/Middlewares/ST/STM32_USB_Device_Library/Core/Inc" -I"/home/andre/eclipse/LEDcontroller/LED_Controller_STM/USB_Class_LED/Inc" -I"/home/andre/eclipse/LEDcontroller/LED_Controller_STM/inc" -I"/home/andre/eclipse/LEDcontroller/LED_Controller_STM/cfg" -I"/home/andre/eclipse/LEDcontroller/_Common/STM32/inc" -I"/home/andre/eclipse/LEDcontroller/_Common/Any/inc" -I"/home/andre/eclipse/LEDcontroller/_Common/GenericARM" -std=gnu11 -MMD -MP -MF"sdk/stm32f1xx_hal_usart.d" -MT"sdk/stm32f1xx_hal_usart.o" -c -o "sdk/stm32f1xx_hal_usart.o" "/home/andre/eclipse/LEDcontroller/_SDK/STM32Cube_FW_F1_V1.4.0/Drivers/STM32F1xx_HAL_Driver/Src/stm32f1xx_hal_usart.c"
Finished building: /home/andre/eclipse/LEDcontroller/_SDK/STM32Cube_FW_F1_V1.4.0/Drivers/STM32F1xx_HAL_Driver/Src/stm32f1xx_hal_usart.c
 
Building file: /home/andre/eclipse/LEDcontroller/_SDK/STM32Cube_FW_F1_V1.4.0/Drivers/STM32F1xx_HAL_Driver/Src/stm32f1xx_hal_wwdg.c
Invoking: Cross ARM C Compiler
arm-none-eabi-gcc -mcpu=cortex-m3 -mthumb -O0 -fmessage-length=0 -fsigned-char -ffunction-sections -fdata-sections  -g3 -DSTM32F103xB -I"/home/andre/eclipse/LEDcontroller/_SDK/STM32Cube_FW_F1_V1.4.0/Drivers/CMSIS/Device/ST/STM32F1xx/Include" -I"/home/andre/eclipse/LEDcontroller/_SDK/STM32Cube_FW_F1_V1.4.0/Drivers/CMSIS/Include" -I"/home/andre/eclipse/LEDcontroller/_SDK/STM32Cube_FW_F1_V1.4.0/Drivers/STM32F1xx_HAL_Driver/Inc" -I"/home/andre/eclipse/LEDcontroller/_SDK/STM32Cube_FW_F1_V1.4.0/Drivers/STM32F1xx_HAL_Driver/Inc/Legacy" -I"/home/andre/eclipse/LEDcontroller/_SDK/STM32Cube_FW_F1_V1.4.0/Middlewares/ST/STM32_USB_Device_Library/Core/Inc" -I"/home/andre/eclipse/LEDcontroller/LED_Controller_STM/USB_Class_LED/Inc" -I"/home/andre/eclipse/LEDcontroller/LED_Controller_STM/inc" -I"/home/andre/eclipse/LEDcontroller/LED_Controller_STM/cfg" -I"/home/andre/eclipse/LEDcontroller/_Common/STM32/inc" -I"/home/andre/eclipse/LEDcontroller/_Common/Any/inc" -I"/home/andre/eclipse/LEDcontroller/_Common/GenericARM" -std=gnu11 -MMD -MP -MF"sdk/stm32f1xx_hal_wwdg.d" -MT"sdk/stm32f1xx_hal_wwdg.o" -c -o "sdk/stm32f1xx_hal_wwdg.o" "/home/andre/eclipse/LEDcontroller/_SDK/STM32Cube_FW_F1_V1.4.0/Drivers/STM32F1xx_HAL_Driver/Src/stm32f1xx_hal_wwdg.c"
Finished building: /home/andre/eclipse/LEDcontroller/_SDK/STM32Cube_FW_F1_V1.4.0/Drivers/STM32F1xx_HAL_Driver/Src/stm32f1xx_hal_wwdg.c
 
Building file: /home/andre/eclipse/LEDcontroller/_SDK/STM32Cube_FW_F1_V1.4.0/Drivers/STM32F1xx_HAL_Driver/Src/stm32f1xx_ll_fsmc.c
Invoking: Cross ARM C Compiler
[...]
Finished building: /home/andre/eclipse/LEDcontroller/_SDK/STM32Cube_FW_F1_V1.4.0/Drivers/STM32F1xx_HAL_Driver/Src/stm32f1xx_ll_usb.c
 
Building file: /home/andre/eclipse/LEDcontroller/_SDK/STM32Cube_FW_F1_V1.4.0/Middlewares/ST/STM32_USB_Device_Library/Core/Src/usbd_core.c
Invoking: Cross ARM C Compiler
arm-none-eabi-gcc -mcpu=cortex-m3 -mthumb -O0 -fmessage-length=0 -fsigned-char -ffunction-sections -fdata-sections  -g3 -DSTM32F103xB -I"/home/andre/eclipse/LEDcontroller/_SDK/STM32Cube_FW_F1_V1.4.0/Drivers/CMSIS/Device/ST/STM32F1xx/Include" -I"/home/andre/eclipse/LEDcontroller/_SDK/STM32Cube_FW_F1_V1.4.0/Drivers/CMSIS/Include" -I"/home/andre/eclipse/LEDcontroller/_SDK/STM32Cube_FW_F1_V1.4.0/Drivers/STM32F1xx_HAL_Driver/Inc" -I"/home/andre/eclipse/LEDcontroller/_SDK/STM32Cube_FW_F1_V1.4.0/Drivers/STM32F1xx_HAL_Driver/Inc/Legacy" -I"/home/andre/eclipse/LEDcontroller/_SDK/STM32Cube_FW_F1_V1.4.0/Middlewares/ST/STM32_USB_Device_Library/Core/Inc" -I"/home/andre/eclipse/LEDcontroller/LED_Controller_STM/USB_Class_LED/Inc" -I"/home/andre/eclipse/LEDcontroller/LED_Controller_STM/inc" -I"/home/andre/eclipse/LEDcontroller/LED_Controller_STM/cfg" -I"/home/andre/eclipse/LEDcontroller/_Common/STM32/inc" -I"/home/andre/eclipse/LEDcontroller/_Common/Any/inc" -I"/home/andre/eclipse/LEDcontroller/_Common/GenericARM" -std=gnu11 -MMD -MP -MF"sdk/usbd_core.d" -MT"sdk/usbd_core.o" -c -o "sdk/usbd_core.o" "/home/andre/eclipse/LEDcontroller/_SDK/STM32Cube_FW_F1_V1.4.0/Middlewares/ST/STM32_USB_Device_Library/Core/Src/usbd_core.c"
Finished building: /home/andre/eclipse/LEDcontroller/_SDK/STM32Cube_FW_F1_V1.4.0/Middlewares/ST/STM32_USB_Device_Library/Core/Src/usbd_core.c
 
Building file: /home/andre/eclipse/LEDcontroller/_SDK/STM32Cube_FW_F1_V1.4.0/Middlewares/ST/STM32_USB_Device_Library/Core/Src/usbd_ctlreq.c
Invoking: Cross ARM C Compiler
arm-none-eabi-gcc -mcpu=cortex-m3 -mthumb -O0 -fmessage-length=0 -fsigned-char -ffunction-sections -fdata-sections  -g3 -DSTM32F103xB -I"/home/andre/eclipse/LEDcontroller/_SDK/STM32Cube_FW_F1_V1.4.0/Drivers/CMSIS/Device/ST/STM32F1xx/Include" -I"/home/andre/eclipse/LEDcontroller/_SDK/STM32Cube_FW_F1_V1.4.0/Drivers/CMSIS/Include" -I"/home/andre/eclipse/LEDcontroller/_SDK/STM32Cube_FW_F1_V1.4.0/Drivers/STM32F1xx_HAL_Driver/Inc" -I"/home/andre/eclipse/LEDcontroller/_SDK/STM32Cube_FW_F1_V1.4.0/Drivers/STM32F1xx_HAL_Driver/Inc/Legacy" -I"/home/andre/eclipse/LEDcontroller/_SDK/STM32Cube_FW_F1_V1.4.0/Middlewares/ST/STM32_USB_Device_Library/Core/Inc" -I"/home/andre/eclipse/LEDcontroller/LED_Controller_STM/USB_Class_LED/Inc" -I"/home/andre/eclipse/LEDcontroller/LED_Controller_STM/inc" -I"/home/andre/eclipse/LEDcontroller/LED_Controller_STM/cfg" -I"/home/andre/eclipse/LEDcontroller/_Common/STM32/inc" -I"/home/andre/eclipse/LEDcontroller/_Common/Any/inc" -I"/home/andre/eclipse/LEDcontroller/_Common/GenericARM" -std=gnu11 -MMD -MP -MF"sdk/usbd_ctlreq.d" -MT"sdk/usbd_ctlreq.o" -c -o "sdk/usbd_ctlreq.o" "/home/andre/eclipse/LEDcontroller/_SDK/STM32Cube_FW_F1_V1.4.0/Middlewares/ST/STM32_USB_Device_Library/Core/Src/usbd_ctlreq.c"
Finished building: /home/andre/eclipse/LEDcontroller/_SDK/STM32Cube_FW_F1_V1.4.0/Middlewares/ST/STM32_USB_Device_Library/Core/Src/usbd_ctlreq.c
 
Building file: /home/andre/eclipse/LEDcontroller/_SDK/STM32Cube_FW_F1_V1.4.0/Middlewares/ST/STM32_USB_Device_Library/Core/Src/usbd_ioreq.c
Invoking: Cross ARM C Compiler
arm-none-eabi-gcc -mcpu=cortex-m3 -mthumb -O0 -fmessage-length=0 -fsigned-char -ffunction-sections -fdata-sections  -g3 -DSTM32F103xB -I"/home/andre/eclipse/LEDcontroller/_SDK/STM32Cube_FW_F1_V1.4.0/Drivers/CMSIS/Device/ST/STM32F1xx/Include" -I"/home/andre/eclipse/LEDcontroller/_SDK/STM32Cube_FW_F1_V1.4.0/Drivers/CMSIS/Include" -I"/home/andre/eclipse/LEDcontroller/_SDK/STM32Cube_FW_F1_V1.4.0/Drivers/STM32F1xx_HAL_Driver/Inc" -I"/home/andre/eclipse/LEDcontroller/_SDK/STM32Cube_FW_F1_V1.4.0/Drivers/STM32F1xx_HAL_Driver/Inc/Legacy" -I"/home/andre/eclipse/LEDcontroller/_SDK/STM32Cube_FW_F1_V1.4.0/Middlewares/ST/STM32_USB_Device_Library/Core/Inc" -I"/home/andre/eclipse/LEDcontroller/LED_Controller_STM/USB_Class_LED/Inc" -I"/home/andre/eclipse/LEDcontroller/LED_Controller_STM/inc" -I"/home/andre/eclipse/LEDcontroller/LED_Controller_STM/cfg" -I"/home/andre/eclipse/LEDcontroller/_Common/STM32/inc" -I"/home/andre/eclipse/LEDcontroller/_Common/Any/inc" -I"/home/andre/eclipse/LEDcontroller/_Common/GenericARM" -std=gnu11 -MMD -MP -MF"sdk/usbd_ioreq.d" -MT"sdk/usbd_ioreq.o" -c -o "sdk/usbd_ioreq.o" "/home/andre/eclipse/LEDcontroller/_SDK/STM32Cube_FW_F1_V1.4.0/Middlewares/ST/STM32_USB_Device_Library/Core/Src/usbd_ioreq.c"
Finished building: /home/andre/eclipse/LEDcontroller/_SDK/STM32Cube_FW_F1_V1.4.0/Middlewares/ST/STM32_USB_Device_Library/Core/Src/usbd_ioreq.c
 
Building file: ../USB_Class_LED/Src/usbd_led.c
Invoking: Cross ARM C Compiler
arm-none-eabi-gcc -mcpu=cortex-m3 -mthumb -O0 -fmessage-length=0 -fsigned-char -ffunction-sections -fdata-sections  -g3 -DSTM32F103xB -I"/home/andre/eclipse/LEDcontroller/_SDK/STM32Cube_FW_F1_V1.4.0/Drivers/CMSIS/Device/ST/STM32F1xx/Include" -I"/home/andre/eclipse/LEDcontroller/_SDK/STM32Cube_FW_F1_V1.4.0/Drivers/CMSIS/Include" -I"/home/andre/eclipse/LEDcontroller/_SDK/STM32Cube_FW_F1_V1.4.0/Drivers/STM32F1xx_HAL_Driver/Inc" -I"/home/andre/eclipse/LEDcontroller/_SDK/STM32Cube_FW_F1_V1.4.0/Drivers/STM32F1xx_HAL_Driver/Inc/Legacy" -I"/home/andre/eclipse/LEDcontroller/_SDK/STM32Cube_FW_F1_V1.4.0/Middlewares/ST/STM32_USB_Device_Library/Core/Inc" -I"/home/andre/eclipse/LEDcontroller/LED_Controller_STM/USB_Class_LED/Inc" -I"/home/andre/eclipse/LEDcontroller/LED_Controller_STM/inc" -I"/home/andre/eclipse/LEDcontroller/LED_Controller_STM/cfg" -I"/home/andre/eclipse/LEDcontroller/_Common/STM32/inc" -I"/home/andre/eclipse/LEDcontroller/_Common/Any/inc" -I"/home/andre/eclipse/LEDcontroller/_Common/GenericARM" -std=gnu11 -MMD -MP -MF"USB_Class_LED/Src/usbd_led.d" -MT"USB_Class_LED/Src/usbd_led.o" -c -o "USB_Class_LED/Src/usbd_led.o" "../USB_Class_LED/Src/usbd_led.c"
Finished building: ../USB_Class_LED/Src/usbd_led.c
 
Building file: /home/andre/eclipse/LEDcontroller/_Common/STM32/src/stm32_common.c
Invoking: Cross ARM C Compiler
arm-none-eabi-gcc -mcpu=cortex-m3 -mthumb -O0 -fmessage-length=0 -fsigned-char -ffunction-sections -fdata-sections  -g3 -DSTM32F103xB -I"/home/andre/eclipse/LEDcontroller/_SDK/STM32Cube_FW_F1_V1.4.0/Drivers/CMSIS/Device/ST/STM32F1xx/Include" -I"/home/andre/eclipse/LEDcontroller/_SDK/STM32Cube_FW_F1_V1.4.0/Drivers/CMSIS/Include" -I"/home/andre/eclipse/LEDcontroller/_SDK/STM32Cube_FW_F1_V1.4.0/Drivers/STM32F1xx_HAL_Driver/Inc" -I"/home/andre/eclipse/LEDcontroller/_SDK/STM32Cube_FW_F1_V1.4.0/Drivers/STM32F1xx_HAL_Driver/Inc/Legacy" -I"/home/andre/eclipse/LEDcontroller/_SDK/STM32Cube_FW_F1_V1.4.0/Middlewares/ST/STM32_USB_Device_Library/Core/Inc" -I"/home/andre/eclipse/LEDcontroller/LED_Controller_STM/USB_Class_LED/Inc" -I"/home/andre/eclipse/LEDcontroller/LED_Controller_STM/inc" -I"/home/andre/eclipse/LEDcontroller/LED_Controller_STM/cfg" -I"/home/andre/eclipse/LEDcontroller/_Common/STM32/inc" -I"/home/andre/eclipse/LEDcontroller/_Common/Any/inc" -I"/home/andre/eclipse/LEDcontroller/_Common/GenericARM" -std=gnu11 -MMD -MP -MF"STM32_Common/stm32_common.d" -MT"STM32_Common/stm32_common.o" -c -o "STM32_Common/stm32_common.o" "/home/andre/eclipse/LEDcontroller/_Common/STM32/src/stm32_common.c"
Finished building: /home/andre/eclipse/LEDcontroller/_Common/STM32/src/stm32_common.c
 
Building target: LED_Controller_STM.elf
Invoking: Cross ARM C Linker
arm-none-eabi-gcc -mcpu=cortex-m3 -mthumb -O0 -fmessage-length=0 -fsigned-char -ffunction-sections -fdata-sections  -g3 -T "/home/andre/eclipse/LEDcontroller/_Common/STM32/ld/STM32F103C8_FLASH.ld" -Xlinker --gc-sections -Wl,-Map,"LED_Controller_STM.map" --specs=nano.specs --specs=rdimon.specs -o "LED_Controller_STM.elf"  ./system/startup_stm32f103xb.o ./system/system_stm32f1xx.o  ./src/main.o ./src/pwmdma.o ./src/stm32f1xx_it.o ./src/usb_led.o ./src/usbd_conf.o ./src/usbd_desc.o  ./sdk/stm32f1xx_hal.o ./sdk/stm32f1xx_hal_adc.o ./sdk/stm32f1xx_hal_adc_ex.o ./sdk/stm32f1xx_hal_can.o ./sdk/stm32f1xx_hal_cec.o ./sdk/stm32f1xx_hal_cortex.o ./sdk/stm32f1xx_hal_crc.o ./sdk/stm32f1xx_hal_dac.o ./sdk/stm32f1xx_hal_dac_ex.o ./sdk/stm32f1xx_hal_dma.o ./sdk/stm32f1xx_hal_eth.o ./sdk/stm32f1xx_hal_flash.o ./sdk/stm32f1xx_hal_flash_ex.o ./sdk/stm32f1xx_hal_gpio.o ./sdk/stm32f1xx_hal_gpio_ex.o ./sdk/stm32f1xx_hal_hcd.o ./sdk/stm32f1xx_hal_i2c.o ./sdk/stm32f1xx_hal_i2s.o ./sdk/stm32f1xx_hal_irda.o ./sdk/stm32f1xx_hal_iwdg.o ./sdk/stm32f1xx_hal_msp_template.o ./sdk/stm32f1xx_hal_nand.o ./sdk/stm32f1xx_hal_nor.o ./sdk/stm32f1xx_hal_pccard.o ./sdk/stm32f1xx_hal_pcd.o ./sdk/stm32f1xx_hal_pcd_ex.o ./sdk/stm32f1xx_hal_pwr.o ./sdk/stm32f1xx_hal_rcc.o ./sdk/stm32f1xx_hal_rcc_ex.o ./sdk/stm32f1xx_hal_rtc.o ./sdk/stm32f1xx_hal_rtc_ex.o ./sdk/stm32f1xx_hal_sd.o ./sdk/stm32f1xx_hal_smartcard.o ./sdk/stm32f1xx_hal_spi.o ./sdk/stm32f1xx_hal_spi_ex.o ./sdk/stm32f1xx_hal_sram.o ./sdk/stm32f1xx_hal_tim.o ./sdk/stm32f1xx_hal_tim_ex.o ./sdk/stm32f1xx_hal_uart.o ./sdk/stm32f1xx_hal_usart.o ./sdk/stm32f1xx_hal_wwdg.o ./sdk/stm32f1xx_ll_fsmc.o ./sdk/stm32f1xx_ll_sdmmc.o ./sdk/stm32f1xx_ll_usb.o ./sdk/usbd_core.o ./sdk/usbd_ctlreq.o ./sdk/usbd_ioreq.o  ./USB_Class_LED/Src/usbd_led.o  ./STM32_Common/stm32_common.o   
Finished building target: LED_Controller_STM.elf
 
Invoking: Cross ARM GNU Create Flash Image
arm-none-eabi-objcopy -O ihex "LED_Controller_STM.elf"  "LED_Controller_STM.hex"
Finished building: LED_Controller_STM.hex
 
Invoking: Cross ARM GNU Print Size
arm-none-eabi-size --format=berkeley "LED_Controller_STM.elf"
   text	   data	    bss	    dec	    hex	filename
  25608	    204	  17060	  42872	   a778	LED_Controller_STM.elf
Finished building: LED_Controller_STM.siz
 
15:17:13 **** Incremental Build of configuration Debug for project LED_Controller_Host ****
make all 
Building file: ../src/ITPHController.cpp
Invoking: GCC C++ Compiler
g++ -std=c++1y -I/usr/include/libusb-1.0/ -I"/home/andre/eclipse/LEDcontroller/_Common/Any/inc" -O0 -g3 -c -fmessage-length=0 -fpermissive -pthread -MMD -MP -MF"src/ITPHController.d" -MT"src/ITPHController.o" -o "src/ITPHController.o" "../src/ITPHController.cpp"
Finished building: ../src/ITPHController.cpp
 
Building target: LED_Controller_Host
Invoking: GCC C++ Linker
g++  -o "LED_Controller_Host"  ./src/DeviceManager.o ./src/ITPHController.o ./src/LedController.o ./src/OpenPixelControl.o ./src/main.o   -lusb-1.0 -lpthread
Finished building target: LED_Controller_Host
 
15:19:32 **** Incremental Build of configuration Debug for project LED_Controller_Host ****
make all 
Building file: ../src/ITPHController.cpp
Invoking: GCC C++ Compiler
g++ -std=c++1y -I/usr/include/libusb-1.0/ -I"/home/andre/eclipse/LEDcontroller/_Common/Any/inc" -O0 -g3 -c -fmessage-length=0 -fpermissive -pthread -MMD -MP -MF"src/ITPHController.d" -MT"src/ITPHController.o" -o "src/ITPHController.o" "../src/ITPHController.cpp"
Finished building: ../src/ITPHController.cpp
 
Building target: LED_Controller_Host
Invoking: GCC C++ Linker
g++  -o "LED_Controller_Host"  ./src/DeviceManager.o ./src/ITPHController.o ./src/LedController.o ./src/OpenPixelControl.o ./src/main.o   -lusb-1.0 -lpthread
Finished building target: LED_Controller_Host
 
00:00:14 **** Build of configuration Debug for project LED_Controller_STM ****
make all 
Building file: ../src/pwmdma.c
Invoking: Cross ARM C Compiler
arm-none-eabi-gcc -mcpu=cortex-m3 -mthumb -O0 -fmessage-length=0 -fsigned-char -ffunction-sections -fdata-sections  -g3 -DSTM32F103xB -I"/home/andre/eclipse/LEDcontroller/_SDK/STM32Cube_FW_F1_V1.4.0/Drivers/CMSIS/Device/ST/STM32F1xx/Include" -I"/home/andre/eclipse/LEDcontroller/_SDK/STM32Cube_FW_F1_V1.4.0/Drivers/CMSIS/Include" -I"/home/andre/eclipse/LEDcontroller/_SDK/STM32Cube_FW_F1_V1.4.0/Drivers/STM32F1xx_HAL_Driver/Inc" -I"/home/andre/eclipse/LEDcontroller/_SDK/STM32Cube_FW_F1_V1.4.0/Drivers/STM32F1xx_HAL_Driver/Inc/Legacy" -I"/home/andre/eclipse/LEDcontroller/_SDK/STM32Cube_FW_F1_V1.4.0/Middlewares/ST/STM32_USB_Device_Library/Core/Inc" -I"/home/andre/eclipse/LEDcontroller/LED_Controller_STM/USB_Class_LED/Inc" -I"/home/andre/eclipse/LEDcontroller/LED_Controller_STM/inc" -I"/home/andre/eclipse/LEDcontroller/LED_Controller_STM/cfg" -I"/home/andre/eclipse/LEDcontroller/_Common/STM32/inc" -I"/home/andre/eclipse/LEDcontroller/_Common/Any/inc" -I"/home/andre/eclipse/LEDcontroller/_Common/GenericARM" -std=gnu11 -MMD -MP -MF"src/pwmdma.d" -MT"src/pwmdma.o" -c -o "src/pwmdma.o" "../src/pwmdma.c"
../src/pwmdma.c: In function 'pwm_init':
../src/pwmdma.c:225:2: warning: implicit declaration of function 'memset' [-Wimplicit-function-declaration]
  memset(data_c0, 2, sizeof(data_c0));
  ^~~~~~
../src/pwmdma.c:225:2: warning: incompatible implicit declaration of built-in function 'memset'
../src/pwmdma.c:225:2: note: include '<string.h>' or provide a declaration of 'memset'
Finished building: ../src/pwmdma.c
 
Building file: /home/andre/eclipse/LEDcontroller/_SDK/STM32Cube_FW_F1_V1.4.0/Drivers/STM32F1xx_HAL_Driver/Src/stm32f1xx_hal_uart.c
Invoking: Cross ARM C Compiler
arm-none-eabi-gcc -mcpu=cortex-m3 -mthumb -O0 -fmessage-length=0 -fsigned-char -ffunction-sections -fdata-sections  -g3 -DSTM32F103xB -I"/home/andre/eclipse/LEDcontroller/_SDK/STM32Cube_FW_F1_V1.4.0/Drivers/CMSIS/Device/ST/STM32F1xx/Include" -I"/home/andre/eclipse/LEDcontroller/_SDK/STM32Cube_FW_F1_V1.4.0/Drivers/CMSIS/Include" -I"/home/andre/eclipse/LEDcontroller/_SDK/STM32Cube_FW_F1_V1.4.0/Drivers/STM32F1xx_HAL_Driver/Inc" -I"/home/andre/eclipse/LEDcontroller/_SDK/STM32Cube_FW_F1_V1.4.0/Drivers/STM32F1xx_HAL_Driver/Inc/Legacy" -I"/home/andre/eclipse/LEDcontroller/_SDK/STM32Cube_FW_F1_V1.4.0/Middlewares/ST/STM32_USB_Device_Library/Core/Inc" -I"/home/andre/eclipse/LEDcontroller/LED_Controller_STM/USB_Class_LED/Inc" -I"/home/andre/eclipse/LEDcontroller/LED_Controller_STM/inc" -I"/home/andre/eclipse/LEDcontroller/LED_Controller_STM/cfg" -I"/home/andre/eclipse/LEDcontroller/_Common/STM32/inc" -I"/home/andre/eclipse/LEDcontroller/_Common/Any/inc" -I"/home/andre/eclipse/LEDcontroller/_Common/GenericARM" -std=gnu11 -MMD -MP -MF"sdk/stm32f1xx_hal_uart.d" -MT"sdk/stm32f1xx_hal_uart.o" -c -o "sdk/stm32f1xx_hal_uart.o" "/home/andre/eclipse/LEDcontroller/_SDK/STM32Cube_FW_F1_V1.4.0/Drivers/STM32F1xx_HAL_Driver/Src/stm32f1xx_hal_uart.c"
Finished building: /home/andre/eclipse/LEDcontroller/_SDK/STM32Cube_FW_F1_V1.4.0/Drivers/STM32F1xx_HAL_Driver/Src/stm32f1xx_hal_uart.c
 
Building file: /home/andre/eclipse/LEDcontroller/_SDK/STM32Cube_FW_F1_V1.4.0/Middlewares/ST/STM32_USB_Device_Library/Core/Src/usbd_core.c
Invoking: Cross ARM C Compiler
arm-none-eabi-gcc -mcpu=cortex-m3 -mthumb -O0 -fmessage-length=0 -fsigned-char -ffunction-sections -fdata-sections  -g3 -DSTM32F103xB -I"/home/andre/eclipse/LEDcontroller/_SDK/STM32Cube_FW_F1_V1.4.0/Drivers/CMSIS/Device/ST/STM32F1xx/Include" -I"/home/andre/eclipse/LEDcontroller/_SDK/STM32Cube_FW_F1_V1.4.0/Drivers/CMSIS/Include" -I"/home/andre/eclipse/LEDcontroller/_SDK/STM32Cube_FW_F1_V1.4.0/Drivers/STM32F1xx_HAL_Driver/Inc" -I"/home/andre/eclipse/LEDcontroller/_SDK/STM32Cube_FW_F1_V1.4.0/Drivers/STM32F1xx_HAL_Driver/Inc/Legacy" -I"/home/andre/eclipse/LEDcontroller/_SDK/STM32Cube_FW_F1_V1.4.0/Middlewares/ST/STM32_USB_Device_Library/Core/Inc" -I"/home/andre/eclipse/LEDcontroller/LED_Controller_STM/USB_Class_LED/Inc" -I"/home/andre/eclipse/LEDcontroller/LED_Controller_STM/inc" -I"/home/andre/eclipse/LEDcontroller/LED_Controller_STM/cfg" -I"/home/andre/eclipse/LEDcontroller/_Common/STM32/inc" -I"/home/andre/eclipse/LEDcontroller/_Common/Any/inc" -I"/home/andre/eclipse/LEDcontroller/_Common/GenericARM" -std=gnu11 -MMD -MP -MF"sdk/usbd_core.d" -MT"sdk/usbd_core.o" -c -o "sdk/usbd_core.o" "/home/andre/eclipse/LEDcontroller/_SDK/STM32Cube_FW_F1_V1.4.0/Middlewares/ST/STM32_USB_Device_Library/Core/Src/usbd_core.c"
Finished building: /home/andre/eclipse/LEDcontroller/_SDK/STM32Cube_FW_F1_V1.4.0/Middlewares/ST/STM32_USB_Device_Library/Core/Src/usbd_core.c
 
Building file: /home/andre/eclipse/LEDcontroller/_SDK/STM32Cube_FW_F1_V1.4.0/Middlewares/ST/STM32_USB_Device_Library/Core/Src/usbd_ctlreq.c
Invoking: Cross ARM C Compiler
arm-none-eabi-gcc -mcpu=cortex-m3 -mthumb -O0 -fmessage-length=0 -fsigned-char -ffunction-sections -fdata-sections  -g3 -DSTM32F103xB -I"/home/andre/eclipse/LEDcontroller/_SDK/STM32Cube_FW_F1_V1.4.0/Drivers/CMSIS/Device/ST/STM32F1xx/Include" -I"/home/andre/eclipse/LEDcontroller/_SDK/STM32Cube_FW_F1_V1.4.0/Drivers/CMSIS/Include" -I"/home/andre/eclipse/LEDcontroller/_SDK/STM32Cube_FW_F1_V1.4.0/Drivers/STM32F1xx_HAL_Driver/Inc" -I"/home/andre/eclipse/LEDcontroller/_SDK/STM32Cube_FW_F1_V1.4.0/Drivers/STM32F1xx_HAL_Driver/Inc/Legacy" -I"/home/andre/eclipse/LEDcontroller/_SDK/STM32Cube_FW_F1_V1.4.0/Middlewares/ST/STM32_USB_Device_Library/Core/Inc" -I"/home/andre/eclipse/LEDcontroller/LED_Controller_STM/USB_Class_LED/Inc" -I"/home/andre/eclipse/LEDcontroller/LED_Controller_STM/inc" -I"/home/andre/eclipse/LEDcontroller/LED_Controller_STM/cfg" -I"/home/andre/eclipse/LEDcontroller/_Common/STM32/inc" -I"/home/andre/eclipse/LEDcontroller/_Common/Any/inc" -I"/home/andre/eclipse/LEDcontroller/_Common/GenericARM" -std=gnu11 -MMD -MP -MF"sdk/usbd_ctlreq.d" -MT"sdk/usbd_ctlreq.o" -c -o "sdk/usbd_ctlreq.o" "/home/andre/eclipse/LEDcontroller/_SDK/STM32Cube_FW_F1_V1.4.0/Middlewares/ST/STM32_USB_Device_Library/Core/Src/usbd_ctlreq.c"
Finished building: /home/andre/eclipse/LEDcontroller/_SDK/STM32Cube_FW_F1_V1.4.0/Middlewares/ST/STM32_USB_Device_Library/Core/Src/usbd_ctlreq.c
 
Building target: LED_Controller_STM.elf
Invoking: Cross ARM C Linker
arm-none-eabi-gcc -mcpu=cortex-m3 -mthumb -O0 -fmessage-length=0 -fsigned-char -ffunction-sections -fdata-sections  -g3 -T "/home/andre/eclipse/LEDcontroller/_Common/STM32/ld/STM32F103C8_FLASH.ld" -Xlinker --gc-sections -Wl,-Map,"LED_Controller_STM.map" --specs=nano.specs --specs=rdimon.specs -o "LED_Controller_STM.elf"  ./system/startup_stm32f103xb.o ./system/system_stm32f1xx.o  ./src/main.o ./src/pwmdma.o ./src/stm32f1xx_it.o ./src/usb_led.o ./src/usbd_conf.o ./src/usbd_desc.o  ./sdk/stm32f1xx_hal.o ./sdk/stm32f1xx_hal_adc.o ./sdk/stm32f1xx_hal_adc_ex.o ./sdk/stm32f1xx_hal_can.o ./sdk/stm32f1xx_hal_cec.o ./sdk/stm32f1xx_hal_cortex.o ./sdk/stm32f1xx_hal_crc.o ./sdk/stm32f1xx_hal_dac.o ./sdk/stm32f1xx_hal_dac_ex.o ./sdk/stm32f1xx_hal_dma.o ./sdk/stm32f1xx_hal_eth.o ./sdk/stm32f1xx_hal_flash.o ./sdk/stm32f1xx_hal_flash_ex.o ./sdk/stm32f1xx_hal_gpio.o ./sdk/stm32f1xx_hal_gpio_ex.o ./sdk/stm32f1xx_hal_hcd.o ./sdk/stm32f1xx_hal_i2c.o ./sdk/stm32f1xx_hal_i2s.o ./sdk/stm32f1xx_hal_irda.o ./sdk/stm32f1xx_hal_iwdg.o ./sdk/stm32f1xx_hal_msp_template.o ./sdk/stm32f1xx_hal_nand.o ./sdk/stm32f1xx_hal_nor.o ./sdk/stm32f1xx_hal_pccard.o ./sdk/stm32f1xx_hal_pcd.o ./sdk/stm32f1xx_hal_pcd_ex.o ./sdk/stm32f1xx_hal_pwr.o ./sdk/stm32f1xx_hal_rcc.o ./sdk/stm32f1xx_hal_rcc_ex.o ./sdk/stm32f1xx_hal_rtc.o ./sdk/stm32f1xx_hal_rtc_ex.o ./sdk/stm32f1xx_hal_sd.o ./sdk/stm32f1xx_hal_smartcard.o ./sdk/stm32f1xx_hal_spi.o ./sdk/stm32f1xx_hal_spi_ex.o ./sdk/stm32f1xx_hal_sram.o ./sdk/stm32f1xx_hal_tim.o ./sdk/stm32f1xx_hal_tim_ex.o ./sdk/stm32f1xx_hal_uart.o ./sdk/stm32f1xx_hal_usart.o ./sdk/stm32f1xx_hal_wwdg.o ./sdk/stm32f1xx_ll_fsmc.o ./sdk/stm32f1xx_ll_sdmmc.o ./sdk/stm32f1xx_ll_usb.o ./sdk/usbd_core.o ./sdk/usbd_ctlreq.o ./sdk/usbd_ioreq.o  ./USB_Class_LED/Src/usbd_led.o  ./STM32_Common/stm32_common.o   
Finished building target: LED_Controller_STM.elf
 
Invoking: Cross ARM GNU Create Flash Image
arm-none-eabi-objcopy -O ihex "LED_Controller_STM.elf"  "LED_Controller_STM.hex"
Finished building: LED_Controller_STM.hex
 
Invoking: Cross ARM GNU Print Size
arm-none-eabi-size --format=berkeley "LED_Controller_STM.elf"
   text	   data	    bss	    dec	    hex	filename
  25668	    204	  17060	  42932	   a7b4	LED_Controller_STM.elf
Finished building: LED_Controller_STM.siz
 
