12:07:14 **** Incremental Build of configuration Debug for project LED_Controller_STM ****
make all 
Building file: ../src/usb_led.c
Invoking: Cross ARM C Compiler
arm-none-eabi-gcc -mcpu=cortex-m3 -mthumb -O0 -fmessage-length=0 -fsigned-char -ffunction-sections -fdata-sections  -g3 -DSTM32F103xB -I"/home/andre/eclipse/LEDcontroller/_SDK/STM32Cube_FW_F1_V1.4.0/Drivers/CMSIS/Device/ST/STM32F1xx/Include" -I"/home/andre/eclipse/LEDcontroller/_SDK/STM32Cube_FW_F1_V1.4.0/Drivers/CMSIS/Include" -I"/home/andre/eclipse/LEDcontroller/_SDK/STM32Cube_FW_F1_V1.4.0/Drivers/STM32F1xx_HAL_Driver/Inc" -I"/home/andre/eclipse/LEDcontroller/_SDK/STM32Cube_FW_F1_V1.4.0/Drivers/STM32F1xx_HAL_Driver/Inc/Legacy" -I"/home/andre/eclipse/LEDcontroller/_SDK/STM32Cube_FW_F1_V1.4.0/Middlewares/ST/STM32_USB_Device_Library/Core/Inc" -I"/home/andre/eclipse/LEDcontroller/LED_Controller_STM/USB_Class_LED/Inc" -I"/home/andre/eclipse/LEDcontroller/LED_Controller_STM/inc" -I"/home/andre/eclipse/LEDcontroller/LED_Controller_STM/cfg" -I"/home/andre/eclipse/LEDcontroller/_Common/STM32/inc" -I"/home/andre/eclipse/LEDcontroller/_Common/Any/inc" -std=gnu11 -MMD -MP -MF"src/usb_led.d" -MT"src/usb_led.o" -c -o "src/usb_led.o" "../src/usb_led.c"
../src/usb_led.c: In function 'LED_Itf_Receive':
../src/usb_led.c:32:3: error: a label can only be part of a statement and a declaration is not a statement
   uint8_t target = *(uint8_t*) (buffer+1);
   ^~~~~~~
../src/usb_led.c:33:3: error: expected expression before 'uint16_t'
   uint16_t offset = *(uint16_t*) (buffer+2);
   ^~~~~~~~
../src/usb_led.c:38:9: error: 'offset' undeclared (first use in this function)
    if ((offset + amount) < sizeof (sizeof(data_c0))) {
         ^~~~~~
../src/usb_led.c:38:9: note: each undeclared identifier is reported only once for each function it appears in
../src/usb_led.c:38:43: error: 'data_c0' undeclared (first use in this function)
    if ((offset + amount) < sizeof (sizeof(data_c0))) {
                                           ^~~~~~~
../src/usb_led.c:39:5: warning: implicit declaration of function 'memcpy' [-Wimplicit-function-declaration]
     memcpy(data_c0 + offset, buffer+5, amount);
     ^~~~~~
../src/usb_led.c:39:5: warning: incompatible implicit declaration of built-in function 'memcpy'
../src/usb_led.c:39:5: note: include '<string.h>' or provide a declaration of 'memcpy'
../src/usb_led.c:46:43: error: 'data_c1' undeclared (first use in this function)
    if ((offset + amount) < sizeof (sizeof(data_c1))) {
                                           ^~~~~~~
../src/usb_led.c:47:5: warning: incompatible implicit declaration of built-in function 'memcpy'
     memcpy(data_c1 + offset, buffer+5, amount);
     ^~~~~~
../src/usb_led.c:47:5: note: include '<string.h>' or provide a declaration of 'memcpy'
../src/usb_led.c:60:3: error: a label can only be part of a statement and a declaration is not a statement
   uint8_t data_src = *(uint8_t*) (buffer+1);
   ^~~~~~~
../src/usb_led.c:61:3: error: expected expression before 'uint8_t'
   uint8_t data_dst = *(uint8_t*) (buffer+2);
   ^~~~~~~
../src/usb_led.c:66:3: warning: implicit declaration of function 'start_dma_transer' [-Wimplicit-function-declaration]
   start_dma_transer(data_c0,sizeof(data_c0));
   ^~~~~~~~~~~~~~~~~
../src/usb_led.c:76:10: error: 'USBD_OK' undeclared (first use in this function)
  return (USBD_OK);
          ^~~~~~~
make: *** [src/subdir.mk:35: src/usb_led.o] Fout 1
12:07:35 **** Incremental Build of configuration Debug for project LED_Controller_STM ****
make all 
Building file: ../src/usb_led.c
Invoking: Cross ARM C Compiler
arm-none-eabi-gcc -mcpu=cortex-m3 -mthumb -O0 -fmessage-length=0 -fsigned-char -ffunction-sections -fdata-sections  -g3 -DSTM32F103xB -I"/home/andre/eclipse/LEDcontroller/_SDK/STM32Cube_FW_F1_V1.4.0/Drivers/CMSIS/Device/ST/STM32F1xx/Include" -I"/home/andre/eclipse/LEDcontroller/_SDK/STM32Cube_FW_F1_V1.4.0/Drivers/CMSIS/Include" -I"/home/andre/eclipse/LEDcontroller/_SDK/STM32Cube_FW_F1_V1.4.0/Drivers/STM32F1xx_HAL_Driver/Inc" -I"/home/andre/eclipse/LEDcontroller/_SDK/STM32Cube_FW_F1_V1.4.0/Drivers/STM32F1xx_HAL_Driver/Inc/Legacy" -I"/home/andre/eclipse/LEDcontroller/_SDK/STM32Cube_FW_F1_V1.4.0/Middlewares/ST/STM32_USB_Device_Library/Core/Inc" -I"/home/andre/eclipse/LEDcontroller/LED_Controller_STM/USB_Class_LED/Inc" -I"/home/andre/eclipse/LEDcontroller/LED_Controller_STM/inc" -I"/home/andre/eclipse/LEDcontroller/LED_Controller_STM/cfg" -I"/home/andre/eclipse/LEDcontroller/_Common/STM32/inc" -I"/home/andre/eclipse/LEDcontroller/_Common/Any/inc" -std=gnu11 -MMD -MP -MF"src/usb_led.d" -MT"src/usb_led.o" -c -o "src/usb_led.o" "../src/usb_led.c"
../src/usb_led.c: In function 'LED_Itf_Receive':
../src/usb_led.c:38:43: error: 'data_c0' undeclared (first use in this function)
    if ((offset + amount) < sizeof (sizeof(data_c0))) {
                                           ^~~~~~~
../src/usb_led.c:38:43: note: each undeclared identifier is reported only once for each function it appears in
../src/usb_led.c:39:5: warning: implicit declaration of function 'memcpy' [-Wimplicit-function-declaration]
     memcpy(data_c0 + offset, buffer+5, amount);
     ^~~~~~
../src/usb_led.c:39:5: warning: incompatible implicit declaration of built-in function 'memcpy'
../src/usb_led.c:39:5: note: include '<string.h>' or provide a declaration of 'memcpy'
../src/usb_led.c:46:43: error: 'data_c1' undeclared (first use in this function)
    if ((offset + amount) < sizeof (sizeof(data_c1))) {
                                           ^~~~~~~
../src/usb_led.c:47:5: warning: incompatible implicit declaration of built-in function 'memcpy'
     memcpy(data_c1 + offset, buffer+5, amount);
     ^~~~~~
../src/usb_led.c:47:5: note: include '<string.h>' or provide a declaration of 'memcpy'
../src/usb_led.c:61:3: error: a label can only be part of a statement and a declaration is not a statement
   uint8_t data_src = *(uint8_t*) (buffer+1);
   ^~~~~~~
../src/usb_led.c:62:3: error: expected expression before 'uint8_t'
   uint8_t data_dst = *(uint8_t*) (buffer+2);
   ^~~~~~~
../src/usb_led.c:67:3: warning: implicit declaration of function 'start_dma_transer' [-Wimplicit-function-declaration]
   start_dma_transer(data_c0,sizeof(data_c0));
   ^~~~~~~~~~~~~~~~~
../src/usb_led.c:71:2: error: multiple default labels in one switch
  default:
  ^~~~~~~
../src/usb_led.c:54:3: error: this is the first default label
   default:
   ^~~~~~~
../src/usb_led.c:77:10: error: 'USBD_OK' undeclared (first use in this function)
  return (USBD_OK);
          ^~~~~~~
make: *** [src/subdir.mk:35: src/usb_led.o] Fout 1
12:08:04 **** Incremental Build of configuration Debug for project LED_Controller_STM ****
make all 
Building file: ../src/usb_led.c
Invoking: Cross ARM C Compiler
arm-none-eabi-gcc -mcpu=cortex-m3 -mthumb -O0 -fmessage-length=0 -fsigned-char -ffunction-sections -fdata-sections  -g3 -DSTM32F103xB -I"/home/andre/eclipse/LEDcontroller/_SDK/STM32Cube_FW_F1_V1.4.0/Drivers/CMSIS/Device/ST/STM32F1xx/Include" -I"/home/andre/eclipse/LEDcontroller/_SDK/STM32Cube_FW_F1_V1.4.0/Drivers/CMSIS/Include" -I"/home/andre/eclipse/LEDcontroller/_SDK/STM32Cube_FW_F1_V1.4.0/Drivers/STM32F1xx_HAL_Driver/Inc" -I"/home/andre/eclipse/LEDcontroller/_SDK/STM32Cube_FW_F1_V1.4.0/Drivers/STM32F1xx_HAL_Driver/Inc/Legacy" -I"/home/andre/eclipse/LEDcontroller/_SDK/STM32Cube_FW_F1_V1.4.0/Middlewares/ST/STM32_USB_Device_Library/Core/Inc" -I"/home/andre/eclipse/LEDcontroller/LED_Controller_STM/USB_Class_LED/Inc" -I"/home/andre/eclipse/LEDcontroller/LED_Controller_STM/inc" -I"/home/andre/eclipse/LEDcontroller/LED_Controller_STM/cfg" -I"/home/andre/eclipse/LEDcontroller/_Common/STM32/inc" -I"/home/andre/eclipse/LEDcontroller/_Common/Any/inc" -std=gnu11 -MMD -MP -MF"src/usb_led.d" -MT"src/usb_led.o" -c -o "src/usb_led.o" "../src/usb_led.c"
../src/usb_led.c: In function 'LED_Itf_Receive':
../src/usb_led.c:41:42: error: invalid application of 'sizeof' to incomplete type 'uint8_t[] {aka unsigned char[]}'
    if ((offset + amount) < sizeof (sizeof(data_c0))) {
                                          ^
../src/usb_led.c:42:5: warning: implicit declaration of function 'memcpy' [-Wimplicit-function-declaration]
     memcpy(data_c0 + offset, buffer+5, amount);
     ^~~~~~
../src/usb_led.c:42:5: warning: incompatible implicit declaration of built-in function 'memcpy'
../src/usb_led.c:42:5: note: include '<string.h>' or provide a declaration of 'memcpy'
../src/usb_led.c:49:42: error: invalid application of 'sizeof' to incomplete type 'uint8_t[] {aka unsigned char[]}'
    if ((offset + amount) < sizeof (sizeof(data_c1))) {
                                          ^
../src/usb_led.c:50:5: warning: incompatible implicit declaration of built-in function 'memcpy'
     memcpy(data_c1 + offset, buffer+5, amount);
     ^~~~~~
../src/usb_led.c:50:5: note: include '<string.h>' or provide a declaration of 'memcpy'
../src/usb_led.c:64:3: error: a label can only be part of a statement and a declaration is not a statement
   uint8_t data_src = *(uint8_t*) (buffer+1);
   ^~~~~~~
../src/usb_led.c:65:3: error: expected expression before 'uint8_t'
   uint8_t data_dst = *(uint8_t*) (buffer+2);
   ^~~~~~~
../src/usb_led.c:70:3: warning: implicit declaration of function 'start_dma_transer' [-Wimplicit-function-declaration]
   start_dma_transer(data_c0,sizeof(data_c0));
   ^~~~~~~~~~~~~~~~~
../src/usb_led.c:70:35: error: invalid application of 'sizeof' to incomplete type 'uint8_t[] {aka unsigned char[]}'
   start_dma_transer(data_c0,sizeof(data_c0));
                                   ^
../src/usb_led.c:74:2: error: multiple default labels in one switch
  default:
  ^~~~~~~
../src/usb_led.c:57:3: error: this is the first default label
   default:
   ^~~~~~~
../src/usb_led.c:80:10: error: 'USBD_OK' undeclared (first use in this function)
  return (USBD_OK);
          ^~~~~~~
../src/usb_led.c:80:10: note: each undeclared identifier is reported only once for each function it appears in
make: *** [src/subdir.mk:35: src/usb_led.o] Fout 1
12:08:38 **** Incremental Build of configuration Debug for project LED_Controller_STM ****
make all 
Building file: ../src/main.c
Invoking: Cross ARM C Compiler
arm-none-eabi-gcc -mcpu=cortex-m3 -mthumb -O0 -fmessage-length=0 -fsigned-char -ffunction-sections -fdata-sections  -g3 -DSTM32F103xB -I"/home/andre/eclipse/LEDcontroller/_SDK/STM32Cube_FW_F1_V1.4.0/Drivers/CMSIS/Device/ST/STM32F1xx/Include" -I"/home/andre/eclipse/LEDcontroller/_SDK/STM32Cube_FW_F1_V1.4.0/Drivers/CMSIS/Include" -I"/home/andre/eclipse/LEDcontroller/_SDK/STM32Cube_FW_F1_V1.4.0/Drivers/STM32F1xx_HAL_Driver/Inc" -I"/home/andre/eclipse/LEDcontroller/_SDK/STM32Cube_FW_F1_V1.4.0/Drivers/STM32F1xx_HAL_Driver/Inc/Legacy" -I"/home/andre/eclipse/LEDcontroller/_SDK/STM32Cube_FW_F1_V1.4.0/Middlewares/ST/STM32_USB_Device_Library/Core/Inc" -I"/home/andre/eclipse/LEDcontroller/LED_Controller_STM/USB_Class_LED/Inc" -I"/home/andre/eclipse/LEDcontroller/LED_Controller_STM/inc" -I"/home/andre/eclipse/LEDcontroller/LED_Controller_STM/cfg" -I"/home/andre/eclipse/LEDcontroller/_Common/STM32/inc" -I"/home/andre/eclipse/LEDcontroller/_Common/Any/inc" -std=gnu11 -MMD -MP -MF"src/main.d" -MT"src/main.o" -c -o "src/main.o" "../src/main.c"
../src/main.c: In function 'main':
../src/main.c:89:3: error: 'data_c0' undeclared (first use in this function)
   data_c0[i+0] = 0;
   ^~~~~~~
../src/main.c:89:3: note: each undeclared identifier is reported only once for each function it appears in
make: *** [src/subdir.mk:35: src/main.o] Fout 1
12:08:57 **** Incremental Build of configuration Debug for project LED_Controller_STM ****
make all 
Building file: ../src/main.c
Invoking: Cross ARM C Compiler
arm-none-eabi-gcc -mcpu=cortex-m3 -mthumb -O0 -fmessage-length=0 -fsigned-char -ffunction-sections -fdata-sections  -g3 -DSTM32F103xB -I"/home/andre/eclipse/LEDcontroller/_SDK/STM32Cube_FW_F1_V1.4.0/Drivers/CMSIS/Device/ST/STM32F1xx/Include" -I"/home/andre/eclipse/LEDcontroller/_SDK/STM32Cube_FW_F1_V1.4.0/Drivers/CMSIS/Include" -I"/home/andre/eclipse/LEDcontroller/_SDK/STM32Cube_FW_F1_V1.4.0/Drivers/STM32F1xx_HAL_Driver/Inc" -I"/home/andre/eclipse/LEDcontroller/_SDK/STM32Cube_FW_F1_V1.4.0/Drivers/STM32F1xx_HAL_Driver/Inc/Legacy" -I"/home/andre/eclipse/LEDcontroller/_SDK/STM32Cube_FW_F1_V1.4.0/Middlewares/ST/STM32_USB_Device_Library/Core/Inc" -I"/home/andre/eclipse/LEDcontroller/LED_Controller_STM/USB_Class_LED/Inc" -I"/home/andre/eclipse/LEDcontroller/LED_Controller_STM/inc" -I"/home/andre/eclipse/LEDcontroller/LED_Controller_STM/cfg" -I"/home/andre/eclipse/LEDcontroller/_Common/STM32/inc" -I"/home/andre/eclipse/LEDcontroller/_Common/Any/inc" -std=gnu11 -MMD -MP -MF"src/main.d" -MT"src/main.o" -c -o "src/main.o" "../src/main.c"
Finished building: ../src/main.c
 
Building file: ../src/usb_led.c
Invoking: Cross ARM C Compiler
arm-none-eabi-gcc -mcpu=cortex-m3 -mthumb -O0 -fmessage-length=0 -fsigned-char -ffunction-sections -fdata-sections  -g3 -DSTM32F103xB -I"/home/andre/eclipse/LEDcontroller/_SDK/STM32Cube_FW_F1_V1.4.0/Drivers/CMSIS/Device/ST/STM32F1xx/Include" -I"/home/andre/eclipse/LEDcontroller/_SDK/STM32Cube_FW_F1_V1.4.0/Drivers/CMSIS/Include" -I"/home/andre/eclipse/LEDcontroller/_SDK/STM32Cube_FW_F1_V1.4.0/Drivers/STM32F1xx_HAL_Driver/Inc" -I"/home/andre/eclipse/LEDcontroller/_SDK/STM32Cube_FW_F1_V1.4.0/Drivers/STM32F1xx_HAL_Driver/Inc/Legacy" -I"/home/andre/eclipse/LEDcontroller/_SDK/STM32Cube_FW_F1_V1.4.0/Middlewares/ST/STM32_USB_Device_Library/Core/Inc" -I"/home/andre/eclipse/LEDcontroller/LED_Controller_STM/USB_Class_LED/Inc" -I"/home/andre/eclipse/LEDcontroller/LED_Controller_STM/inc" -I"/home/andre/eclipse/LEDcontroller/LED_Controller_STM/cfg" -I"/home/andre/eclipse/LEDcontroller/_Common/STM32/inc" -I"/home/andre/eclipse/LEDcontroller/_Common/Any/inc" -std=gnu11 -MMD -MP -MF"src/usb_led.d" -MT"src/usb_led.o" -c -o "src/usb_led.o" "../src/usb_led.c"
../src/usb_led.c: In function 'LED_Itf_Receive':
../src/usb_led.c:42:5: warning: implicit declaration of function 'memcpy' [-Wimplicit-function-declaration]
     memcpy(data_c0 + offset, buffer+5, amount);
     ^~~~~~
../src/usb_led.c:42:5: warning: incompatible implicit declaration of built-in function 'memcpy'
../src/usb_led.c:42:5: note: include '<string.h>' or provide a declaration of 'memcpy'
../src/usb_led.c:50:5: warning: incompatible implicit declaration of built-in function 'memcpy'
     memcpy(data_c1 + offset, buffer+5, amount);
     ^~~~~~
../src/usb_led.c:50:5: note: include '<string.h>' or provide a declaration of 'memcpy'
../src/usb_led.c:64:3: error: a label can only be part of a statement and a declaration is not a statement
   uint8_t data_src = *(uint8_t*) (buffer+1);
   ^~~~~~~
../src/usb_led.c:65:3: error: expected expression before 'uint8_t'
   uint8_t data_dst = *(uint8_t*) (buffer+2);
   ^~~~~~~
../src/usb_led.c:70:3: warning: implicit declaration of function 'start_dma_transer' [-Wimplicit-function-declaration]
   start_dma_transer(data_c0,sizeof(data_c0));
   ^~~~~~~~~~~~~~~~~
../src/usb_led.c:74:2: error: multiple default labels in one switch
  default:
  ^~~~~~~
../src/usb_led.c:57:3: error: this is the first default label
   default:
   ^~~~~~~
../src/usb_led.c:80:10: error: 'USBD_OK' undeclared (first use in this function)
  return (USBD_OK);
          ^~~~~~~
../src/usb_led.c:80:10: note: each undeclared identifier is reported only once for each function it appears in
make: *** [src/subdir.mk:35: src/usb_led.o] Fout 1
12:09:24 **** Incremental Build of configuration Debug for project LED_Controller_STM ****
make all 
Building file: ../src/usb_led.c
Invoking: Cross ARM C Compiler
arm-none-eabi-gcc -mcpu=cortex-m3 -mthumb -O0 -fmessage-length=0 -fsigned-char -ffunction-sections -fdata-sections  -g3 -DSTM32F103xB -I"/home/andre/eclipse/LEDcontroller/_SDK/STM32Cube_FW_F1_V1.4.0/Drivers/CMSIS/Device/ST/STM32F1xx/Include" -I"/home/andre/eclipse/LEDcontroller/_SDK/STM32Cube_FW_F1_V1.4.0/Drivers/CMSIS/Include" -I"/home/andre/eclipse/LEDcontroller/_SDK/STM32Cube_FW_F1_V1.4.0/Drivers/STM32F1xx_HAL_Driver/Inc" -I"/home/andre/eclipse/LEDcontroller/_SDK/STM32Cube_FW_F1_V1.4.0/Drivers/STM32F1xx_HAL_Driver/Inc/Legacy" -I"/home/andre/eclipse/LEDcontroller/_SDK/STM32Cube_FW_F1_V1.4.0/Middlewares/ST/STM32_USB_Device_Library/Core/Inc" -I"/home/andre/eclipse/LEDcontroller/LED_Controller_STM/USB_Class_LED/Inc" -I"/home/andre/eclipse/LEDcontroller/LED_Controller_STM/inc" -I"/home/andre/eclipse/LEDcontroller/LED_Controller_STM/cfg" -I"/home/andre/eclipse/LEDcontroller/_Common/STM32/inc" -I"/home/andre/eclipse/LEDcontroller/_Common/Any/inc" -std=gnu11 -MMD -MP -MF"src/usb_led.d" -MT"src/usb_led.o" -c -o "src/usb_led.o" "../src/usb_led.c"
../src/usb_led.c: In function 'LED_Itf_Receive':
../src/usb_led.c:65:3: error: a label can only be part of a statement and a declaration is not a statement
   uint8_t data_src = *(uint8_t*) (buffer+1);
   ^~~~~~~
../src/usb_led.c:66:3: error: expected expression before 'uint8_t'
   uint8_t data_dst = *(uint8_t*) (buffer+2);
   ^~~~~~~
../src/usb_led.c:71:3: warning: implicit declaration of function 'start_dma_transer' [-Wimplicit-function-declaration]
   start_dma_transer(data_c0,sizeof(data_c0));
   ^~~~~~~~~~~~~~~~~
../src/usb_led.c:75:2: error: multiple default labels in one switch
  default:
  ^~~~~~~
../src/usb_led.c:58:3: error: this is the first default label
   default:
   ^~~~~~~
../src/usb_led.c:81:10: error: 'USBD_OK' undeclared (first use in this function)
  return (USBD_OK);
          ^~~~~~~
../src/usb_led.c:81:10: note: each undeclared identifier is reported only once for each function it appears in
make: *** [src/subdir.mk:35: src/usb_led.o] Fout 1
12:10:04 **** Incremental Build of configuration Debug for project LED_Controller_STM ****
make all 
Building file: ../src/usb_led.c
Invoking: Cross ARM C Compiler
arm-none-eabi-gcc -mcpu=cortex-m3 -mthumb -O0 -fmessage-length=0 -fsigned-char -ffunction-sections -fdata-sections  -g3 -DSTM32F103xB -I"/home/andre/eclipse/LEDcontroller/_SDK/STM32Cube_FW_F1_V1.4.0/Drivers/CMSIS/Device/ST/STM32F1xx/Include" -I"/home/andre/eclipse/LEDcontroller/_SDK/STM32Cube_FW_F1_V1.4.0/Drivers/CMSIS/Include" -I"/home/andre/eclipse/LEDcontroller/_SDK/STM32Cube_FW_F1_V1.4.0/Drivers/STM32F1xx_HAL_Driver/Inc" -I"/home/andre/eclipse/LEDcontroller/_SDK/STM32Cube_FW_F1_V1.4.0/Drivers/STM32F1xx_HAL_Driver/Inc/Legacy" -I"/home/andre/eclipse/LEDcontroller/_SDK/STM32Cube_FW_F1_V1.4.0/Middlewares/ST/STM32_USB_Device_Library/Core/Inc" -I"/home/andre/eclipse/LEDcontroller/LED_Controller_STM/USB_Class_LED/Inc" -I"/home/andre/eclipse/LEDcontroller/LED_Controller_STM/inc" -I"/home/andre/eclipse/LEDcontroller/LED_Controller_STM/cfg" -I"/home/andre/eclipse/LEDcontroller/_Common/STM32/inc" -I"/home/andre/eclipse/LEDcontroller/_Common/Any/inc" -std=gnu11 -MMD -MP -MF"src/usb_led.d" -MT"src/usb_led.o" -c -o "src/usb_led.o" "../src/usb_led.c"
../src/usb_led.c: In function 'LED_Itf_Receive':
../src/usb_led.c:72:3: warning: implicit declaration of function 'start_dma_transer' [-Wimplicit-function-declaration]
   start_dma_transer(data_c0,sizeof(data_c0));
   ^~~~~~~~~~~~~~~~~
../src/usb_led.c:83:10: error: 'USBD_OK' undeclared (first use in this function)
  return (USBD_OK);
          ^~~~~~~
../src/usb_led.c:83:10: note: each undeclared identifier is reported only once for each function it appears in
make: *** [src/subdir.mk:35: src/usb_led.o] Fout 1
12:10:32 **** Incremental Build of configuration Debug for project LED_Controller_STM ****
make all 
Building file: ../src/usb_led.c
Invoking: Cross ARM C Compiler
arm-none-eabi-gcc -mcpu=cortex-m3 -mthumb -O0 -fmessage-length=0 -fsigned-char -ffunction-sections -fdata-sections  -g3 -DSTM32F103xB -I"/home/andre/eclipse/LEDcontroller/_SDK/STM32Cube_FW_F1_V1.4.0/Drivers/CMSIS/Device/ST/STM32F1xx/Include" -I"/home/andre/eclipse/LEDcontroller/_SDK/STM32Cube_FW_F1_V1.4.0/Drivers/CMSIS/Include" -I"/home/andre/eclipse/LEDcontroller/_SDK/STM32Cube_FW_F1_V1.4.0/Drivers/STM32F1xx_HAL_Driver/Inc" -I"/home/andre/eclipse/LEDcontroller/_SDK/STM32Cube_FW_F1_V1.4.0/Drivers/STM32F1xx_HAL_Driver/Inc/Legacy" -I"/home/andre/eclipse/LEDcontroller/_SDK/STM32Cube_FW_F1_V1.4.0/Middlewares/ST/STM32_USB_Device_Library/Core/Inc" -I"/home/andre/eclipse/LEDcontroller/LED_Controller_STM/USB_Class_LED/Inc" -I"/home/andre/eclipse/LEDcontroller/LED_Controller_STM/inc" -I"/home/andre/eclipse/LEDcontroller/LED_Controller_STM/cfg" -I"/home/andre/eclipse/LEDcontroller/_Common/STM32/inc" -I"/home/andre/eclipse/LEDcontroller/_Common/Any/inc" -std=gnu11 -MMD -MP -MF"src/usb_led.d" -MT"src/usb_led.o" -c -o "src/usb_led.o" "../src/usb_led.c"
../src/usb_led.c: In function 'LED_Itf_Receive':
../src/usb_led.c:76:3: warning: implicit declaration of function 'start_dma_transer' [-Wimplicit-function-declaration]
   start_dma_transer(data_c0,sizeof(data_c0));
   ^~~~~~~~~~~~~~~~~
Finished building: ../src/usb_led.c
 
Building file: ../src/usbd_conf.c
Invoking: Cross ARM C Compiler
arm-none-eabi-gcc -mcpu=cortex-m3 -mthumb -O0 -fmessage-length=0 -fsigned-char -ffunction-sections -fdata-sections  -g3 -DSTM32F103xB -I"/home/andre/eclipse/LEDcontroller/_SDK/STM32Cube_FW_F1_V1.4.0/Drivers/CMSIS/Device/ST/STM32F1xx/Include" -I"/home/andre/eclipse/LEDcontroller/_SDK/STM32Cube_FW_F1_V1.4.0/Drivers/CMSIS/Include" -I"/home/andre/eclipse/LEDcontroller/_SDK/STM32Cube_FW_F1_V1.4.0/Drivers/STM32F1xx_HAL_Driver/Inc" -I"/home/andre/eclipse/LEDcontroller/_SDK/STM32Cube_FW_F1_V1.4.0/Drivers/STM32F1xx_HAL_Driver/Inc/Legacy" -I"/home/andre/eclipse/LEDcontroller/_SDK/STM32Cube_FW_F1_V1.4.0/Middlewares/ST/STM32_USB_Device_Library/Core/Inc" -I"/home/andre/eclipse/LEDcontroller/LED_Controller_STM/USB_Class_LED/Inc" -I"/home/andre/eclipse/LEDcontroller/LED_Controller_STM/inc" -I"/home/andre/eclipse/LEDcontroller/LED_Controller_STM/cfg" -I"/home/andre/eclipse/LEDcontroller/_Common/STM32/inc" -I"/home/andre/eclipse/LEDcontroller/_Common/Any/inc" -std=gnu11 -MMD -MP -MF"src/usbd_conf.d" -MT"src/usbd_conf.o" -c -o "src/usbd_conf.o" "../src/usbd_conf.c"
Finished building: ../src/usbd_conf.c
 
Building file: ../src/usbd_desc.c
Invoking: Cross ARM C Compiler
arm-none-eabi-gcc -mcpu=cortex-m3 -mthumb -O0 -fmessage-length=0 -fsigned-char -ffunction-sections -fdata-sections  -g3 -DSTM32F103xB -I"/home/andre/eclipse/LEDcontroller/_SDK/STM32Cube_FW_F1_V1.4.0/Drivers/CMSIS/Device/ST/STM32F1xx/Include" -I"/home/andre/eclipse/LEDcontroller/_SDK/STM32Cube_FW_F1_V1.4.0/Drivers/CMSIS/Include" -I"/home/andre/eclipse/LEDcontroller/_SDK/STM32Cube_FW_F1_V1.4.0/Drivers/STM32F1xx_HAL_Driver/Inc" -I"/home/andre/eclipse/LEDcontroller/_SDK/STM32Cube_FW_F1_V1.4.0/Drivers/STM32F1xx_HAL_Driver/Inc/Legacy" -I"/home/andre/eclipse/LEDcontroller/_SDK/STM32Cube_FW_F1_V1.4.0/Middlewares/ST/STM32_USB_Device_Library/Core/Inc" -I"/home/andre/eclipse/LEDcontroller/LED_Controller_STM/USB_Class_LED/Inc" -I"/home/andre/eclipse/LEDcontroller/LED_Controller_STM/inc" -I"/home/andre/eclipse/LEDcontroller/LED_Controller_STM/cfg" -I"/home/andre/eclipse/LEDcontroller/_Common/STM32/inc" -I"/home/andre/eclipse/LEDcontroller/_Common/Any/inc" -std=gnu11 -MMD -MP -MF"src/usbd_desc.d" -MT"src/usbd_desc.o" -c -o "src/usbd_desc.o" "../src/usbd_desc.c"
Finished building: ../src/usbd_desc.c
 
Building file: /home/andre/eclipse/LEDcontroller/_SDK/STM32Cube_FW_F1_V1.4.0/Drivers/STM32F1xx_HAL_Driver/Src/stm32f1xx_hal.c
Invoking: Cross ARM C Compiler
arm-none-eabi-gcc -mcpu=cortex-m3 -mthumb -O0 -fmessage-length=0 -fsigned-char -ffunction-sections -fdata-sections  -g3 -DSTM32F103xB -I"/home/andre/eclipse/LEDcontroller/_SDK/STM32Cube_FW_F1_V1.4.0/Drivers/CMSIS/Device/ST/STM32F1xx/Include" -I"/home/andre/eclipse/LEDcontroller/_SDK/STM32Cube_FW_F1_V1.4.0/Drivers/CMSIS/Include" -I"/home/andre/eclipse/LEDcontroller/_SDK/STM32Cube_FW_F1_V1.4.0/Drivers/STM32F1xx_HAL_Driver/Inc" -I"/home/andre/eclipse/LEDcontroller/_SDK/STM32Cube_FW_F1_V1.4.0/Drivers/STM32F1xx_HAL_Driver/Inc/Legacy" -I"/home/andre/eclipse/LEDcontroller/_SDK/STM32Cube_FW_F1_V1.4.0/Middlewares/ST/STM32_USB_Device_Library/Core/Inc" -I"/home/andre/eclipse/LEDcontroller/LED_Controller_STM/USB_Class_LED/Inc" -I"/home/andre/eclipse/LEDcontroller/LED_Controller_STM/inc" -I"/home/andre/eclipse/LEDcontroller/LED_Controller_STM/cfg" -I"/home/andre/eclipse/LEDcontroller/_Common/STM32/inc" -I"/home/andre/eclipse/LEDcontroller/_Common/Any/inc" -std=gnu11 -MMD -MP -MF"sdk/stm32f1xx_hal.d" -MT"sdk/stm32f1xx_hal.o" -c -o "sdk/stm32f1xx_hal.o" "/home/andre/eclipse/LEDcontroller/_SDK/STM32Cube_FW_F1_V1.4.0/Drivers/STM32F1xx_HAL_Driver/Src/stm32f1xx_hal.c"
Finished building: /home/andre/eclipse/LEDcontroller/_SDK/STM32Cube_FW_F1_V1.4.0/Drivers/STM32F1xx_HAL_Driver/Src/stm32f1xx_hal.c
 
Building file: /home/andre/eclipse/LEDcontroller/_SDK/STM32Cube_FW_F1_V1.4.0/Drivers/STM32F1xx_HAL_Driver/Src/stm32f1xx_hal_adc.c
Invoking: Cross ARM C Compiler
arm-none-eabi-gcc -mcpu=cortex-m3 -mthumb -O0 -fmessage-length=0 -fsigned-char -ffunction-sections -fdata-sections  -g3 -DSTM32F103xB -I"/home/andre/eclipse/LEDcontroller/_SDK/STM32Cube_FW_F1_V1.4.0/Drivers/CMSIS/Device/ST/STM32F1xx/Include" -I"/home/andre/eclipse/LEDcontroller/_SDK/STM32Cube_FW_F1_V1.4.0/Drivers/CMSIS/Include" -I"/home/andre/eclipse/LEDcontroller/_SDK/STM32Cube_FW_F1_V1.4.0/Drivers/STM32F1xx_HAL_Driver/Inc" -I"/home/andre/eclipse/LEDcontroller/_SDK/STM32Cube_FW_F1_V1.4.0/Drivers/STM32F1xx_HAL_Driver/Inc/Legacy" -I"/home/andre/eclipse/LEDcontroller/_SDK/STM32Cube_FW_F1_V1.4.0/Middlewares/ST/STM32_USB_Device_Library/Core/Inc" -I"/home/andre/eclipse/LEDcontroller/LED_Controller_STM/USB_Class_LED/Inc" -I"/home/andre/eclipse/LEDcontroller/LED_Controller_STM/inc" -I"/home/andre/eclipse/LEDcontroller/LED_Controller_STM/cfg" -I"/home/andre/eclipse/LEDcontroller/_Common/STM32/inc" -I"/home/andre/eclipse/LEDcontroller/_Common/Any/inc" -std=gnu11 -MMD -MP -MF"sdk/stm32f1xx_hal_adc.d" -MT"sdk/stm32f1xx_hal_adc.o" -c -o "sdk/stm32f1xx_hal_adc.o" "/home/andre/eclipse/LEDcontroller/_SDK/STM32Cube_FW_F1_V1.4.0/Drivers/STM32F1xx_HAL_Driver/Src/stm32f1xx_hal_adc.c"
Finished building: /home/andre/eclipse/LEDcontroller/_SDK/STM32Cube_FW_F1_V1.4.0/Drivers/STM32F1xx_HAL_Driver/Src/stm32f1xx_hal_adc.c
 
Building file: /home/andre/eclipse/LEDcontroller/_SDK/STM32Cube_FW_F1_V1.4.0/Drivers/STM32F1xx_HAL_Driver/Src/stm32f1xx_hal_adc_ex.c
Invoking: Cross ARM C Compiler
arm-none-eabi-gcc -mcpu=cortex-m3 -mthumb -O0 -fmessage-length=0 -fsigned-char -ffunction-sections -fdata-sections  -g3 -DSTM32F103xB -I"/home/andre/eclipse/LEDcontroller/_SDK/STM32Cube_FW_F1_V1.4.0/Drivers/CMSIS/Device/ST/STM32F1xx/Include" -I"/home/andre/eclipse/LEDcontroller/_SDK/STM32Cube_FW_F1_V1.4.0/Drivers/CMSIS/Include" -I"/home/andre/eclipse/LEDcontroller/_SDK/STM32Cube_FW_F1_V1.4.0/Drivers/STM32F1xx_HAL_Driver/Inc" -I"/home/andre/eclipse/LEDcontroller/_SDK/STM32Cube_FW_F1_V1.4.0/Drivers/STM32F1xx_HAL_Driver/Inc/Legacy" -I"/home/andre/eclipse/LEDcontroller/_SDK/STM32Cube_FW_F1_V1.4.0/Middlewares/ST/STM32_USB_Device_Library/Core/Inc" -I"/home/andre/eclipse/LEDcontroller/LED_Controller_STM/USB_Class_LED/Inc" -I"/home/andre/eclipse/LEDcontroller/LED_Controller_STM/inc" -I"/home/andre/eclipse/LEDcontroller/LED_Controller_STM/cfg" -I"/home/andre/eclipse/LEDcontroller/_Common/STM32/inc" -I"/home/andre/eclipse/LEDcontroller/_Common/Any/inc" -std=gnu11 -MMD -MP -MF"sdk/stm32f1xx_hal_adc_ex.d" -MT"sdk/stm32f1xx_hal_adc_ex.o" -c -o "sdk/stm32f1xx_hal_adc_ex.o" "/home/andre/eclipse/LEDcontroller/_SDK/STM32Cube_FW_F1_V1.4.0/Drivers/STM32F1xx_HAL_Driver/Src/stm32f1xx_hal_adc_ex.c"
Finished building: /home/andre/eclipse/LEDcontroller/_SDK/STM32Cube_FW_F1_V1.4.0/Drivers/STM32F1xx_HAL_Driver/Src/stm32f1xx_hal_adc_ex.c
 
Building file: /home/andre/eclipse/LEDcontroller/_SDK/STM32Cube_FW_F1_V1.4.0/Drivers/STM32F1xx_HAL_Driver/Src/stm32f1xx_hal_can.c
Invoking: Cross ARM C Compiler
arm-none-eabi-gcc -mcpu=cortex-m3 -mthumb -O0 -fmessage-length=0 -fsigned-char -ffunction-sections -fdata-sections  -g3 -DSTM32F103xB -I"/home/andre/eclipse/LEDcontroller/_SDK/STM32Cube_FW_F1_V1.4.0/Drivers/CMSIS/Device/ST/STM32F1xx/Include" -I"/home/andre/eclipse/LEDcontroller/_SDK/STM32Cube_FW_F1_V1.4.0/Drivers/CMSIS/Include" -I"/home/andre/eclipse/LEDcontroller/_SDK/STM32Cube_FW_F1_V1.4.0/Drivers/STM32F1xx_HAL_Driver/Inc" -I"/home/andre/eclipse/LEDcontroller/_SDK/STM32Cube_FW_F1_V1.4.0/Drivers/STM32F1xx_HAL_Driver/Inc/Legacy" -I"/home/andre/eclipse/LEDcontroller/_SDK/STM32Cube_FW_F1_V1.4.0/Middlewares/ST/STM32_USB_Device_Library/Core/Inc" -I"/home/andre/eclipse/LEDcontroller/LED_Controller_STM/USB_Class_LED/Inc" -I"/home/andre/eclipse/LEDcontroller/LED_Controller_STM/inc" -I"/home/andre/eclipse/LEDcontroller/LED_Controller_STM/cfg" -I"/home/andre/eclipse/LEDcontroller/_Common/STM32/inc" -I"/home/andre/eclipse/LEDcontroller/_Common/Any/inc" -std=gnu11 -MMD -MP -MF"sdk/stm32f1xx_hal_can.d" -MT"sdk/stm32f1xx_hal_can.o" -c -o "sdk/stm32f1xx_hal_can.o" "/home/andre/eclipse/LEDcontroller/_SDK/STM32Cube_FW_F1_V1.4.0/Drivers/STM32F1xx_HAL_Driver/Src/stm32f1xx_hal_can.c"
Finished building: /home/andre/eclipse/LEDcontroller/_SDK/STM32Cube_FW_F1_V1.4.0/Drivers/STM32F1xx_HAL_Driver/Src/stm32f1xx_hal_can.c
 
Building file: /home/andre/eclipse/LEDcontroller/_SDK/STM32Cube_FW_F1_V1.4.0/Drivers/STM32F1xx_HAL_Driver/Src/stm32f1xx_hal_cec.c
Invoking: Cross ARM C Compiler
arm-none-eabi-gcc -mcpu=cortex-m3 -mthumb -O0 -fmessage-length=0 -fsigned-char -ffunction-sections -fdata-sections  -g3 -DSTM32F103xB -I"/home/andre/eclipse/LEDcontroller/_SDK/STM32Cube_FW_F1_V1.4.0/Drivers/CMSIS/Device/ST/STM32F1xx/Include" -I"/home/andre/eclipse/LEDcontroller/_SDK/STM32Cube_FW_F1_V1.4.0/Drivers/CMSIS/Include" -I"/home/andre/eclipse/LEDcontroller/_SDK/STM32Cube_FW_F1_V1.4.0/Drivers/STM32F1xx_HAL_Driver/Inc" -I"/home/andre/eclipse/LEDcontroller/_SDK/STM32Cube_FW_F1_V1.4.0/Drivers/STM32F1xx_HAL_Driver/Inc/Legacy" -I"/home/andre/eclipse/LEDcontroller/_SDK/STM32Cube_FW_F1_V1.4.0/Middlewares/ST/STM32_USB_Device_Library/Core/Inc" -I"/home/andre/eclipse/LEDcontroller/LED_Controller_STM/USB_Class_LED/Inc" -I"/home/andre/eclipse/LEDcontroller/LED_Controller_STM/inc" -I"/home/andre/eclipse/LEDcontroller/LED_Controller_STM/cfg" -I"/home/andre/eclipse/LEDcontroller/_Common/STM32/inc" -I"/home/andre/eclipse/LEDcontroller/_Common/Any/inc" -std=gnu11 -MMD -MP -MF"sdk/stm32f1xx_hal_cec.d" -MT"sdk/stm32f1xx_hal_cec.o" -c -o "sdk/stm32f1xx_hal_cec.o" "/home/andre/eclipse/LEDcontroller/_SDK/STM32Cube_FW_F1_V1.4.0/Drivers/STM32F1xx_HAL_Driver/Src/stm32f1xx_hal_cec.c"
Finished building: /home/andre/eclipse/LEDcontroller/_SDK/STM32Cube_FW_F1_V1.4.0/Drivers/STM32F1xx_HAL_Driver/Src/stm32f1xx_hal_cec.c
 
Building file: /home/andre/eclipse/LEDcontroller/_SDK/STM32Cube_FW_F1_V1.4.0/Drivers/STM32F1xx_HAL_Driver/Src/stm32f1xx_hal_cortex.c
Invoking: Cross ARM C Compiler
arm-none-eabi-gcc -mcpu=cortex-m3 -mthumb -O0 -fmessage-length=0 -fsigned-char -ffunction-sections -fdata-sections  -g3 -DSTM32F103xB -I"/home/andre/eclipse/LEDcontroller/_SDK/STM32Cube_FW_F1_V1.4.0/Drivers/CMSIS/Device/ST/STM32F1xx/Include" -I"/home/andre/eclipse/LEDcontroller/_SDK/STM32Cube_FW_F1_V1.4.0/Drivers/CMSIS/Include" -I"/home/andre/eclipse/LEDcontroller/_SDK/STM32Cube_FW_F1_V1.4.0/Drivers/STM32F1xx_HAL_Driver/Inc" -I"/home/andre/eclipse/LEDcontroller/_SDK/STM32Cube_FW_F1_V1.4.0/Drivers/STM32F1xx_HAL_Driver/Inc/Legacy" -I"/home/andre/eclipse/LEDcontroller/_SDK/STM32Cube_FW_F1_V1.4.0/Middlewares/ST/STM32_USB_Device_Library/Core/Inc" -I"/home/andre/eclipse/LEDcontroller/LED_Controller_STM/USB_Class_LED/Inc" -I"/home/andre/eclipse/LEDcontroller/LED_Controller_STM/inc" -I"/home/andre/eclipse/LEDcontroller/LED_Controller_STM/cfg" -I"/home/andre/eclipse/LEDcontroller/_Common/STM32/inc" -I"/home/andre/eclipse/LEDcontroller/_Common/Any/inc" -std=gnu11 -MMD -MP -MF"sdk/stm32f1xx_hal_cortex.d" -MT"sdk/stm32f1xx_hal_cortex.o" -c -o "sdk/stm32f1xx_hal_cortex.o" "/home/andre/eclipse/LEDcontroller/_SDK/STM32Cube_FW_F1_V1.4.0/Drivers/STM32F1xx_HAL_Driver/Src/stm32f1xx_hal_cortex.c"
Finished building: /home/andre/eclipse/LEDcontroller/_SDK/STM32Cube_FW_F1_V1.4.0/Drivers/STM32F1xx_HAL_Driver/Src/stm32f1xx_hal_cortex.c
 
Building file: /home/andre/eclipse/LEDcontroller/_SDK/STM32Cube_FW_F1_V1.4.0/Drivers/STM32F1xx_HAL_Driver/Src/stm32f1xx_hal_crc.c
Invoking: Cross ARM C Compiler
arm-none-eabi-gcc -mcpu=cortex-m3 -mthumb -O0 -fmessage-length=0 -fsigned-char -ffunction-sections -fdata-sections  -g3 -DSTM32F103xB -I"/home/andre/eclipse/LEDcontroller/_SDK/STM32Cube_FW_F1_V1.4.0/Drivers/CMSIS/Device/ST/STM32F1xx/Include" -I"/home/andre/eclipse/LEDcontroller/_SDK/STM32Cube_FW_F1_V1.4.0/Drivers/CMSIS/Include" -I"/home/andre/eclipse/LEDcontroller/_SDK/STM32Cube_FW_F1_V1.4.0/Drivers/STM32F1xx_HAL_Driver/Inc" -I"/home/andre/eclipse/LEDcontroller/_SDK/STM32Cube_FW_F1_V1.4.0/Drivers/STM32F1xx_HAL_Driver/Inc/Legacy" -I"/home/andre/eclipse/LEDcontroller/_SDK/STM32Cube_FW_F1_V1.4.0/Middlewares/ST/STM32_USB_Device_Library/Core/Inc" -I"/home/andre/eclipse/LEDcontroller/LED_Controller_STM/USB_Class_LED/Inc" -I"/home/andre/eclipse/LEDcontroller/LED_Controller_STM/inc" -I"/home/andre/eclipse/LEDcontroller/LED_Controller_STM/cfg" -I"/home/andre/eclipse/LEDcontroller/_Common/STM32/inc" -I"/home/andre/eclipse/LEDcontroller/_Common/Any/inc" -std=gnu11 -MMD -MP -MF"sdk/stm32f1xx_hal_crc.d" -MT"sdk/stm32f1xx_hal_crc.o" -c -o "sdk/stm32f1xx_hal_crc.o" "/home/andre/eclipse/LEDcontroller/_SDK/STM32Cube_FW_F1_V1.4.0/Drivers/STM32F1xx_HAL_Driver/Src/stm32f1xx_hal_crc.c"
Finished building: /home/andre/eclipse/LEDcontroller/_SDK/STM32Cube_FW_F1_V1.4.0/Drivers/STM32F1xx_HAL_Driver/Src/stm32f1xx_hal_crc.c
 
Building file: /home/andre/eclipse/LEDcontroller/_SDK/STM32Cube_FW_F1_V1.4.0/Drivers/STM32F1xx_HAL_Driver/Src/stm32f1xx_hal_dac.c
Invoking: Cross ARM C Compiler
arm-none-eabi-gcc -mcpu=cortex-m3 -mthumb -O0 -fmessage-length=0 -fsigned-char -ffunction-sections -fdata-sections  -g3 -DSTM32F103xB -I"/home/andre/eclipse/LEDcontroller/_SDK/STM32Cube_FW_F1_V1.4.0/Drivers/CMSIS/Device/ST/STM32F1xx/Include" -I"/home/andre/eclipse/LEDcontroller/_SDK/STM32Cube_FW_F1_V1.4.0/Drivers/CMSIS/Include" -I"/home/andre/eclipse/LEDcontroller/_SDK/STM32Cube_FW_F1_V1.4.0/Drivers/STM32F1xx_HAL_Driver/Inc" -I"/home/andre/eclipse/LEDcontroller/_SDK/STM32Cube_FW_F1_V1.4.0/Drivers/STM32F1xx_HAL_Driver/Inc/Legacy" -I"/home/andre/eclipse/LEDcontroller/_SDK/STM32Cube_FW_F1_V1.4.0/Middlewares/ST/STM32_USB_Device_Library/Core/Inc" -I"/home/andre/eclipse/LEDcontroller/LED_Controller_STM/USB_Class_LED/Inc" -I"/home/andre/eclipse/LEDcontroller/LED_Controller_STM/inc" -I"/home/andre/eclipse/LEDcontroller/LED_Controller_STM/cfg" -I"/home/andre/eclipse/LEDcontroller/_Common/STM32/inc" -I"/home/andre/eclipse/LEDcontroller/_Common/Any/inc" -std=gnu11 -MMD -MP -MF"sdk/stm32f1xx_hal_dac.d" -MT"sdk/stm32f1xx_hal_dac.o" -c -o "sdk/stm32f1xx_hal_dac.o" "/home/andre/eclipse/LEDcontroller/_SDK/STM32Cube_FW_F1_V1.4.0/Drivers/STM32F1xx_HAL_Driver/Src/stm32f1xx_hal_dac.c"
Finished building: /home/andre/eclipse/LEDcontroller/_SDK/STM32Cube_FW_F1_V1.4.0/Drivers/STM32F1xx_HAL_Driver/Src/stm32f1xx_hal_dac.c
 
Building file: /home/andre/eclipse/LEDcontroller/_SDK/STM32Cube_FW_F1_V1.4.0/Drivers/STM32F1xx_HAL_Driver/Src/stm32f1xx_hal_dac_ex.c
Invoking: Cross ARM C Compiler
arm-none-eabi-gcc -mcpu=cortex-m3 -mthumb -O0 -fmessage-length=0 -fsigned-char -ffunction-sections -fdata-sections  -g3 -DSTM32F103xB -I"/home/andre/eclipse/LEDcontroller/_SDK/STM32Cube_FW_F1_V1.4.0/Drivers/CMSIS/Device/ST/STM32F1xx/Include" -I"/home/andre/eclipse/LEDcontroller/_SDK/STM32Cube_FW_F1_V1.4.0/Drivers/CMSIS/Include" -I"/home/andre/eclipse/LEDcontroller/_SDK/STM32Cube_FW_F1_V1.4.0/Drivers/STM32F1xx_HAL_Driver/Inc" -I"/home/andre/eclipse/LEDcontroller/_SDK/STM32Cube_FW_F1_V1.4.0/Drivers/STM32F1xx_HAL_Driver/Inc/Legacy" -I"/home/andre/eclipse/LEDcontroller/_SDK/STM32Cube_FW_F1_V1.4.0/Middlewares/ST/STM32_USB_Device_Library/Core/Inc" -I"/home/andre/eclipse/LEDcontroller/LED_Controller_STM/USB_Class_LED/Inc" -I"/home/andre/eclipse/LEDcontroller/LED_Controller_STM/inc" -I"/home/andre/eclipse/LEDcontroller/LED_Controller_STM/cfg" -I"/home/andre/eclipse/LEDcontroller/_Common/STM32/inc" -I"/home/andre/eclipse/LEDcontroller/_Common/Any/inc" -std=gnu11 -MMD -MP -MF"sdk/stm32f1xx_hal_dac_ex.d" -MT"sdk/stm32f1xx_hal_dac_ex.o" -c -o "sdk/stm32f1xx_hal_dac_ex.o" "/home/andre/eclipse/LEDcontroller/_SDK/STM32Cube_FW_F1_V1.4.0/Drivers/STM32F1xx_HAL_Driver/Src/stm32f1xx_hal_dac_ex.c"
Finished building: /home/andre/eclipse/LEDcontroller/_SDK/STM32Cube_FW_F1_V1.4.0/Drivers/STM32F1xx_HAL_Driver/Src/stm32f1xx_hal_dac_ex.c
 
Building file: /home/andre/eclipse/LEDcontroller/_SDK/STM32Cube_FW_F1_V1.4.0/Drivers/STM32F1xx_HAL_Driver/Src/stm32f1xx_hal_dma.c
Invoking: Cross ARM C Compiler
arm-none-eabi-gcc -mcpu=cortex-m3 -mthumb -O0 -fmessage-length=0 -fsigned-char -ffunction-sections -fdata-sections  -g3 -DSTM32F103xB -I"/home/andre/eclipse/LEDcontroller/_SDK/STM32Cube_FW_F1_V1.4.0/Drivers/CMSIS/Device/ST/STM32F1xx/Include" -I"/home/andre/eclipse/LEDcontroller/_SDK/STM32Cube_FW_F1_V1.4.0/Drivers/CMSIS/Include" -I"/home/andre/eclipse/LEDcontroller/_SDK/STM32Cube_FW_F1_V1.4.0/Drivers/STM32F1xx_HAL_Driver/Inc" -I"/home/andre/eclipse/LEDcontroller/_SDK/STM32Cube_FW_F1_V1.4.0/Drivers/STM32F1xx_HAL_Driver/Inc/Legacy" -I"/home/andre/eclipse/LEDcontroller/_SDK/STM32Cube_FW_F1_V1.4.0/Middlewares/ST/STM32_USB_Device_Library/Core/Inc" -I"/home/andre/eclipse/LEDcontroller/LED_Controller_STM/USB_Class_LED/Inc" -I"/home/andre/eclipse/LEDcontroller/LED_Controller_STM/inc" -I"/home/andre/eclipse/LEDcontroller/LED_Controller_STM/cfg" -I"/home/andre/eclipse/LEDcontroller/_Common/STM32/inc" -I"/home/andre/eclipse/LEDcontroller/_Common/Any/inc" -std=gnu11 -MMD -MP -MF"sdk/stm32f1xx_hal_dma.d" -MT"sdk/stm32f1xx_hal_dma.o" -c -o "sdk/stm32f1xx_hal_dma.o" "/home/andre/eclipse/LEDcontroller/_SDK/STM32Cube_FW_F1_V1.4.0/Drivers/STM32F1xx_HAL_Driver/Src/stm32f1xx_hal_dma.c"
Finished building: /home/andre/eclipse/LEDcontroller/_SDK/STM32Cube_FW_F1_V1.4.0/Drivers/STM32F1xx_HAL_Driver/Src/stm32f1xx_hal_dma.c
 
Building file: /home/andre/eclipse/LEDcontroller/_SDK/STM32Cube_FW_F1_V1.4.0/Drivers/STM32F1xx_HAL_Driver/Src/stm32f1xx_hal_eth.c
Invoking: Cross ARM C Compiler
arm-none-eabi-gcc -mcpu=cortex-m3 -mthumb -O0 -fmessage-length=0 -fsigned-char -ffunction-sections -fdata-sections  -g3 -DSTM32F103xB -I"/home/andre/eclipse/LEDcontroller/_SDK/STM32Cube_FW_F1_V1.4.0/Drivers/CMSIS/Device/ST/STM32F1xx/Include" -I"/home/andre/eclipse/LEDcontroller/_SDK/STM32Cube_FW_F1_V1.4.0/Drivers/CMSIS/Include" -I"/home/andre/eclipse/LEDcontroller/_SDK/STM32Cube_FW_F1_V1.4.0/Drivers/STM32F1xx_HAL_Driver/Inc" -I"/home/andre/eclipse/LEDcontroller/_SDK/STM32Cube_FW_F1_V1.4.0/Drivers/STM32F1xx_HAL_Driver/Inc/Legacy" -I"/home/andre/eclipse/LEDcontroller/_SDK/STM32Cube_FW_F1_V1.4.0/Middlewares/ST/STM32_USB_Device_Library/Core/Inc" -I"/home/andre/eclipse/LEDcontroller/LED_Controller_STM/USB_Class_LED/Inc" -I"/home/andre/eclipse/LEDcontroller/LED_Controller_STM/inc" -I"/home/andre/eclipse/LEDcontroller/LED_Controller_STM/cfg" -I"/home/andre/eclipse/LEDcontroller/_Common/STM32/inc" -I"/home/andre/eclipse/LEDcontroller/_Common/Any/inc" -std=gnu11 -MMD -MP -MF"sdk/stm32f1xx_hal_eth.d" -MT"sdk/stm32f1xx_hal_eth.o" -c -o "sdk/stm32f1xx_hal_eth.o" "/home/andre/eclipse/LEDcontroller/_SDK/STM32Cube_FW_F1_V1.4.0/Drivers/STM32F1xx_HAL_Driver/Src/stm32f1xx_hal_eth.c"
Finished building: /home/andre/eclipse/LEDcontroller/_SDK/STM32Cube_FW_F1_V1.4.0/Drivers/STM32F1xx_HAL_Driver/Src/stm32f1xx_hal_eth.c
 
Building file: /home/andre/eclipse/LEDcontroller/_SDK/STM32Cube_FW_F1_V1.4.0/Drivers/STM32F1xx_HAL_Driver/Src/stm32f1xx_hal_flash.c
Invoking: Cross ARM C Compiler
arm-none-eabi-gcc -mcpu=cortex-m3 -mthumb -O0 -fmessage-length=0 -fsigned-char -ffunction-sections -fdata-sections  -g3 -DSTM32F103xB -I"/home/andre/eclipse/LEDcontroller/_SDK/STM32Cube_FW_F1_V1.4.0/Drivers/CMSIS/Device/ST/STM32F1xx/Include" -I"/home/andre/eclipse/LEDcontroller/_SDK/STM32Cube_FW_F1_V1.4.0/Drivers/CMSIS/Include" -I"/home/andre/eclipse/LEDcontroller/_SDK/STM32Cube_FW_F1_V1.4.0/Drivers/STM32F1xx_HAL_Driver/Inc" -I"/home/andre/eclipse/LEDcontroller/_SDK/STM32Cube_FW_F1_V1.4.0/Drivers/STM32F1xx_HAL_Driver/Inc/Legacy" -I"/home/andre/eclipse/LEDcontroller/_SDK/STM32Cube_FW_F1_V1.4.0/Middlewares/ST/STM32_USB_Device_Library/Core/Inc" -I"/home/andre/eclipse/LEDcontroller/LED_Controller_STM/USB_Class_LED/Inc" -I"/home/andre/eclipse/LEDcontroller/LED_Controller_STM/inc" -I"/home/andre/eclipse/LEDcontroller/LED_Controller_STM/cfg" -I"/home/andre/eclipse/LEDcontroller/_Common/STM32/inc" -I"/home/andre/eclipse/LEDcontroller/_Common/Any/inc" -std=gnu11 -MMD -MP -MF"sdk/stm32f1xx_hal_flash.d" -MT"sdk/stm32f1xx_hal_flash.o" -c -o "sdk/stm32f1xx_hal_flash.o" "/home/andre/eclipse/LEDcontroller/_SDK/STM32Cube_FW_F1_V1.4.0/Drivers/STM32F1xx_HAL_Driver/Src/stm32f1xx_hal_flash.c"
Finished building: /home/andre/eclipse/LEDcontroller/_SDK/STM32Cube_FW_F1_V1.4.0/Drivers/STM32F1xx_HAL_Driver/Src/stm32f1xx_hal_flash.c
 
Building file: /home/andre/eclipse/LEDcontroller/_SDK/STM32Cube_FW_F1_V1.4.0/Drivers/STM32F1xx_HAL_Driver/Src/stm32f1xx_hal_flash_ex.c
Invoking: Cross ARM C Compiler
arm-none-eabi-gcc -mcpu=cortex-m3 -mthumb -O0 -fmessage-length=0 -fsigned-char -ffunction-sections -fdata-sections  -g3 -DSTM32F103xB -I"/home/andre/eclipse/LEDcontroller/_SDK/STM32Cube_FW_F1_V1.4.0/Drivers/CMSIS/Device/ST/STM32F1xx/Include" -I"/home/andre/eclipse/LEDcontroller/_SDK/STM32Cube_FW_F1_V1.4.0/Drivers/CMSIS/Include" -I"/home/andre/eclipse/LEDcontroller/_SDK/STM32Cube_FW_F1_V1.4.0/Drivers/STM32F1xx_HAL_Driver/Inc" -I"/home/andre/eclipse/LEDcontroller/_SDK/STM32Cube_FW_F1_V1.4.0/Drivers/STM32F1xx_HAL_Driver/Inc/Legacy" -I"/home/andre/eclipse/LEDcontroller/_SDK/STM32Cube_FW_F1_V1.4.0/Middlewares/ST/STM32_USB_Device_Library/Core/Inc" -I"/home/andre/eclipse/LEDcontroller/LED_Controller_STM/USB_Class_LED/Inc" -I"/home/andre/eclipse/LEDcontroller/LED_Controller_STM/inc" -I"/home/andre/eclipse/LEDcontroller/LED_Controller_STM/cfg" -I"/home/andre/eclipse/LEDcontroller/_Common/STM32/inc" -I"/home/andre/eclipse/LEDcontroller/_Common/Any/inc" -std=gnu11 -MMD -MP -MF"sdk/stm32f1xx_hal_flash_ex.d" -MT"sdk/stm32f1xx_hal_flash_ex.o" -c -o "sdk/stm32f1xx_hal_flash_ex.o" "/home/andre/eclipse/LEDcontroller/_SDK/STM32Cube_FW_F1_V1.4.0/Drivers/STM32F1xx_HAL_Driver/Src/stm32f1xx_hal_flash_ex.c"
Finished building: /home/andre/eclipse/LEDcontroller/_SDK/STM32Cube_FW_F1_V1.4.0/Drivers/STM32F1xx_HAL_Driver/Src/stm32f1xx_hal_flash_ex.c
 
Building file: /home/andre/eclipse/LEDcontroller/_SDK/STM32Cube_FW_F1_V1.4.0/Drivers/STM32F1xx_HAL_Driver/Src/stm32f1xx_hal_gpio.c
Invoking: Cross ARM C Compiler
arm-none-eabi-gcc -mcpu=cortex-m3 -mthumb -O0 -fmessage-length=0 -fsigned-char -ffunction-sections -fdata-sections  -g3 -DSTM32F103xB -I"/home/andre/eclipse/LEDcontroller/_SDK/STM32Cube_FW_F1_V1.4.0/Drivers/CMSIS/Device/ST/STM32F1xx/Include" -I"/home/andre/eclipse/LEDcontroller/_SDK/STM32Cube_FW_F1_V1.4.0/Drivers/CMSIS/Include" -I"/home/andre/eclipse/LEDcontroller/_SDK/STM32Cube_FW_F1_V1.4.0/Drivers/STM32F1xx_HAL_Driver/Inc" -I"/home/andre/eclipse/LEDcontroller/_SDK/STM32Cube_FW_F1_V1.4.0/Drivers/STM32F1xx_HAL_Driver/Inc/Legacy" -I"/home/andre/eclipse/LEDcontroller/_SDK/STM32Cube_FW_F1_V1.4.0/Middlewares/ST/STM32_USB_Device_Library/Core/Inc" -I"/home/andre/eclipse/LEDcontroller/LED_Controller_STM/USB_Class_LED/Inc" -I"/home/andre/eclipse/LEDcontroller/LED_Controller_STM/inc" -I"/home/andre/eclipse/LEDcontroller/LED_Controller_STM/cfg" -I"/home/andre/eclipse/LEDcontroller/_Common/STM32/inc" -I"/home/andre/eclipse/LEDcontroller/_Common/Any/inc" -std=gnu11 -MMD -MP -MF"sdk/stm32f1xx_hal_gpio.d" -MT"sdk/stm32f1xx_hal_gpio.o" -c -o "sdk/stm32f1xx_hal_gpio.o" "/home/andre/eclipse/LEDcontroller/_SDK/STM32Cube_FW_F1_V1.4.0/Drivers/STM32F1xx_HAL_Driver/Src/stm32f1xx_hal_gpio.c"
Finished building: /home/andre/eclipse/LEDcontroller/_SDK/STM32Cube_FW_F1_V1.4.0/Drivers/STM32F1xx_HAL_Driver/Src/stm32f1xx_hal_gpio.c
 
Building file: /home/andre/eclipse/LEDcontroller/_SDK/STM32Cube_FW_F1_V1.4.0/Drivers/STM32F1xx_HAL_Driver/Src/stm32f1xx_hal_gpio_ex.c
Invoking: Cross ARM C Compiler
arm-none-eabi-gcc -mcpu=cortex-m3 -mthumb -O0 -fmessage-length=0 -fsigned-char -ffunction-sections -fdata-sections  -g3 -DSTM32F103xB -I"/home/andre/eclipse/LEDcontroller/_SDK/STM32Cube_FW_F1_V1.4.0/Drivers/CMSIS/Device/ST/STM32F1xx/Include" -I"/home/andre/eclipse/LEDcontroller/_SDK/STM32Cube_FW_F1_V1.4.0/Drivers/CMSIS/Include" -I"/home/andre/eclipse/LEDcontroller/_SDK/STM32Cube_FW_F1_V1.4.0/Drivers/STM32F1xx_HAL_Driver/Inc" -I"/home/andre/eclipse/LEDcontroller/_SDK/STM32Cube_FW_F1_V1.4.0/Drivers/STM32F1xx_HAL_Driver/Inc/Legacy" -I"/home/andre/eclipse/LEDcontroller/_SDK/STM32Cube_FW_F1_V1.4.0/Middlewares/ST/STM32_USB_Device_Library/Core/Inc" -I"/home/andre/eclipse/LEDcontroller/LED_Controller_STM/USB_Class_LED/Inc" -I"/home/andre/eclipse/LEDcontroller/LED_Controller_STM/inc" -I"/home/andre/eclipse/LEDcontroller/LED_Controller_STM/cfg" -I"/home/andre/eclipse/LEDcontroller/_Common/STM32/inc" -I"/home/andre/eclipse/LEDcontroller/_Common/Any/inc" -std=gnu11 -MMD -MP -MF"sdk/stm32f1xx_hal_gpio_ex.d" -MT"sdk/stm32f1xx_hal_gpio_ex.o" -c -o "sdk/stm32f1xx_hal_gpio_ex.o" "/home/andre/eclipse/LEDcontroller/_SDK/STM32Cube_FW_F1_V1.4.0/Drivers/STM32F1xx_HAL_Driver/Src/stm32f1xx_hal_gpio_ex.c"
Finished building: /home/andre/eclipse/LEDcontroller/_SDK/STM32Cube_FW_F1_V1.4.0/Drivers/STM32F1xx_HAL_Driver/Src/stm32f1xx_hal_gpio_ex.c
 
Building file: /home/andre/eclipse/LEDcontroller/_SDK/STM32Cube_FW_F1_V1.4.0/Drivers/STM32F1xx_HAL_Driver/Src/stm32f1xx_hal_hcd.c
Invoking: Cross ARM C Compiler
arm-none-eabi-gcc -mcpu=cortex-m3 -mthumb -O0 -fmessage-length=0 -fsigned-char -ffunction-sections -fdata-sections  -g3 -DSTM32F103xB -I"/home/andre/eclipse/LEDcontroller/_SDK/STM32Cube_FW_F1_V1.4.0/Drivers/CMSIS/Device/ST/STM32F1xx/Include" -I"/home/andre/eclipse/LEDcontroller/_SDK/STM32Cube_FW_F1_V1.4.0/Drivers/CMSIS/Include" -I"/home/andre/eclipse/LEDcontroller/_SDK/STM32Cube_FW_F1_V1.4.0/Drivers/STM32F1xx_HAL_Driver/Inc" -I"/home/andre/eclipse/LEDcontroller/_SDK/STM32Cube_FW_F1_V1.4.0/Drivers/STM32F1xx_HAL_Driver/Inc/Legacy" -I"/home/andre/eclipse/LEDcontroller/_SDK/STM32Cube_FW_F1_V1.4.0/Middlewares/ST/STM32_USB_Device_Library/Core/Inc" -I"/home/andre/eclipse/LEDcontroller/LED_Controller_STM/USB_Class_LED/Inc" -I"/home/andre/eclipse/LEDcontroller/LED_Controller_STM/inc" -I"/home/andre/eclipse/LEDcontroller/LED_Controller_STM/cfg" -I"/home/andre/eclipse/LEDcontroller/_Common/STM32/inc" -I"/home/andre/eclipse/LEDcontroller/_Common/Any/inc" -std=gnu11 -MMD -MP -MF"sdk/stm32f1xx_hal_hcd.d" -MT"sdk/stm32f1xx_hal_hcd.o" -c -o "sdk/stm32f1xx_hal_hcd.o" "/home/andre/eclipse/LEDcontroller/_SDK/STM32Cube_FW_F1_V1.4.0/Drivers/STM32F1xx_HAL_Driver/Src/stm32f1xx_hal_hcd.c"
Finished building: /home/andre/eclipse/LEDcontroller/_SDK/STM32Cube_FW_F1_V1.4.0/Drivers/STM32F1xx_HAL_Driver/Src/stm32f1xx_hal_hcd.c
 
Building file: /home/andre/eclipse/LEDcontroller/_SDK/STM32Cube_FW_F1_V1.4.0/Drivers/STM32F1xx_HAL_Driver/Src/stm32f1xx_hal_i2c.c
Invoking: Cross ARM C Compiler
arm-none-eabi-gcc -mcpu=cortex-m3 -mthumb -O0 -fmessage-length=0 -fsigned-char -ffunction-sections -fdata-sections  -g3 -DSTM32F103xB -I"/home/andre/eclipse/LEDcontroller/_SDK/STM32Cube_FW_F1_V1.4.0/Drivers/CMSIS/Device/ST/STM32F1xx/Include" -I"/home/andre/eclipse/LEDcontroller/_SDK/STM32Cube_FW_F1_V1.4.0/Drivers/CMSIS/Include" -I"/home/andre/eclipse/LEDcontroller/_SDK/STM32Cube_FW_F1_V1.4.0/Drivers/STM32F1xx_HAL_Driver/Inc" -I"/home/andre/eclipse/LEDcontroller/_SDK/STM32Cube_FW_F1_V1.4.0/Drivers/STM32F1xx_HAL_Driver/Inc/Legacy" -I"/home/andre/eclipse/LEDcontroller/_SDK/STM32Cube_FW_F1_V1.4.0/Middlewares/ST/STM32_USB_Device_Library/Core/Inc" -I"/home/andre/eclipse/LEDcontroller/LED_Controller_STM/USB_Class_LED/Inc" -I"/home/andre/eclipse/LEDcontroller/LED_Controller_STM/inc" -I"/home/andre/eclipse/LEDcontroller/LED_Controller_STM/cfg" -I"/home/andre/eclipse/LEDcontroller/_Common/STM32/inc" -I"/home/andre/eclipse/LEDcontroller/_Common/Any/inc" -std=gnu11 -MMD -MP -MF"sdk/stm32f1xx_hal_i2c.d" -MT"sdk/stm32f1xx_hal_i2c.o" -c -o "sdk/stm32f1xx_hal_i2c.o" "/home/andre/eclipse/LEDcontroller/_SDK/STM32Cube_FW_F1_V1.4.0/Drivers/STM32F1xx_HAL_Driver/Src/stm32f1xx_hal_i2c.c"
Finished building: /home/andre/eclipse/LEDcontroller/_SDK/STM32Cube_FW_F1_V1.4.0/Drivers/STM32F1xx_HAL_Driver/Src/stm32f1xx_hal_i2c.c
 
Building file: /home/andre/eclipse/LEDcontroller/_SDK/STM32Cube_FW_F1_V1.4.0/Drivers/STM32F1xx_HAL_Driver/Src/stm32f1xx_hal_i2s.c
Invoking: Cross ARM C Compiler
arm-none-eabi-gcc -mcpu=cortex-m3 -mthumb -O0 -fmessage-length=0 -fsigned-char -ffunction-sections -fdata-sections  -g3 -DSTM32F103xB -I"/home/andre/eclipse/LEDcontroller/_SDK/STM32Cube_FW_F1_V1.4.0/Drivers/CMSIS/Device/ST/STM32F1xx/Include" -I"/home/andre/eclipse/LEDcontroller/_SDK/STM32Cube_FW_F1_V1.4.0/Drivers/CMSIS/Include" -I"/home/andre/eclipse/LEDcontroller/_SDK/STM32Cube_FW_F1_V1.4.0/Drivers/STM32F1xx_HAL_Driver/Inc" -I"/home/andre/eclipse/LEDcontroller/_SDK/STM32Cube_FW_F1_V1.4.0/Drivers/STM32F1xx_HAL_Driver/Inc/Legacy" -I"/home/andre/eclipse/LEDcontroller/_SDK/STM32Cube_FW_F1_V1.4.0/Middlewares/ST/STM32_USB_Device_Library/Core/Inc" -I"/home/andre/eclipse/LEDcontroller/LED_Controller_STM/USB_Class_LED/Inc" -I"/home/andre/eclipse/LEDcontroller/LED_Controller_STM/inc" -I"/home/andre/eclipse/LEDcontroller/LED_Controller_STM/cfg" -I"/home/andre/eclipse/LEDcontroller/_Common/STM32/inc" -I"/home/andre/eclipse/LEDcontroller/_Common/Any/inc" -std=gnu11 -MMD -MP -MF"sdk/stm32f1xx_hal_i2s.d" -MT"sdk/stm32f1xx_hal_i2s.o" -c -o "sdk/stm32f1xx_hal_i2s.o" "/home/andre/eclipse/LEDcontroller/_SDK/STM32Cube_FW_F1_V1.4.0/Drivers/STM32F1xx_HAL_Driver/Src/stm32f1xx_hal_i2s.c"
Finished building: /home/andre/eclipse/LEDcontroller/_SDK/STM32Cube_FW_F1_V1.4.0/Drivers/STM32F1xx_HAL_Driver/Src/stm32f1xx_hal_i2s.c
 
Building file: /home/andre/eclipse/LEDcontroller/_SDK/STM32Cube_FW_F1_V1.4.0/Drivers/STM32F1xx_HAL_Driver/Src/stm32f1xx_hal_irda.c
Invoking: Cross ARM C Compiler
arm-none-eabi-gcc -mcpu=cortex-m3 -mthumb -O0 -fmessage-length=0 -fsigned-char -ffunction-sections -fdata-sections  -g3 -DSTM32F103xB -I"/home/andre/eclipse/LEDcontroller/_SDK/STM32Cube_FW_F1_V1.4.0/Drivers/CMSIS/Device/ST/STM32F1xx/Include" -I"/home/andre/eclipse/LEDcontroller/_SDK/STM32Cube_FW_F1_V1.4.0/Drivers/CMSIS/Include" -I"/home/andre/eclipse/LEDcontroller/_SDK/STM32Cube_FW_F1_V1.4.0/Drivers/STM32F1xx_HAL_Driver/Inc" -I"/home/andre/eclipse/LEDcontroller/_SDK/STM32Cube_FW_F1_V1.4.0/Drivers/STM32F1xx_HAL_Driver/Inc/Legacy" -I"/home/andre/eclipse/LEDcontroller/_SDK/STM32Cube_FW_F1_V1.4.0/Middlewares/ST/STM32_USB_Device_Library/Core/Inc" -I"/home/andre/eclipse/LEDcontroller/LED_Controller_STM/USB_Class_LED/Inc" -I"/home/andre/eclipse/LEDcontroller/LED_Controller_STM/inc" -I"/home/andre/eclipse/LEDcontroller/LED_Controller_STM/cfg" -I"/home/andre/eclipse/LEDcontroller/_Common/STM32/inc" -I"/home/andre/eclipse/LEDcontroller/_Common/Any/inc" -std=gnu11 -MMD -MP -MF"sdk/stm32f1xx_hal_irda.d" -MT"sdk/stm32f1xx_hal_irda.o" -c -o "sdk/stm32f1xx_hal_irda.o" "/home/andre/eclipse/LEDcontroller/_SDK/STM32Cube_FW_F1_V1.4.0/Drivers/STM32F1xx_HAL_Driver/Src/stm32f1xx_hal_irda.c"
Finished building: /home/andre/eclipse/LEDcontroller/_SDK/STM32Cube_FW_F1_V1.4.0/Drivers/STM32F1xx_HAL_Driver/Src/stm32f1xx_hal_irda.c
 
Building file: /home/andre/eclipse/LEDcontroller/_SDK/STM32Cube_FW_F1_V1.4.0/Drivers/STM32F1xx_HAL_Driver/Src/stm32f1xx_hal_iwdg.c
Invoking: Cross ARM C Compiler
arm-none-eabi-gcc -mcpu=cortex-m3 -mthumb -O0 -fmessage-length=0 -fsigned-char -ffunction-sections -fdata-sections  -g3 -DSTM32F103xB -I"/home/andre/eclipse/LEDcontroller/_SDK/STM32Cube_FW_F1_V1.4.0/Drivers/CMSIS/Device/ST/STM32F1xx/Include" -I"/home/andre/eclipse/LEDcontroller/_SDK/STM32Cube_FW_F1_V1.4.0/Drivers/CMSIS/Include" -I"/home/andre/eclipse/LEDcontroller/_SDK/STM32Cube_FW_F1_V1.4.0/Drivers/STM32F1xx_HAL_Driver/Inc" -I"/home/andre/eclipse/LEDcontroller/_SDK/STM32Cube_FW_F1_V1.4.0/Drivers/STM32F1xx_HAL_Driver/Inc/Legacy" -I"/home/andre/eclipse/LEDcontroller/_SDK/STM32Cube_FW_F1_V1.4.0/Middlewares/ST/STM32_USB_Device_Library/Core/Inc" -I"/home/andre/eclipse/LEDcontroller/LED_Controller_STM/USB_Class_LED/Inc" -I"/home/andre/eclipse/LEDcontroller/LED_Controller_STM/inc" -I"/home/andre/eclipse/LEDcontroller/LED_Controller_STM/cfg" -I"/home/andre/eclipse/LEDcontroller/_Common/STM32/inc" -I"/home/andre/eclipse/LEDcontroller/_Common/Any/inc" -std=gnu11 -MMD -MP -MF"sdk/stm32f1xx_hal_iwdg.d" -MT"sdk/stm32f1xx_hal_iwdg.o" -c -o "sdk/stm32f1xx_hal_iwdg.o" "/home/andre/eclipse/LEDcontroller/_SDK/STM32Cube_FW_F1_V1.4.0/Drivers/STM32F1xx_HAL_Driver/Src/stm32f1xx_hal_iwdg.c"
Finished building: /home/andre/eclipse/LEDcontroller/_SDK/STM32Cube_FW_F1_V1.4.0/Drivers/STM32F1xx_HAL_Driver/Src/stm32f1xx_hal_iwdg.c
 
Building file: /home/andre/eclipse/LEDcontroller/_SDK/STM32Cube_FW_F1_V1.4.0/Drivers/STM32F1xx_HAL_Driver/Src/stm32f1xx_hal_msp_template.c
Invoking: Cross ARM C Compiler
arm-none-eabi-gcc -mcpu=cortex-m3 -mthumb -O0 -fmessage-length=0 -fsigned-char -ffunction-sections -fdata-sections  -g3 -DSTM32F103xB -I"/home/andre/eclipse/LEDcontroller/_SDK/STM32Cube_FW_F1_V1.4.0/Drivers/CMSIS/Device/ST/STM32F1xx/Include" -I"/home/andre/eclipse/LEDcontroller/_SDK/STM32Cube_FW_F1_V1.4.0/Drivers/CMSIS/Include" -I"/home/andre/eclipse/LEDcontroller/_SDK/STM32Cube_FW_F1_V1.4.0/Drivers/STM32F1xx_HAL_Driver/Inc" -I"/home/andre/eclipse/LEDcontroller/_SDK/STM32Cube_FW_F1_V1.4.0/Drivers/STM32F1xx_HAL_Driver/Inc/Legacy" -I"/home/andre/eclipse/LEDcontroller/_SDK/STM32Cube_FW_F1_V1.4.0/Middlewares/ST/STM32_USB_Device_Library/Core/Inc" -I"/home/andre/eclipse/LEDcontroller/LED_Controller_STM/USB_Class_LED/Inc" -I"/home/andre/eclipse/LEDcontroller/LED_Controller_STM/inc" -I"/home/andre/eclipse/LEDcontroller/LED_Controller_STM/cfg" -I"/home/andre/eclipse/LEDcontroller/_Common/STM32/inc" -I"/home/andre/eclipse/LEDcontroller/_Common/Any/inc" -std=gnu11 -MMD -MP -MF"sdk/stm32f1xx_hal_msp_template.d" -MT"sdk/stm32f1xx_hal_msp_template.o" -c -o "sdk/stm32f1xx_hal_msp_template.o" "/home/andre/eclipse/LEDcontroller/_SDK/STM32Cube_FW_F1_V1.4.0/Drivers/STM32F1xx_HAL_Driver/Src/stm32f1xx_hal_msp_template.c"
Finished building: /home/andre/eclipse/LEDcontroller/_SDK/STM32Cube_FW_F1_V1.4.0/Drivers/STM32F1xx_HAL_Driver/Src/stm32f1xx_hal_msp_template.c
 
Building file: /home/andre/eclipse/LEDcontroller/_SDK/STM32Cube_FW_F1_V1.4.0/Drivers/STM32F1xx_HAL_Driver/Src/stm32f1xx_hal_nand.c
Invoking: Cross ARM C Compiler
arm-none-eabi-gcc -mcpu=cortex-m3 -mthumb -O0 -fmessage-length=0 -fsigned-char -ffunction-sections -fdata-sections  -g3 -DSTM32F103xB -I"/home/andre/eclipse/LEDcontroller/_SDK/STM32Cube_FW_F1_V1.4.0/Drivers/CMSIS/Device/ST/STM32F1xx/Include" -I"/home/andre/eclipse/LEDcontroller/_SDK/STM32Cube_FW_F1_V1.4.0/Drivers/CMSIS/Include" -I"/home/andre/eclipse/LEDcontroller/_SDK/STM32Cube_FW_F1_V1.4.0/Drivers/STM32F1xx_HAL_Driver/Inc" -I"/home/andre/eclipse/LEDcontroller/_SDK/STM32Cube_FW_F1_V1.4.0/Drivers/STM32F1xx_HAL_Driver/Inc/Legacy" -I"/home/andre/eclipse/LEDcontroller/_SDK/STM32Cube_FW_F1_V1.4.0/Middlewares/ST/STM32_USB_Device_Library/Core/Inc" -I"/home/andre/eclipse/LEDcontroller/LED_Controller_STM/USB_Class_LED/Inc" -I"/home/andre/eclipse/LEDcontroller/LED_Controller_STM/inc" -I"/home/andre/eclipse/LEDcontroller/LED_Controller_STM/cfg" -I"/home/andre/eclipse/LEDcontroller/_Common/STM32/inc" -I"/home/andre/eclipse/LEDcontroller/_Common/Any/inc" -std=gnu11 -MMD -MP -MF"sdk/stm32f1xx_hal_nand.d" -MT"sdk/stm32f1xx_hal_nand.o" -c -o "sdk/stm32f1xx_hal_nand.o" "/home/andre/eclipse/LEDcontroller/_SDK/STM32Cube_FW_F1_V1.4.0/Drivers/STM32F1xx_HAL_Driver/Src/stm32f1xx_hal_nand.c"
Finished building: /home/andre/eclipse/LEDcontroller/_SDK/STM32Cube_FW_F1_V1.4.0/Drivers/STM32F1xx_HAL_Driver/Src/stm32f1xx_hal_nand.c
 
Building file: /home/andre/eclipse/LEDcontroller/_SDK/STM32Cube_FW_F1_V1.4.0/Drivers/STM32F1xx_HAL_Driver/Src/stm32f1xx_hal_nor.c
Invoking: Cross ARM C Compiler
arm-none-eabi-gcc -mcpu=cortex-m3 -mthumb -O0 -fmessage-length=0 -fsigned-char -ffunction-sections -fdata-sections  -g3 -DSTM32F103xB -I"/home/andre/eclipse/LEDcontroller/_SDK/STM32Cube_FW_F1_V1.4.0/Drivers/CMSIS/Device/ST/STM32F1xx/Include" -I"/home/andre/eclipse/LEDcontroller/_SDK/STM32Cube_FW_F1_V1.4.0/Drivers/CMSIS/Include" -I"/home/andre/eclipse/LEDcontroller/_SDK/STM32Cube_FW_F1_V1.4.0/Drivers/STM32F1xx_HAL_Driver/Inc" -I"/home/andre/eclipse/LEDcontroller/_SDK/STM32Cube_FW_F1_V1.4.0/Drivers/STM32F1xx_HAL_Driver/Inc/Legacy" -I"/home/andre/eclipse/LEDcontroller/_SDK/STM32Cube_FW_F1_V1.4.0/Middlewares/ST/STM32_USB_Device_Library/Core/Inc" -I"/home/andre/eclipse/LEDcontroller/LED_Controller_STM/USB_Class_LED/Inc" -I"/home/andre/eclipse/LEDcontroller/LED_Controller_STM/inc" -I"/home/andre/eclipse/LEDcontroller/LED_Controller_STM/cfg" -I"/home/andre/eclipse/LEDcontroller/_Common/STM32/inc" -I"/home/andre/eclipse/LEDcontroller/_Common/Any/inc" -std=gnu11 -MMD -MP -MF"sdk/stm32f1xx_hal_nor.d" -MT"sdk/stm32f1xx_hal_nor.o" -c -o "sdk/stm32f1xx_hal_nor.o" "/home/andre/eclipse/LEDcontroller/_SDK/STM32Cube_FW_F1_V1.4.0/Drivers/STM32F1xx_HAL_Driver/Src/stm32f1xx_hal_nor.c"
Finished building: /home/andre/eclipse/LEDcontroller/_SDK/STM32Cube_FW_F1_V1.4.0/Drivers/STM32F1xx_HAL_Driver/Src/stm32f1xx_hal_nor.c
 
Building file: /home/andre/eclipse/LEDcontroller/_SDK/STM32Cube_FW_F1_V1.4.0/Drivers/STM32F1xx_HAL_Driver/Src/stm32f1xx_hal_pccard.c
Invoking: Cross ARM C Compiler
arm-none-eabi-gcc -mcpu=cortex-m3 -mthumb -O0 -fmessage-length=0 -fsigned-char -ffunction-sections -fdata-sections  -g3 -DSTM32F103xB -I"/home/andre/eclipse/LEDcontroller/_SDK/STM32Cube_FW_F1_V1.4.0/Drivers/CMSIS/Device/ST/STM32F1xx/Include" -I"/home/andre/eclipse/LEDcontroller/_SDK/STM32Cube_FW_F1_V1.4.0/Drivers/CMSIS/Include" -I"/home/andre/eclipse/LEDcontroller/_SDK/STM32Cube_FW_F1_V1.4.0/Drivers/STM32F1xx_HAL_Driver/Inc" -I"/home/andre/eclipse/LEDcontroller/_SDK/STM32Cube_FW_F1_V1.4.0/Drivers/STM32F1xx_HAL_Driver/Inc/Legacy" -I"/home/andre/eclipse/LEDcontroller/_SDK/STM32Cube_FW_F1_V1.4.0/Middlewares/ST/STM32_USB_Device_Library/Core/Inc" -I"/home/andre/eclipse/LEDcontroller/LED_Controller_STM/USB_Class_LED/Inc" -I"/home/andre/eclipse/LEDcontroller/LED_Controller_STM/inc" -I"/home/andre/eclipse/LEDcontroller/LED_Controller_STM/cfg" -I"/home/andre/eclipse/LEDcontroller/_Common/STM32/inc" -I"/home/andre/eclipse/LEDcontroller/_Common/Any/inc" -std=gnu11 -MMD -MP -MF"sdk/stm32f1xx_hal_pccard.d" -MT"sdk/stm32f1xx_hal_pccard.o" -c -o "sdk/stm32f1xx_hal_pccard.o" "/home/andre/eclipse/LEDcontroller/_SDK/STM32Cube_FW_F1_V1.4.0/Drivers/STM32F1xx_HAL_Driver/Src/stm32f1xx_hal_pccard.c"
Finished building: /home/andre/eclipse/LEDcontroller/_SDK/STM32Cube_FW_F1_V1.4.0/Drivers/STM32F1xx_HAL_Driver/Src/stm32f1xx_hal_pccard.c
 
Building file: /home/andre/eclipse/LEDcontroller/_SDK/STM32Cube_FW_F1_V1.4.0/Drivers/STM32F1xx_HAL_Driver/Src/stm32f1xx_hal_pcd.c
Invoking: Cross ARM C Compiler
arm-none-eabi-gcc -mcpu=cortex-m3 -mthumb -O0 -fmessage-length=0 -fsigned-char -ffunction-sections -fdata-sections  -g3 -DSTM32F103xB -I"/home/andre/eclipse/LEDcontroller/_SDK/STM32Cube_FW_F1_V1.4.0/Drivers/CMSIS/Device/ST/STM32F1xx/Include" -I"/home/andre/eclipse/LEDcontroller/_SDK/STM32Cube_FW_F1_V1.4.0/Drivers/CMSIS/Include" -I"/home/andre/eclipse/LEDcontroller/_SDK/STM32Cube_FW_F1_V1.4.0/Drivers/STM32F1xx_HAL_Driver/Inc" -I"/home/andre/eclipse/LEDcontroller/_SDK/STM32Cube_FW_F1_V1.4.0/Drivers/STM32F1xx_HAL_Driver/Inc/Legacy" -I"/home/andre/eclipse/LEDcontroller/_SDK/STM32Cube_FW_F1_V1.4.0/Middlewares/ST/STM32_USB_Device_Library/Core/Inc" -I"/home/andre/eclipse/LEDcontroller/LED_Controller_STM/USB_Class_LED/Inc" -I"/home/andre/eclipse/LEDcontroller/LED_Controller_STM/inc" -I"/home/andre/eclipse/LEDcontroller/LED_Controller_STM/cfg" -I"/home/andre/eclipse/LEDcontroller/_Common/STM32/inc" -I"/home/andre/eclipse/LEDcontroller/_Common/Any/inc" -std=gnu11 -MMD -MP -MF"sdk/stm32f1xx_hal_pcd.d" -MT"sdk/stm32f1xx_hal_pcd.o" -c -o "sdk/stm32f1xx_hal_pcd.o" "/home/andre/eclipse/LEDcontroller/_SDK/STM32Cube_FW_F1_V1.4.0/Drivers/STM32F1xx_HAL_Driver/Src/stm32f1xx_hal_pcd.c"
Finished building: /home/andre/eclipse/LEDcontroller/_SDK/STM32Cube_FW_F1_V1.4.0/Drivers/STM32F1xx_HAL_Driver/Src/stm32f1xx_hal_pcd.c
 
Building file: /home/andre/eclipse/LEDcontroller/_SDK/STM32Cube_FW_F1_V1.4.0/Drivers/STM32F1xx_HAL_Driver/Src/stm32f1xx_hal_pcd_ex.c
Invoking: Cross ARM C Compiler
arm-none-eabi-gcc -mcpu=cortex-m3 -mthumb -O0 -fmessage-length=0 -fsigned-char -ffunction-sections -fdata-sections  -g3 -DSTM32F103xB -I"/home/andre/eclipse/LEDcontroller/_SDK/STM32Cube_FW_F1_V1.4.0/Drivers/CMSIS/Device/ST/STM32F1xx/Include" -I"/home/andre/eclipse/LEDcontroller/_SDK/STM32Cube_FW_F1_V1.4.0/Drivers/CMSIS/Include" -I"/home/andre/eclipse/LEDcontroller/_SDK/STM32Cube_FW_F1_V1.4.0/Drivers/STM32F1xx_HAL_Driver/Inc" -I"/home/andre/eclipse/LEDcontroller/_SDK/STM32Cube_FW_F1_V1.4.0/Drivers/STM32F1xx_HAL_Driver/Inc/Legacy" -I"/home/andre/eclipse/LEDcontroller/_SDK/STM32Cube_FW_F1_V1.4.0/Middlewares/ST/STM32_USB_Device_Library/Core/Inc" -I"/home/andre/eclipse/LEDcontroller/LED_Controller_STM/USB_Class_LED/Inc" -I"/home/andre/eclipse/LEDcontroller/LED_Controller_STM/inc" -I"/home/andre/eclipse/LEDcontroller/LED_Controller_STM/cfg" -I"/home/andre/eclipse/LEDcontroller/_Common/STM32/inc" -I"/home/andre/eclipse/LEDcontroller/_Common/Any/inc" -std=gnu11 -MMD -MP -MF"sdk/stm32f1xx_hal_pcd_ex.d" -MT"sdk/stm32f1xx_hal_pcd_ex.o" -c -o "sdk/stm32f1xx_hal_pcd_ex.o" "/home/andre/eclipse/LEDcontroller/_SDK/STM32Cube_FW_F1_V1.4.0/Drivers/STM32F1xx_HAL_Driver/Src/stm32f1xx_hal_pcd_ex.c"
Finished building: /home/andre/eclipse/LEDcontroller/_SDK/STM32Cube_FW_F1_V1.4.0/Drivers/STM32F1xx_HAL_Driver/Src/stm32f1xx_hal_pcd_ex.c
 
Building file: /home/andre/eclipse/LEDcontroller/_SDK/STM32Cube_FW_F1_V1.4.0/Drivers/STM32F1xx_HAL_Driver/Src/stm32f1xx_hal_pwr.c
Invoking: Cross ARM C Compiler
arm-none-eabi-gcc -mcpu=cortex-m3 -mthumb -O0 -fmessage-length=0 -fsigned-char -ffunction-sections -fdata-sections  -g3 -DSTM32F103xB -I"/home/andre/eclipse/LEDcontroller/_SDK/STM32Cube_FW_F1_V1.4.0/Drivers/CMSIS/Device/ST/STM32F1xx/Include" -I"/home/andre/eclipse/LEDcontroller/_SDK/STM32Cube_FW_F1_V1.4.0/Drivers/CMSIS/Include" -I"/home/andre/eclipse/LEDcontroller/_SDK/STM32Cube_FW_F1_V1.4.0/Drivers/STM32F1xx_HAL_Driver/Inc" -I"/home/andre/eclipse/LEDcontroller/_SDK/STM32Cube_FW_F1_V1.4.0/Drivers/STM32F1xx_HAL_Driver/Inc/Legacy" -I"/home/andre/eclipse/LEDcontroller/_SDK/STM32Cube_FW_F1_V1.4.0/Middlewares/ST/STM32_USB_Device_Library/Core/Inc" -I"/home/andre/eclipse/LEDcontroller/LED_Controller_STM/USB_Class_LED/Inc" -I"/home/andre/eclipse/LEDcontroller/LED_Controller_STM/inc" -I"/home/andre/eclipse/LEDcontroller/LED_Controller_STM/cfg" -I"/home/andre/eclipse/LEDcontroller/_Common/STM32/inc" -I"/home/andre/eclipse/LEDcontroller/_Common/Any/inc" -std=gnu11 -MMD -MP -MF"sdk/stm32f1xx_hal_pwr.d" -MT"sdk/stm32f1xx_hal_pwr.o" -c -o "sdk/stm32f1xx_hal_pwr.o" "/home/andre/eclipse/LEDcontroller/_SDK/STM32Cube_FW_F1_V1.4.0/Drivers/STM32F1xx_HAL_Driver/Src/stm32f1xx_hal_pwr.c"
Finished building: /home/andre/eclipse/LEDcontroller/_SDK/STM32Cube_FW_F1_V1.4.0/Drivers/STM32F1xx_HAL_Driver/Src/stm32f1xx_hal_pwr.c
 
Building file: /home/andre/eclipse/LEDcontroller/_SDK/STM32Cube_FW_F1_V1.4.0/Drivers/STM32F1xx_HAL_Driver/Src/stm32f1xx_hal_rcc.c
Invoking: Cross ARM C Compiler
arm-none-eabi-gcc -mcpu=cortex-m3 -mthumb -O0 -fmessage-length=0 -fsigned-char -ffunction-sections -fdata-sections  -g3 -DSTM32F103xB -I"/home/andre/eclipse/LEDcontroller/_SDK/STM32Cube_FW_F1_V1.4.0/Drivers/CMSIS/Device/ST/STM32F1xx/Include" -I"/home/andre/eclipse/LEDcontroller/_SDK/STM32Cube_FW_F1_V1.4.0/Drivers/CMSIS/Include" -I"/home/andre/eclipse/LEDcontroller/_SDK/STM32Cube_FW_F1_V1.4.0/Drivers/STM32F1xx_HAL_Driver/Inc" -I"/home/andre/eclipse/LEDcontroller/_SDK/STM32Cube_FW_F1_V1.4.0/Drivers/STM32F1xx_HAL_Driver/Inc/Legacy" -I"/home/andre/eclipse/LEDcontroller/_SDK/STM32Cube_FW_F1_V1.4.0/Middlewares/ST/STM32_USB_Device_Library/Core/Inc" -I"/home/andre/eclipse/LEDcontroller/LED_Controller_STM/USB_Class_LED/Inc" -I"/home/andre/eclipse/LEDcontroller/LED_Controller_STM/inc" -I"/home/andre/eclipse/LEDcontroller/LED_Controller_STM/cfg" -I"/home/andre/eclipse/LEDcontroller/_Common/STM32/inc" -I"/home/andre/eclipse/LEDcontroller/_Common/Any/inc" -std=gnu11 -MMD -MP -MF"sdk/stm32f1xx_hal_rcc.d" -MT"sdk/stm32f1xx_hal_rcc.o" -c -o "sdk/stm32f1xx_hal_rcc.o" "/home/andre/eclipse/LEDcontroller/_SDK/STM32Cube_FW_F1_V1.4.0/Drivers/STM32F1xx_HAL_Driver/Src/stm32f1xx_hal_rcc.c"
Finished building: /home/andre/eclipse/LEDcontroller/_SDK/STM32Cube_FW_F1_V1.4.0/Drivers/STM32F1xx_HAL_Driver/Src/stm32f1xx_hal_rcc.c
 
Building file: /home/andre/eclipse/LEDcontroller/_SDK/STM32Cube_FW_F1_V1.4.0/Drivers/STM32F1xx_HAL_Driver/Src/stm32f1xx_hal_rcc_ex.c
Invoking: Cross ARM C Compiler
arm-none-eabi-gcc -mcpu=cortex-m3 -mthumb -O0 -fmessage-length=0 -fsigned-char -ffunction-sections -fdata-sections  -g3 -DSTM32F103xB -I"/home/andre/eclipse/LEDcontroller/_SDK/STM32Cube_FW_F1_V1.4.0/Drivers/CMSIS/Device/ST/STM32F1xx/Include" -I"/home/andre/eclipse/LEDcontroller/_SDK/STM32Cube_FW_F1_V1.4.0/Drivers/CMSIS/Include" -I"/home/andre/eclipse/LEDcontroller/_SDK/STM32Cube_FW_F1_V1.4.0/Drivers/STM32F1xx_HAL_Driver/Inc" -I"/home/andre/eclipse/LEDcontroller/_SDK/STM32Cube_FW_F1_V1.4.0/Drivers/STM32F1xx_HAL_Driver/Inc/Legacy" -I"/home/andre/eclipse/LEDcontroller/_SDK/STM32Cube_FW_F1_V1.4.0/Middlewares/ST/STM32_USB_Device_Library/Core/Inc" -I"/home/andre/eclipse/LEDcontroller/LED_Controller_STM/USB_Class_LED/Inc" -I"/home/andre/eclipse/LEDcontroller/LED_Controller_STM/inc" -I"/home/andre/eclipse/LEDcontroller/LED_Controller_STM/cfg" -I"/home/andre/eclipse/LEDcontroller/_Common/STM32/inc" -I"/home/andre/eclipse/LEDcontroller/_Common/Any/inc" -std=gnu11 -MMD -MP -MF"sdk/stm32f1xx_hal_rcc_ex.d" -MT"sdk/stm32f1xx_hal_rcc_ex.o" -c -o "sdk/stm32f1xx_hal_rcc_ex.o" "/home/andre/eclipse/LEDcontroller/_SDK/STM32Cube_FW_F1_V1.4.0/Drivers/STM32F1xx_HAL_Driver/Src/stm32f1xx_hal_rcc_ex.c"
Finished building: /home/andre/eclipse/LEDcontroller/_SDK/STM32Cube_FW_F1_V1.4.0/Drivers/STM32F1xx_HAL_Driver/Src/stm32f1xx_hal_rcc_ex.c
 
Building file: /home/andre/eclipse/LEDcontroller/_SDK/STM32Cube_FW_F1_V1.4.0/Drivers/STM32F1xx_HAL_Driver/Src/stm32f1xx_hal_rtc.c
Invoking: Cross ARM C Compiler
arm-none-eabi-gcc -mcpu=cortex-m3 -mthumb -O0 -fmessage-length=0 -fsigned-char -ffunction-sections -fdata-sections  -g3 -DSTM32F103xB -I"/home/andre/eclipse/LEDcontroller/_SDK/STM32Cube_FW_F1_V1.4.0/Drivers/CMSIS/Device/ST/STM32F1xx/Include" -I"/home/andre/eclipse/LEDcontroller/_SDK/STM32Cube_FW_F1_V1.4.0/Drivers/CMSIS/Include" -I"/home/andre/eclipse/LEDcontroller/_SDK/STM32Cube_FW_F1_V1.4.0/Drivers/STM32F1xx_HAL_Driver/Inc" -I"/home/andre/eclipse/LEDcontroller/_SDK/STM32Cube_FW_F1_V1.4.0/Drivers/STM32F1xx_HAL_Driver/Inc/Legacy" -I"/home/andre/eclipse/LEDcontroller/_SDK/STM32Cube_FW_F1_V1.4.0/Middlewares/ST/STM32_USB_Device_Library/Core/Inc" -I"/home/andre/eclipse/LEDcontroller/LED_Controller_STM/USB_Class_LED/Inc" -I"/home/andre/eclipse/LEDcontroller/LED_Controller_STM/inc" -I"/home/andre/eclipse/LEDcontroller/LED_Controller_STM/cfg" -I"/home/andre/eclipse/LEDcontroller/_Common/STM32/inc" -I"/home/andre/eclipse/LEDcontroller/_Common/Any/inc" -std=gnu11 -MMD -MP -MF"sdk/stm32f1xx_hal_rtc.d" -MT"sdk/stm32f1xx_hal_rtc.o" -c -o "sdk/stm32f1xx_hal_rtc.o" "/home/andre/eclipse/LEDcontroller/_SDK/STM32Cube_FW_F1_V1.4.0/Drivers/STM32F1xx_HAL_Driver/Src/stm32f1xx_hal_rtc.c"
Finished building: /home/andre/eclipse/LEDcontroller/_SDK/STM32Cube_FW_F1_V1.4.0/Drivers/STM32F1xx_HAL_Driver/Src/stm32f1xx_hal_rtc.c
 
Building file: /home/andre/eclipse/LEDcontroller/_SDK/STM32Cube_FW_F1_V1.4.0/Drivers/STM32F1xx_HAL_Driver/Src/stm32f1xx_hal_rtc_ex.c
Invoking: Cross ARM C Compiler
arm-none-eabi-gcc -mcpu=cortex-m3 -mthumb -O0 -fmessage-length=0 -fsigned-char -ffunction-sections -fdata-sections  -g3 -DSTM32F103xB -I"/home/andre/eclipse/LEDcontroller/_SDK/STM32Cube_FW_F1_V1.4.0/Drivers/CMSIS/Device/ST/STM32F1xx/Include" -I"/home/andre/eclipse/LEDcontroller/_SDK/STM32Cube_FW_F1_V1.4.0/Drivers/CMSIS/Include" -I"/home/andre/eclipse/LEDcontroller/_SDK/STM32Cube_FW_F1_V1.4.0/Drivers/STM32F1xx_HAL_Driver/Inc" -I"/home/andre/eclipse/LEDcontroller/_SDK/STM32Cube_FW_F1_V1.4.0/Drivers/STM32F1xx_HAL_Driver/Inc/Legacy" -I"/home/andre/eclipse/LEDcontroller/_SDK/STM32Cube_FW_F1_V1.4.0/Middlewares/ST/STM32_USB_Device_Library/Core/Inc" -I"/home/andre/eclipse/LEDcontroller/LED_Controller_STM/USB_Class_LED/Inc" -I"/home/andre/eclipse/LEDcontroller/LED_Controller_STM/inc" -I"/home/andre/eclipse/LEDcontroller/LED_Controller_STM/cfg" -I"/home/andre/eclipse/LEDcontroller/_Common/STM32/inc" -I"/home/andre/eclipse/LEDcontroller/_Common/Any/inc" -std=gnu11 -MMD -MP -MF"sdk/stm32f1xx_hal_rtc_ex.d" -MT"sdk/stm32f1xx_hal_rtc_ex.o" -c -o "sdk/stm32f1xx_hal_rtc_ex.o" "/home/andre/eclipse/LEDcontroller/_SDK/STM32Cube_FW_F1_V1.4.0/Drivers/STM32F1xx_HAL_Driver/Src/stm32f1xx_hal_rtc_ex.c"
Finished building: /home/andre/eclipse/LEDcontroller/_SDK/STM32Cube_FW_F1_V1.4.0/Drivers/STM32F1xx_HAL_Driver/Src/stm32f1xx_hal_rtc_ex.c
 
Building file: /home/andre/eclipse/LEDcontroller/_SDK/STM32Cube_FW_F1_V1.4.0/Drivers/STM32F1xx_HAL_Driver/Src/stm32f1xx_hal_sd.c
Invoking: Cross ARM C Compiler
arm-none-eabi-gcc -mcpu=cortex-m3 -mthumb -O0 -fmessage-length=0 -fsigned-char -ffunction-sections -fdata-sections  -g3 -DSTM32F103xB -I"/home/andre/eclipse/LEDcontroller/_SDK/STM32Cube_FW_F1_V1.4.0/Drivers/CMSIS/Device/ST/STM32F1xx/Include" -I"/home/andre/eclipse/LEDcontroller/_SDK/STM32Cube_FW_F1_V1.4.0/Drivers/CMSIS/Include" -I"/home/andre/eclipse/LEDcontroller/_SDK/STM32Cube_FW_F1_V1.4.0/Drivers/STM32F1xx_HAL_Driver/Inc" -I"/home/andre/eclipse/LEDcontroller/_SDK/STM32Cube_FW_F1_V1.4.0/Drivers/STM32F1xx_HAL_Driver/Inc/Legacy" -I"/home/andre/eclipse/LEDcontroller/_SDK/STM32Cube_FW_F1_V1.4.0/Middlewares/ST/STM32_USB_Device_Library/Core/Inc" -I"/home/andre/eclipse/LEDcontroller/LED_Controller_STM/USB_Class_LED/Inc" -I"/home/andre/eclipse/LEDcontroller/LED_Controller_STM/inc" -I"/home/andre/eclipse/LEDcontroller/LED_Controller_STM/cfg" -I"/home/andre/eclipse/LEDcontroller/_Common/STM32/inc" -I"/home/andre/eclipse/LEDcontroller/_Common/Any/inc" -std=gnu11 -MMD -MP -MF"sdk/stm32f1xx_hal_sd.d" -MT"sdk/stm32f1xx_hal_sd.o" -c -o "sdk/stm32f1xx_hal_sd.o" "/home/andre/eclipse/LEDcontroller/_SDK/STM32Cube_FW_F1_V1.4.0/Drivers/STM32F1xx_HAL_Driver/Src/stm32f1xx_hal_sd.c"
Finished building: /home/andre/eclipse/LEDcontroller/_SDK/STM32Cube_FW_F1_V1.4.0/Drivers/STM32F1xx_HAL_Driver/Src/stm32f1xx_hal_sd.c
 
Building file: /home/andre/eclipse/LEDcontroller/_SDK/STM32Cube_FW_F1_V1.4.0/Drivers/STM32F1xx_HAL_Driver/Src/stm32f1xx_hal_smartcard.c
Invoking: Cross ARM C Compiler
arm-none-eabi-gcc -mcpu=cortex-m3 -mthumb -O0 -fmessage-length=0 -fsigned-char -ffunction-sections -fdata-sections  -g3 -DSTM32F103xB -I"/home/andre/eclipse/LEDcontroller/_SDK/STM32Cube_FW_F1_V1.4.0/Drivers/CMSIS/Device/ST/STM32F1xx/Include" -I"/home/andre/eclipse/LEDcontroller/_SDK/STM32Cube_FW_F1_V1.4.0/Drivers/CMSIS/Include" -I"/home/andre/eclipse/LEDcontroller/_SDK/STM32Cube_FW_F1_V1.4.0/Drivers/STM32F1xx_HAL_Driver/Inc" -I"/home/andre/eclipse/LEDcontroller/_SDK/STM32Cube_FW_F1_V1.4.0/Drivers/STM32F1xx_HAL_Driver/Inc/Legacy" -I"/home/andre/eclipse/LEDcontroller/_SDK/STM32Cube_FW_F1_V1.4.0/Middlewares/ST/STM32_USB_Device_Library/Core/Inc" -I"/home/andre/eclipse/LEDcontroller/LED_Controller_STM/USB_Class_LED/Inc" -I"/home/andre/eclipse/LEDcontroller/LED_Controller_STM/inc" -I"/home/andre/eclipse/LEDcontroller/LED_Controller_STM/cfg" -I"/home/andre/eclipse/LEDcontroller/_Common/STM32/inc" -I"/home/andre/eclipse/LEDcontroller/_Common/Any/inc" -std=gnu11 -MMD -MP -MF"sdk/stm32f1xx_hal_smartcard.d" -MT"sdk/stm32f1xx_hal_smartcard.o" -c -o "sdk/stm32f1xx_hal_smartcard.o" "/home/andre/eclipse/LEDcontroller/_SDK/STM32Cube_FW_F1_V1.4.0/Drivers/STM32F1xx_HAL_Driver/Src/stm32f1xx_hal_smartcard.c"
Finished building: /home/andre/eclipse/LEDcontroller/_SDK/STM32Cube_FW_F1_V1.4.0/Drivers/STM32F1xx_HAL_Driver/Src/stm32f1xx_hal_smartcard.c
 
Building file: /home/andre/eclipse/LEDcontroller/_SDK/STM32Cube_FW_F1_V1.4.0/Drivers/STM32F1xx_HAL_Driver/Src/stm32f1xx_hal_spi.c
Invoking: Cross ARM C Compiler
arm-none-eabi-gcc -mcpu=cortex-m3 -mthumb -O0 -fmessage-length=0 -fsigned-char -ffunction-sections -fdata-sections  -g3 -DSTM32F103xB -I"/home/andre/eclipse/LEDcontroller/_SDK/STM32Cube_FW_F1_V1.4.0/Drivers/CMSIS/Device/ST/STM32F1xx/Include" -I"/home/andre/eclipse/LEDcontroller/_SDK/STM32Cube_FW_F1_V1.4.0/Drivers/CMSIS/Include" -I"/home/andre/eclipse/LEDcontroller/_SDK/STM32Cube_FW_F1_V1.4.0/Drivers/STM32F1xx_HAL_Driver/Inc" -I"/home/andre/eclipse/LEDcontroller/_SDK/STM32Cube_FW_F1_V1.4.0/Drivers/STM32F1xx_HAL_Driver/Inc/Legacy" -I"/home/andre/eclipse/LEDcontroller/_SDK/STM32Cube_FW_F1_V1.4.0/Middlewares/ST/STM32_USB_Device_Library/Core/Inc" -I"/home/andre/eclipse/LEDcontroller/LED_Controller_STM/USB_Class_LED/Inc" -I"/home/andre/eclipse/LEDcontroller/LED_Controller_STM/inc" -I"/home/andre/eclipse/LEDcontroller/LED_Controller_STM/cfg" -I"/home/andre/eclipse/LEDcontroller/_Common/STM32/inc" -I"/home/andre/eclipse/LEDcontroller/_Common/Any/inc" -std=gnu11 -MMD -MP -MF"sdk/stm32f1xx_hal_spi.d" -MT"sdk/stm32f1xx_hal_spi.o" -c -o "sdk/stm32f1xx_hal_spi.o" "/home/andre/eclipse/LEDcontroller/_SDK/STM32Cube_FW_F1_V1.4.0/Drivers/STM32F1xx_HAL_Driver/Src/stm32f1xx_hal_spi.c"
Finished building: /home/andre/eclipse/LEDcontroller/_SDK/STM32Cube_FW_F1_V1.4.0/Drivers/STM32F1xx_HAL_Driver/Src/stm32f1xx_hal_spi.c
 
Building file: /home/andre/eclipse/LEDcontroller/_SDK/STM32Cube_FW_F1_V1.4.0/Drivers/STM32F1xx_HAL_Driver/Src/stm32f1xx_hal_spi_ex.c
Invoking: Cross ARM C Compiler
arm-none-eabi-gcc -mcpu=cortex-m3 -mthumb -O0 -fmessage-length=0 -fsigned-char -ffunction-sections -fdata-sections  -g3 -DSTM32F103xB -I"/home/andre/eclipse/LEDcontroller/_SDK/STM32Cube_FW_F1_V1.4.0/Drivers/CMSIS/Device/ST/STM32F1xx/Include" -I"/home/andre/eclipse/LEDcontroller/_SDK/STM32Cube_FW_F1_V1.4.0/Drivers/CMSIS/Include" -I"/home/andre/eclipse/LEDcontroller/_SDK/STM32Cube_FW_F1_V1.4.0/Drivers/STM32F1xx_HAL_Driver/Inc" -I"/home/andre/eclipse/LEDcontroller/_SDK/STM32Cube_FW_F1_V1.4.0/Drivers/STM32F1xx_HAL_Driver/Inc/Legacy" -I"/home/andre/eclipse/LEDcontroller/_SDK/STM32Cube_FW_F1_V1.4.0/Middlewares/ST/STM32_USB_Device_Library/Core/Inc" -I"/home/andre/eclipse/LEDcontroller/LED_Controller_STM/USB_Class_LED/Inc" -I"/home/andre/eclipse/LEDcontroller/LED_Controller_STM/inc" -I"/home/andre/eclipse/LEDcontroller/LED_Controller_STM/cfg" -I"/home/andre/eclipse/LEDcontroller/_Common/STM32/inc" -I"/home/andre/eclipse/LEDcontroller/_Common/Any/inc" -std=gnu11 -MMD -MP -MF"sdk/stm32f1xx_hal_spi_ex.d" -MT"sdk/stm32f1xx_hal_spi_ex.o" -c -o "sdk/stm32f1xx_hal_spi_ex.o" "/home/andre/eclipse/LEDcontroller/_SDK/STM32Cube_FW_F1_V1.4.0/Drivers/STM32F1xx_HAL_Driver/Src/stm32f1xx_hal_spi_ex.c"
Finished building: /home/andre/eclipse/LEDcontroller/_SDK/STM32Cube_FW_F1_V1.4.0/Drivers/STM32F1xx_HAL_Driver/Src/stm32f1xx_hal_spi_ex.c
 
Building file: /home/andre/eclipse/LEDcontroller/_SDK/STM32Cube_FW_F1_V1.4.0/Drivers/STM32F1xx_HAL_Driver/Src/stm32f1xx_hal_sram.c
Invoking: Cross ARM C Compiler
arm-none-eabi-gcc -mcpu=cortex-m3 -mthumb -O0 -fmessage-length=0 -fsigned-char -ffunction-sections -fdata-sections  -g3 -DSTM32F103xB -I"/home/andre/eclipse/LEDcontroller/_SDK/STM32Cube_FW_F1_V1.4.0/Drivers/CMSIS/Device/ST/STM32F1xx/Include" -I"/home/andre/eclipse/LEDcontroller/_SDK/STM32Cube_FW_F1_V1.4.0/Drivers/CMSIS/Include" -I"/home/andre/eclipse/LEDcontroller/_SDK/STM32Cube_FW_F1_V1.4.0/Drivers/STM32F1xx_HAL_Driver/Inc" -I"/home/andre/eclipse/LEDcontroller/_SDK/STM32Cube_FW_F1_V1.4.0/Drivers/STM32F1xx_HAL_Driver/Inc/Legacy" -I"/home/andre/eclipse/LEDcontroller/_SDK/STM32Cube_FW_F1_V1.4.0/Middlewares/ST/STM32_USB_Device_Library/Core/Inc" -I"/home/andre/eclipse/LEDcontroller/LED_Controller_STM/USB_Class_LED/Inc" -I"/home/andre/eclipse/LEDcontroller/LED_Controller_STM/inc" -I"/home/andre/eclipse/LEDcontroller/LED_Controller_STM/cfg" -I"/home/andre/eclipse/LEDcontroller/_Common/STM32/inc" -I"/home/andre/eclipse/LEDcontroller/_Common/Any/inc" -std=gnu11 -MMD -MP -MF"sdk/stm32f1xx_hal_sram.d" -MT"sdk/stm32f1xx_hal_sram.o" -c -o "sdk/stm32f1xx_hal_sram.o" "/home/andre/eclipse/LEDcontroller/_SDK/STM32Cube_FW_F1_V1.4.0/Drivers/STM32F1xx_HAL_Driver/Src/stm32f1xx_hal_sram.c"
Finished building: /home/andre/eclipse/LEDcontroller/_SDK/STM32Cube_FW_F1_V1.4.0/Drivers/STM32F1xx_HAL_Driver/Src/stm32f1xx_hal_sram.c
 
Building file: /home/andre/eclipse/LEDcontroller/_SDK/STM32Cube_FW_F1_V1.4.0/Drivers/STM32F1xx_HAL_Driver/Src/stm32f1xx_hal_tim.c
Invoking: Cross ARM C Compiler
arm-none-eabi-gcc -mcpu=cortex-m3 -mthumb -O0 -fmessage-length=0 -fsigned-char -ffunction-sections -fdata-sections  -g3 -DSTM32F103xB -I"/home/andre/eclipse/LEDcontroller/_SDK/STM32Cube_FW_F1_V1.4.0/Drivers/CMSIS/Device/ST/STM32F1xx/Include" -I"/home/andre/eclipse/LEDcontroller/_SDK/STM32Cube_FW_F1_V1.4.0/Drivers/CMSIS/Include" -I"/home/andre/eclipse/LEDcontroller/_SDK/STM32Cube_FW_F1_V1.4.0/Drivers/STM32F1xx_HAL_Driver/Inc" -I"/home/andre/eclipse/LEDcontroller/_SDK/STM32Cube_FW_F1_V1.4.0/Drivers/STM32F1xx_HAL_Driver/Inc/Legacy" -I"/home/andre/eclipse/LEDcontroller/_SDK/STM32Cube_FW_F1_V1.4.0/Middlewares/ST/STM32_USB_Device_Library/Core/Inc" -I"/home/andre/eclipse/LEDcontroller/LED_Controller_STM/USB_Class_LED/Inc" -I"/home/andre/eclipse/LEDcontroller/LED_Controller_STM/inc" -I"/home/andre/eclipse/LEDcontroller/LED_Controller_STM/cfg" -I"/home/andre/eclipse/LEDcontroller/_Common/STM32/inc" -I"/home/andre/eclipse/LEDcontroller/_Common/Any/inc" -std=gnu11 -MMD -MP -MF"sdk/stm32f1xx_hal_tim.d" -MT"sdk/stm32f1xx_hal_tim.o" -c -o "sdk/stm32f1xx_hal_tim.o" "/home/andre/eclipse/LEDcontroller/_SDK/STM32Cube_FW_F1_V1.4.0/Drivers/STM32F1xx_HAL_Driver/Src/stm32f1xx_hal_tim.c"
Finished building: /home/andre/eclipse/LEDcontroller/_SDK/STM32Cube_FW_F1_V1.4.0/Drivers/STM32F1xx_HAL_Driver/Src/stm32f1xx_hal_tim.c
 
Building file: /home/andre/eclipse/LEDcontroller/_SDK/STM32Cube_FW_F1_V1.4.0/Drivers/STM32F1xx_HAL_Driver/Src/stm32f1xx_hal_tim_ex.c
Invoking: Cross ARM C Compiler
arm-none-eabi-gcc -mcpu=cortex-m3 -mthumb -O0 -fmessage-length=0 -fsigned-char -ffunction-sections -fdata-sections  -g3 -DSTM32F103xB -I"/home/andre/eclipse/LEDcontroller/_SDK/STM32Cube_FW_F1_V1.4.0/Drivers/CMSIS/Device/ST/STM32F1xx/Include" -I"/home/andre/eclipse/LEDcontroller/_SDK/STM32Cube_FW_F1_V1.4.0/Drivers/CMSIS/Include" -I"/home/andre/eclipse/LEDcontroller/_SDK/STM32Cube_FW_F1_V1.4.0/Drivers/STM32F1xx_HAL_Driver/Inc" -I"/home/andre/eclipse/LEDcontroller/_SDK/STM32Cube_FW_F1_V1.4.0/Drivers/STM32F1xx_HAL_Driver/Inc/Legacy" -I"/home/andre/eclipse/LEDcontroller/_SDK/STM32Cube_FW_F1_V1.4.0/Middlewares/ST/STM32_USB_Device_Library/Core/Inc" -I"/home/andre/eclipse/LEDcontroller/LED_Controller_STM/USB_Class_LED/Inc" -I"/home/andre/eclipse/LEDcontroller/LED_Controller_STM/inc" -I"/home/andre/eclipse/LEDcontroller/LED_Controller_STM/cfg" -I"/home/andre/eclipse/LEDcontroller/_Common/STM32/inc" -I"/home/andre/eclipse/LEDcontroller/_Common/Any/inc" -std=gnu11 -MMD -MP -MF"sdk/stm32f1xx_hal_tim_ex.d" -MT"sdk/stm32f1xx_hal_tim_ex.o" -c -o "sdk/stm32f1xx_hal_tim_ex.o" "/home/andre/eclipse/LEDcontroller/_SDK/STM32Cube_FW_F1_V1.4.0/Drivers/STM32F1xx_HAL_Driver/Src/stm32f1xx_hal_tim_ex.c"
Finished building: /home/andre/eclipse/LEDcontroller/_SDK/STM32Cube_FW_F1_V1.4.0/Drivers/STM32F1xx_HAL_Driver/Src/stm32f1xx_hal_tim_ex.c
 
Building file: /home/andre/eclipse/LEDcontroller/_SDK/STM32Cube_FW_F1_V1.4.0/Drivers/STM32F1xx_HAL_Driver/Src/stm32f1xx_hal_uart.c
Invoking: Cross ARM C Compiler
[...]
 int LIBUSB_CALL libusb_bulk_transfer(libusb_device_handle *dev_handle,
                 ^~~~~~~~~~~~~~~~~~~~
../src/test.c:202:47: let op: pointer targets in passing argument 3 of ‘libusb_bulk_transfer’ differ in signedness [-Wpointer-sign]
    res= libusb_bulk_transfer  ( handle, 0x01, data_to_transmit, 64, &transferred, 1000 )  ;
                                               ^~~~~~~~~~~~~~~~
In file included from ../src/test.c:7:0:
/usr/include/libusb-1.0/libusb.h:1752:17: note: expected ‘unsigned char *’ but argument is of type ‘char *’
 int LIBUSB_CALL libusb_bulk_transfer(libusb_device_handle *dev_handle,
                 ^~~~~~~~~~~~~~~~~~~~
../src/test.c:204:47: let op: pointer targets in passing argument 3 of ‘libusb_bulk_transfer’ differ in signedness [-Wpointer-sign]
    res= libusb_bulk_transfer  ( handle, 0x81, data_to_transmit, 64, &transferred, 1000 )  ;
                                               ^~~~~~~~~~~~~~~~
In file included from ../src/test.c:7:0:
/usr/include/libusb-1.0/libusb.h:1752:17: note: expected ‘unsigned char *’ but argument is of type ‘char *’
 int LIBUSB_CALL libusb_bulk_transfer(libusb_device_handle *dev_handle,
                 ^~~~~~~~~~~~~~~~~~~~
../src/test.c:104:6: let op: unused variable ‘test’ [-Wunused-variable]
  int test = 0;
      ^~~~
../src/test.c:56:10: let op: unused variable ‘buffer’ [-Wunused-variable]
  uint8_t buffer[64]; /* 64 byte transfer buffer */
          ^~~~~~
../src/test.c:55:6: let op: unused variable ‘numBytes’ [-Wunused-variable]
  int numBytes = 0; /* Actual bytes transferred. */
      ^~~~~~~~
Finished building: ../src/test.c
 
Building target: USB_Test
Invoking: GCC C++ Linker
g++  -o "USB_Test"  ./src/test.o   -lusb-1.0
Finished building target: USB_Test
 
20:39:57 **** Incremental Build of configuration Debug for project USB_Test ****
make all 
Building file: ../src/test.c
Invoking: GCC C Compiler
gcc -I/usr/include/libusb-1.0/ -O0 -g3 -Wall -c -fmessage-length=0 -MMD -MP -MF"src/test.d" -MT"src/test.o" -o "src/test.o" "../src/test.c"
../src/test.c: In functie ‘main’:
../src/test.c:154:28: let op: pointer targets in initialization differ in signedness [-Wpointer-sign]
   uint8_t *bytes_of_data = (data_to_transmit + 4);
                            ^
../src/test.c:159:16: let op: pointer targets in passing argument 1 of ‘verify_data’ differ in signedness [-Wpointer-sign]
    verify_data(data_to_transmit);
                ^~~~~~~~~~~~~~~~
../src/test.c:41:6: note: expected ‘uint8_t * {aka unsigned char *}’ but argument is of type ‘char *’
 void verify_data(uint8_t *data) {
      ^~~~~~~~~~~
../src/test.c:161:49: let op: pointer targets in passing argument 3 of ‘libusb_bulk_transfer’ differ in signedness [-Wpointer-sign]
    int res = libusb_bulk_transfer(handle, 0x01, data_to_transmit, 64,
                                                 ^~~~~~~~~~~~~~~~
In file included from ../src/test.c:7:0:
/usr/include/libusb-1.0/libusb.h:1752:17: note: expected ‘unsigned char *’ but argument is of type ‘char *’
 int LIBUSB_CALL libusb_bulk_transfer(libusb_device_handle *dev_handle,
                 ^~~~~~~~~~~~~~~~~~~~
../src/test.c:180:16: let op: pointer targets in passing argument 1 of ‘verify_data’ differ in signedness [-Wpointer-sign]
    verify_data(data_to_transmit);
                ^~~~~~~~~~~~~~~~
../src/test.c:41:6: note: expected ‘uint8_t * {aka unsigned char *}’ but argument is of type ‘char *’
 void verify_data(uint8_t *data) {
      ^~~~~~~~~~~
../src/test.c:182:51: let op: pointer targets in passing argument 3 of ‘libusb_bulk_transfer’ differ in signedness [-Wpointer-sign]
    int res= libusb_bulk_transfer  ( handle, 0x01, data_to_transmit, 64, &transferred, 1000 )  ;
                                                   ^~~~~~~~~~~~~~~~
In file included from ../src/test.c:7:0:
/usr/include/libusb-1.0/libusb.h:1752:17: note: expected ‘unsigned char *’ but argument is of type ‘char *’
 int LIBUSB_CALL libusb_bulk_transfer(libusb_device_handle *dev_handle,
                 ^~~~~~~~~~~~~~~~~~~~
../src/test.c:193:44: let op: pointer targets in passing argument 3 of ‘libusb_bulk_transfer’ differ in signedness [-Wpointer-sign]
   res = libusb_bulk_transfer(handle, 0x01, data_to_transmit, 3, &transferred,
                                            ^~~~~~~~~~~~~~~~
In file included from ../src/test.c:7:0:
/usr/include/libusb-1.0/libusb.h:1752:17: note: expected ‘unsigned char *’ but argument is of type ‘char *’
 int LIBUSB_CALL libusb_bulk_transfer(libusb_device_handle *dev_handle,
                 ^~~~~~~~~~~~~~~~~~~~
../src/test.c:195:15: let op: pointer targets in passing argument 1 of ‘verify_data’ differ in signedness [-Wpointer-sign]
   verify_data(data_to_transmit);
               ^~~~~~~~~~~~~~~~
../src/test.c:41:6: note: expected ‘uint8_t * {aka unsigned char *}’ but argument is of type ‘char *’
 void verify_data(uint8_t *data) {
      ^~~~~~~~~~~
../src/test.c:199:46: let op: pointer targets in passing argument 3 of ‘libusb_bulk_transfer’ differ in signedness [-Wpointer-sign]
   res= libusb_bulk_transfer  ( handle, 0x01, data_to_transmit, 64, &transferred, 1000 )  ;
                                              ^~~~~~~~~~~~~~~~
In file included from ../src/test.c:7:0:
/usr/include/libusb-1.0/libusb.h:1752:17: note: expected ‘unsigned char *’ but argument is of type ‘char *’
 int LIBUSB_CALL libusb_bulk_transfer(libusb_device_handle *dev_handle,
                 ^~~~~~~~~~~~~~~~~~~~
../src/test.c:202:47: let op: pointer targets in passing argument 3 of ‘libusb_bulk_transfer’ differ in signedness [-Wpointer-sign]
    res= libusb_bulk_transfer  ( handle, 0x01, data_to_transmit, 64, &transferred, 1000 )  ;
                                               ^~~~~~~~~~~~~~~~
In file included from ../src/test.c:7:0:
/usr/include/libusb-1.0/libusb.h:1752:17: note: expected ‘unsigned char *’ but argument is of type ‘char *’
 int LIBUSB_CALL libusb_bulk_transfer(libusb_device_handle *dev_handle,
                 ^~~~~~~~~~~~~~~~~~~~
../src/test.c:204:47: let op: pointer targets in passing argument 3 of ‘libusb_bulk_transfer’ differ in signedness [-Wpointer-sign]
    res= libusb_bulk_transfer  ( handle, 0x81, data_to_transmit, 64, &transferred, 1000 )  ;
                                               ^~~~~~~~~~~~~~~~
In file included from ../src/test.c:7:0:
/usr/include/libusb-1.0/libusb.h:1752:17: note: expected ‘unsigned char *’ but argument is of type ‘char *’
 int LIBUSB_CALL libusb_bulk_transfer(libusb_device_handle *dev_handle,
                 ^~~~~~~~~~~~~~~~~~~~
../src/test.c:218:48: fout: invalid type argument of unary ‘*’ (have ‘int’)
     printf ( "%f ms  / %f fps\n" ,elapsedTime, *1000 / elapsedTime) * 75);
                                                ^~~~~
../src/test.c:218:73: fout: expected ‘;’ before ‘)’ token
     printf ( "%f ms  / %f fps\n" ,elapsedTime, *1000 / elapsedTime) * 75);
                                                                         ^
../src/test.c:218:73: fout: expected statement before ‘)’ token
../src/test.c:104:6: let op: unused variable ‘test’ [-Wunused-variable]
  int test = 0;
      ^~~~
../src/test.c:56:10: let op: unused variable ‘buffer’ [-Wunused-variable]
  uint8_t buffer[64]; /* 64 byte transfer buffer */
          ^~~~~~
../src/test.c:55:6: let op: unused variable ‘numBytes’ [-Wunused-variable]
  int numBytes = 0; /* Actual bytes transferred. */
      ^~~~~~~~
make: *** [src/subdir.mk:20: src/test.o] Fout 1
20:40:22 **** Incremental Build of configuration Debug for project USB_Test ****
make all 
Building file: ../src/test.c
Invoking: GCC C Compiler
gcc -I/usr/include/libusb-1.0/ -O0 -g3 -Wall -c -fmessage-length=0 -MMD -MP -MF"src/test.d" -MT"src/test.o" -o "src/test.o" "../src/test.c"
../src/test.c: In functie ‘main’:
../src/test.c:154:28: let op: pointer targets in initialization differ in signedness [-Wpointer-sign]
   uint8_t *bytes_of_data = (data_to_transmit + 4);
                            ^
../src/test.c:159:16: let op: pointer targets in passing argument 1 of ‘verify_data’ differ in signedness [-Wpointer-sign]
    verify_data(data_to_transmit);
                ^~~~~~~~~~~~~~~~
../src/test.c:41:6: note: expected ‘uint8_t * {aka unsigned char *}’ but argument is of type ‘char *’
 void verify_data(uint8_t *data) {
      ^~~~~~~~~~~
../src/test.c:161:49: let op: pointer targets in passing argument 3 of ‘libusb_bulk_transfer’ differ in signedness [-Wpointer-sign]
    int res = libusb_bulk_transfer(handle, 0x01, data_to_transmit, 64,
                                                 ^~~~~~~~~~~~~~~~
In file included from ../src/test.c:7:0:
/usr/include/libusb-1.0/libusb.h:1752:17: note: expected ‘unsigned char *’ but argument is of type ‘char *’
 int LIBUSB_CALL libusb_bulk_transfer(libusb_device_handle *dev_handle,
                 ^~~~~~~~~~~~~~~~~~~~
../src/test.c:180:16: let op: pointer targets in passing argument 1 of ‘verify_data’ differ in signedness [-Wpointer-sign]
    verify_data(data_to_transmit);
                ^~~~~~~~~~~~~~~~
../src/test.c:41:6: note: expected ‘uint8_t * {aka unsigned char *}’ but argument is of type ‘char *’
 void verify_data(uint8_t *data) {
      ^~~~~~~~~~~
../src/test.c:182:51: let op: pointer targets in passing argument 3 of ‘libusb_bulk_transfer’ differ in signedness [-Wpointer-sign]
    int res= libusb_bulk_transfer  ( handle, 0x01, data_to_transmit, 64, &transferred, 1000 )  ;
                                                   ^~~~~~~~~~~~~~~~
In file included from ../src/test.c:7:0:
/usr/include/libusb-1.0/libusb.h:1752:17: note: expected ‘unsigned char *’ but argument is of type ‘char *’
 int LIBUSB_CALL libusb_bulk_transfer(libusb_device_handle *dev_handle,
                 ^~~~~~~~~~~~~~~~~~~~
../src/test.c:193:44: let op: pointer targets in passing argument 3 of ‘libusb_bulk_transfer’ differ in signedness [-Wpointer-sign]
   res = libusb_bulk_transfer(handle, 0x01, data_to_transmit, 3, &transferred,
                                            ^~~~~~~~~~~~~~~~
In file included from ../src/test.c:7:0:
/usr/include/libusb-1.0/libusb.h:1752:17: note: expected ‘unsigned char *’ but argument is of type ‘char *’
 int LIBUSB_CALL libusb_bulk_transfer(libusb_device_handle *dev_handle,
                 ^~~~~~~~~~~~~~~~~~~~
../src/test.c:195:15: let op: pointer targets in passing argument 1 of ‘verify_data’ differ in signedness [-Wpointer-sign]
   verify_data(data_to_transmit);
               ^~~~~~~~~~~~~~~~
../src/test.c:41:6: note: expected ‘uint8_t * {aka unsigned char *}’ but argument is of type ‘char *’
 void verify_data(uint8_t *data) {
      ^~~~~~~~~~~
../src/test.c:199:46: let op: pointer targets in passing argument 3 of ‘libusb_bulk_transfer’ differ in signedness [-Wpointer-sign]
   res= libusb_bulk_transfer  ( handle, 0x01, data_to_transmit, 64, &transferred, 1000 )  ;
                                              ^~~~~~~~~~~~~~~~
In file included from ../src/test.c:7:0:
/usr/include/libusb-1.0/libusb.h:1752:17: note: expected ‘unsigned char *’ but argument is of type ‘char *’
 int LIBUSB_CALL libusb_bulk_transfer(libusb_device_handle *dev_handle,
                 ^~~~~~~~~~~~~~~~~~~~
../src/test.c:202:47: let op: pointer targets in passing argument 3 of ‘libusb_bulk_transfer’ differ in signedness [-Wpointer-sign]
    res= libusb_bulk_transfer  ( handle, 0x01, data_to_transmit, 64, &transferred, 1000 )  ;
                                               ^~~~~~~~~~~~~~~~
In file included from ../src/test.c:7:0:
/usr/include/libusb-1.0/libusb.h:1752:17: note: expected ‘unsigned char *’ but argument is of type ‘char *’
 int LIBUSB_CALL libusb_bulk_transfer(libusb_device_handle *dev_handle,
                 ^~~~~~~~~~~~~~~~~~~~
../src/test.c:204:47: let op: pointer targets in passing argument 3 of ‘libusb_bulk_transfer’ differ in signedness [-Wpointer-sign]
    res= libusb_bulk_transfer  ( handle, 0x81, data_to_transmit, 64, &transferred, 1000 )  ;
                                               ^~~~~~~~~~~~~~~~
In file included from ../src/test.c:7:0:
/usr/include/libusb-1.0/libusb.h:1752:17: note: expected ‘unsigned char *’ but argument is of type ‘char *’
 int LIBUSB_CALL libusb_bulk_transfer(libusb_device_handle *dev_handle,
                 ^~~~~~~~~~~~~~~~~~~~
../src/test.c:104:6: let op: unused variable ‘test’ [-Wunused-variable]
  int test = 0;
      ^~~~
../src/test.c:56:10: let op: unused variable ‘buffer’ [-Wunused-variable]
  uint8_t buffer[64]; /* 64 byte transfer buffer */
          ^~~~~~
../src/test.c:55:6: let op: unused variable ‘numBytes’ [-Wunused-variable]
  int numBytes = 0; /* Actual bytes transferred. */
      ^~~~~~~~
Finished building: ../src/test.c
 
Building target: USB_Test
Invoking: GCC C++ Linker
g++  -o "USB_Test"  ./src/test.o   -lusb-1.0
Finished building target: USB_Test
 
20:41:08 **** Incremental Build of configuration Debug for project USB_Test ****
make all 
Building file: ../src/test.c
Invoking: GCC C Compiler
gcc -I/usr/include/libusb-1.0/ -O0 -g3 -Wall -c -fmessage-length=0 -MMD -MP -MF"src/test.d" -MT"src/test.o" -o "src/test.o" "../src/test.c"
../src/test.c: In functie ‘main’:
../src/test.c:154:28: let op: pointer targets in initialization differ in signedness [-Wpointer-sign]
   uint8_t *bytes_of_data = (data_to_transmit + 4);
                            ^
../src/test.c:159:16: let op: pointer targets in passing argument 1 of ‘verify_data’ differ in signedness [-Wpointer-sign]
    verify_data(data_to_transmit);
                ^~~~~~~~~~~~~~~~
../src/test.c:41:6: note: expected ‘uint8_t * {aka unsigned char *}’ but argument is of type ‘char *’
 void verify_data(uint8_t *data) {
      ^~~~~~~~~~~
../src/test.c:161:49: let op: pointer targets in passing argument 3 of ‘libusb_bulk_transfer’ differ in signedness [-Wpointer-sign]
    int res = libusb_bulk_transfer(handle, 0x01, data_to_transmit, 64,
                                                 ^~~~~~~~~~~~~~~~
In file included from ../src/test.c:7:0:
/usr/include/libusb-1.0/libusb.h:1752:17: note: expected ‘unsigned char *’ but argument is of type ‘char *’
 int LIBUSB_CALL libusb_bulk_transfer(libusb_device_handle *dev_handle,
                 ^~~~~~~~~~~~~~~~~~~~
../src/test.c:180:16: let op: pointer targets in passing argument 1 of ‘verify_data’ differ in signedness [-Wpointer-sign]
    verify_data(data_to_transmit);
                ^~~~~~~~~~~~~~~~
../src/test.c:41:6: note: expected ‘uint8_t * {aka unsigned char *}’ but argument is of type ‘char *’
 void verify_data(uint8_t *data) {
      ^~~~~~~~~~~
../src/test.c:182:51: let op: pointer targets in passing argument 3 of ‘libusb_bulk_transfer’ differ in signedness [-Wpointer-sign]
    int res= libusb_bulk_transfer  ( handle, 0x01, data_to_transmit, 64, &transferred, 1000 )  ;
                                                   ^~~~~~~~~~~~~~~~
In file included from ../src/test.c:7:0:
/usr/include/libusb-1.0/libusb.h:1752:17: note: expected ‘unsigned char *’ but argument is of type ‘char *’
 int LIBUSB_CALL libusb_bulk_transfer(libusb_device_handle *dev_handle,
                 ^~~~~~~~~~~~~~~~~~~~
../src/test.c:193:44: let op: pointer targets in passing argument 3 of ‘libusb_bulk_transfer’ differ in signedness [-Wpointer-sign]
   res = libusb_bulk_transfer(handle, 0x01, data_to_transmit, 3, &transferred,
                                            ^~~~~~~~~~~~~~~~
In file included from ../src/test.c:7:0:
/usr/include/libusb-1.0/libusb.h:1752:17: note: expected ‘unsigned char *’ but argument is of type ‘char *’
 int LIBUSB_CALL libusb_bulk_transfer(libusb_device_handle *dev_handle,
                 ^~~~~~~~~~~~~~~~~~~~
../src/test.c:195:15: let op: pointer targets in passing argument 1 of ‘verify_data’ differ in signedness [-Wpointer-sign]
   verify_data(data_to_transmit);
               ^~~~~~~~~~~~~~~~
../src/test.c:41:6: note: expected ‘uint8_t * {aka unsigned char *}’ but argument is of type ‘char *’
 void verify_data(uint8_t *data) {
      ^~~~~~~~~~~
../src/test.c:199:46: let op: pointer targets in passing argument 3 of ‘libusb_bulk_transfer’ differ in signedness [-Wpointer-sign]
   res= libusb_bulk_transfer  ( handle, 0x01, data_to_transmit, 64, &transferred, 1000 )  ;
                                              ^~~~~~~~~~~~~~~~
In file included from ../src/test.c:7:0:
/usr/include/libusb-1.0/libusb.h:1752:17: note: expected ‘unsigned char *’ but argument is of type ‘char *’
 int LIBUSB_CALL libusb_bulk_transfer(libusb_device_handle *dev_handle,
                 ^~~~~~~~~~~~~~~~~~~~
../src/test.c:202:47: let op: pointer targets in passing argument 3 of ‘libusb_bulk_transfer’ differ in signedness [-Wpointer-sign]
    res= libusb_bulk_transfer  ( handle, 0x01, data_to_transmit, 64, &transferred, 1000 )  ;
                                               ^~~~~~~~~~~~~~~~
In file included from ../src/test.c:7:0:
/usr/include/libusb-1.0/libusb.h:1752:17: note: expected ‘unsigned char *’ but argument is of type ‘char *’
 int LIBUSB_CALL libusb_bulk_transfer(libusb_device_handle *dev_handle,
                 ^~~~~~~~~~~~~~~~~~~~
../src/test.c:204:47: let op: pointer targets in passing argument 3 of ‘libusb_bulk_transfer’ differ in signedness [-Wpointer-sign]
    res= libusb_bulk_transfer  ( handle, 0x81, data_to_transmit, 64, &transferred, 1000 )  ;
                                               ^~~~~~~~~~~~~~~~
In file included from ../src/test.c:7:0:
/usr/include/libusb-1.0/libusb.h:1752:17: note: expected ‘unsigned char *’ but argument is of type ‘char *’
 int LIBUSB_CALL libusb_bulk_transfer(libusb_device_handle *dev_handle,
                 ^~~~~~~~~~~~~~~~~~~~
../src/test.c:104:6: let op: unused variable ‘test’ [-Wunused-variable]
  int test = 0;
      ^~~~
../src/test.c:56:10: let op: unused variable ‘buffer’ [-Wunused-variable]
  uint8_t buffer[64]; /* 64 byte transfer buffer */
          ^~~~~~
../src/test.c:55:6: let op: unused variable ‘numBytes’ [-Wunused-variable]
  int numBytes = 0; /* Actual bytes transferred. */
      ^~~~~~~~
Finished building: ../src/test.c
 
Building target: USB_Test
Invoking: GCC C++ Linker
g++  -o "USB_Test"  ./src/test.o   -lusb-1.0
Finished building target: USB_Test
 
20:41:17 **** Incremental Build of configuration Debug for project USB_Test ****
make all 
make: Er hoeft niets gedaan te worden voor 'all'.
20:41:21 **** Incremental Build of configuration Debug for project USB_Test ****
make all 
make: Er hoeft niets gedaan te worden voor 'all'.
20:41:23 **** Incremental Build of configuration Debug for project USB_Test ****
make all 
make: Er hoeft niets gedaan te worden voor 'all'.
20:41:26 **** Incremental Build of configuration Debug for project USB_Test ****
make all 
make: Er hoeft niets gedaan te worden voor 'all'.
20:41:29 **** Incremental Build of configuration Debug for project USB_Test ****
make all 
make: Er hoeft niets gedaan te worden voor 'all'.
20:41:32 **** Incremental Build of configuration Debug for project USB_Test ****
make all 
make: Er hoeft niets gedaan te worden voor 'all'.
20:41:35 **** Incremental Build of configuration Debug for project USB_Test ****
make all 
make: Er hoeft niets gedaan te worden voor 'all'.
20:41:38 **** Incremental Build of configuration Debug for project USB_Test ****
make all 
make: Er hoeft niets gedaan te worden voor 'all'.
20:41:40 **** Incremental Build of configuration Debug for project USB_Test ****
make all 
make: Er hoeft niets gedaan te worden voor 'all'.
20:41:42 **** Incremental Build of configuration Debug for project USB_Test ****
make all 
make: Er hoeft niets gedaan te worden voor 'all'.
20:41:44 **** Incremental Build of configuration Debug for project USB_Test ****
make all 
make: Er hoeft niets gedaan te worden voor 'all'.
20:41:46 **** Incremental Build of configuration Debug for project USB_Test ****
make all 
make: Er hoeft niets gedaan te worden voor 'all'.
20:41:48 **** Incremental Build of configuration Debug for project USB_Test ****
make all 
make: Er hoeft niets gedaan te worden voor 'all'.
