21:44:19 **** Incremental Build of configuration Debug for project LED_Controller_STM ****
make all 
Building file: ../src/main.c
Invoking: Cross ARM C Compiler
arm-none-eabi-gcc -mcpu=cortex-m3 -mthumb -O0 -fmessage-length=0 -fsigned-char -ffunction-sections -fdata-sections  -g3 -DSTM32F103xB -I"/home/andre/eclipse/LEDcontroller/_SDK/STM32Cube_FW_F1_V1.4.0/Drivers/CMSIS/Device/ST/STM32F1xx/Include" -I"/home/andre/eclipse/LEDcontroller/_SDK/STM32Cube_FW_F1_V1.4.0/Drivers/CMSIS/Include" -I"/home/andre/eclipse/LEDcontroller/_SDK/STM32Cube_FW_F1_V1.4.0/Drivers/STM32F1xx_HAL_Driver/Inc" -I"/home/andre/eclipse/LEDcontroller/_SDK/STM32Cube_FW_F1_V1.4.0/Drivers/STM32F1xx_HAL_Driver/Inc/Legacy" -I"/home/andre/eclipse/LEDcontroller/_SDK/STM32Cube_FW_F1_V1.4.0/Middlewares/ST/STM32_USB_Device_Library/Core/Inc" -I"/home/andre/eclipse/LEDcontroller/LED_Controller_STM/USB_Class_LED/Inc" -I"/home/andre/eclipse/LEDcontroller/LED_Controller_STM/inc" -I"/home/andre/eclipse/LEDcontroller/LED_Controller_STM/cfg" -I"/home/andre/eclipse/LEDcontroller/_Common/STM32/inc" -std=gnu11 -MMD -MP -MF"src/main.d" -MT"src/main.o" -c -o "src/main.o" "../src/main.c"
Finished building: ../src/main.c
 
Building target: LED_Controller_STM.elf
Invoking: Cross ARM C Linker
arm-none-eabi-gcc -mcpu=cortex-m3 -mthumb -O0 -fmessage-length=0 -fsigned-char -ffunction-sections -fdata-sections  -g3 -T "/home/andre/eclipse/LEDcontroller/_Common/STM32/ld/STM32F103C8_FLASH.ld" -Xlinker --gc-sections -Wl,-Map,"LED_Controller_STM.map" -o "LED_Controller_STM.elf"  ./system/startup_stm32f103xb.o ./system/system_stm32f1xx.o  ./src/main.o ./src/pwmdma.o ./src/stm32f1xx_it.o ./src/usbd_conf.o ./src/usbd_desc.o  ./sdk/stm32f1xx_hal.o ./sdk/stm32f1xx_hal_adc.o ./sdk/stm32f1xx_hal_adc_ex.o ./sdk/stm32f1xx_hal_can.o ./sdk/stm32f1xx_hal_cec.o ./sdk/stm32f1xx_hal_cortex.o ./sdk/stm32f1xx_hal_crc.o ./sdk/stm32f1xx_hal_dac.o ./sdk/stm32f1xx_hal_dac_ex.o ./sdk/stm32f1xx_hal_dma.o ./sdk/stm32f1xx_hal_eth.o ./sdk/stm32f1xx_hal_flash.o ./sdk/stm32f1xx_hal_flash_ex.o ./sdk/stm32f1xx_hal_gpio.o ./sdk/stm32f1xx_hal_gpio_ex.o ./sdk/stm32f1xx_hal_hcd.o ./sdk/stm32f1xx_hal_i2c.o ./sdk/stm32f1xx_hal_i2s.o ./sdk/stm32f1xx_hal_irda.o ./sdk/stm32f1xx_hal_iwdg.o ./sdk/stm32f1xx_hal_msp_template.o ./sdk/stm32f1xx_hal_nand.o ./sdk/stm32f1xx_hal_nor.o ./sdk/stm32f1xx_hal_pccard.o ./sdk/stm32f1xx_hal_pcd.o ./sdk/stm32f1xx_hal_pcd_ex.o ./sdk/stm32f1xx_hal_pwr.o ./sdk/stm32f1xx_hal_rcc.o ./sdk/stm32f1xx_hal_rcc_ex.o ./sdk/stm32f1xx_hal_rtc.o ./sdk/stm32f1xx_hal_rtc_ex.o ./sdk/stm32f1xx_hal_sd.o ./sdk/stm32f1xx_hal_smartcard.o ./sdk/stm32f1xx_hal_spi.o ./sdk/stm32f1xx_hal_spi_ex.o ./sdk/stm32f1xx_hal_sram.o ./sdk/stm32f1xx_hal_tim.o ./sdk/stm32f1xx_hal_tim_ex.o ./sdk/stm32f1xx_hal_uart.o ./sdk/stm32f1xx_hal_usart.o ./sdk/stm32f1xx_hal_wwdg.o ./sdk/stm32f1xx_ll_fsmc.o ./sdk/stm32f1xx_ll_sdmmc.o ./sdk/stm32f1xx_ll_usb.o ./sdk/usbd_core.o ./sdk/usbd_ctlreq.o ./sdk/usbd_ioreq.o  ./USB_Class_LED/Src/usbd_led.o  ./STM32_Common/stm32_common.o   
Finished building target: LED_Controller_STM.elf
 
Invoking: Cross ARM GNU Create Flash Image
arm-none-eabi-objcopy -O ihex "LED_Controller_STM.elf"  "LED_Controller_STM.hex"
Finished building: LED_Controller_STM.hex
 
Invoking: Cross ARM GNU Print Size
arm-none-eabi-size --format=berkeley "LED_Controller_STM.elf"
   text	   data	    bss	    dec	    hex	filename
  18876	   1084	  15976	  35936	   8c60	LED_Controller_STM.elf
Finished building: LED_Controller_STM.siz
 

21:44:20 Build Finished (took 378ms)

